ARM GAS  C:\Users\LAIR\AppData\Local\Temp\ccScEJVN.s 			page 1


   1              		.cpu cortex-m0
   2              		.fpu softvfp
   3              		.eabi_attribute 20, 1
   4              		.eabi_attribute 21, 1
   5              		.eabi_attribute 23, 3
   6              		.eabi_attribute 24, 1
   7              		.eabi_attribute 25, 1
   8              		.eabi_attribute 26, 1
   9              		.eabi_attribute 30, 1
  10              		.eabi_attribute 34, 0
  11              		.eabi_attribute 18, 4
  12              		.code	16
  13              		.file	"IDAC1_PM.c"
  14              		.text
  15              	.Ltext0:
  16              		.cfi_sections	.debug_frame
  17              		.section	.text.IDAC1_SaveConfig,"ax",%progbits
  18              		.align	2
  19              		.global	IDAC1_SaveConfig
  20              		.code	16
  21              		.thumb_func
  22              		.type	IDAC1_SaveConfig, %function
  23              	IDAC1_SaveConfig:
  24              	.LFB1:
  25              		.file 1 ".\\Generated_Source\\PSoC4\\IDAC1_PM.c"
   1:.\Generated_Source\PSoC4/IDAC1_PM.c **** /*******************************************************************************
   2:.\Generated_Source\PSoC4/IDAC1_PM.c **** * File Name: IDAC1_PM.c
   3:.\Generated_Source\PSoC4/IDAC1_PM.c **** * Version 1.10
   4:.\Generated_Source\PSoC4/IDAC1_PM.c **** *
   5:.\Generated_Source\PSoC4/IDAC1_PM.c **** * Description:
   6:.\Generated_Source\PSoC4/IDAC1_PM.c **** *  This file provides Low power mode APIs for IDAC_P4 component.
   7:.\Generated_Source\PSoC4/IDAC1_PM.c **** *
   8:.\Generated_Source\PSoC4/IDAC1_PM.c **** ********************************************************************************
   9:.\Generated_Source\PSoC4/IDAC1_PM.c **** * Copyright 2013-2015, Cypress Semiconductor Corporation.  All rights reserved.
  10:.\Generated_Source\PSoC4/IDAC1_PM.c **** * You may use this file only in accordance with the license, terms, conditions,
  11:.\Generated_Source\PSoC4/IDAC1_PM.c **** * disclaimers, and limitations in the end user license agreement accompanying
  12:.\Generated_Source\PSoC4/IDAC1_PM.c **** * the software package with which this file was provided.
  13:.\Generated_Source\PSoC4/IDAC1_PM.c **** *******************************************************************************/
  14:.\Generated_Source\PSoC4/IDAC1_PM.c **** 
  15:.\Generated_Source\PSoC4/IDAC1_PM.c **** #include "IDAC1.h"
  16:.\Generated_Source\PSoC4/IDAC1_PM.c **** 
  17:.\Generated_Source\PSoC4/IDAC1_PM.c **** 
  18:.\Generated_Source\PSoC4/IDAC1_PM.c **** static IDAC1_BACKUP_STRUCT IDAC1_backup;
  19:.\Generated_Source\PSoC4/IDAC1_PM.c **** 
  20:.\Generated_Source\PSoC4/IDAC1_PM.c **** 
  21:.\Generated_Source\PSoC4/IDAC1_PM.c **** /*******************************************************************************
  22:.\Generated_Source\PSoC4/IDAC1_PM.c **** * Function Name: IDAC1_SaveConfig
  23:.\Generated_Source\PSoC4/IDAC1_PM.c **** ********************************************************************************
  24:.\Generated_Source\PSoC4/IDAC1_PM.c **** *
  25:.\Generated_Source\PSoC4/IDAC1_PM.c **** * Summary:
  26:.\Generated_Source\PSoC4/IDAC1_PM.c **** *  Saves component state before sleep
  27:.\Generated_Source\PSoC4/IDAC1_PM.c **** * Parameters:
  28:.\Generated_Source\PSoC4/IDAC1_PM.c **** *  None
  29:.\Generated_Source\PSoC4/IDAC1_PM.c **** *
  30:.\Generated_Source\PSoC4/IDAC1_PM.c **** * Return:
  31:.\Generated_Source\PSoC4/IDAC1_PM.c **** *  None
  32:.\Generated_Source\PSoC4/IDAC1_PM.c **** *
ARM GAS  C:\Users\LAIR\AppData\Local\Temp\ccScEJVN.s 			page 2


  33:.\Generated_Source\PSoC4/IDAC1_PM.c **** * Global Variables:
  34:.\Generated_Source\PSoC4/IDAC1_PM.c **** *  None
  35:.\Generated_Source\PSoC4/IDAC1_PM.c **** *
  36:.\Generated_Source\PSoC4/IDAC1_PM.c **** *******************************************************************************/
  37:.\Generated_Source\PSoC4/IDAC1_PM.c **** void IDAC1_SaveConfig(void)
  38:.\Generated_Source\PSoC4/IDAC1_PM.c **** {
  26              		.loc 1 38 0
  27              		.cfi_startproc
  39:.\Generated_Source\PSoC4/IDAC1_PM.c ****     /* All registers are retention - nothing to save */
  40:.\Generated_Source\PSoC4/IDAC1_PM.c **** }
  28              		.loc 1 40 0
  29              		@ sp needed
  30 0000 7047     		bx	lr
  31              		.cfi_endproc
  32              	.LFE1:
  33              		.size	IDAC1_SaveConfig, .-IDAC1_SaveConfig
  34 0002 C046     		.section	.text.IDAC1_Sleep,"ax",%progbits
  35              		.align	2
  36              		.global	IDAC1_Sleep
  37              		.code	16
  38              		.thumb_func
  39              		.type	IDAC1_Sleep, %function
  40              	IDAC1_Sleep:
  41              	.LFB2:
  41:.\Generated_Source\PSoC4/IDAC1_PM.c **** 
  42:.\Generated_Source\PSoC4/IDAC1_PM.c **** 
  43:.\Generated_Source\PSoC4/IDAC1_PM.c **** /*******************************************************************************
  44:.\Generated_Source\PSoC4/IDAC1_PM.c **** * Function Name: IDAC1_Sleep
  45:.\Generated_Source\PSoC4/IDAC1_PM.c **** ********************************************************************************
  46:.\Generated_Source\PSoC4/IDAC1_PM.c **** *
  47:.\Generated_Source\PSoC4/IDAC1_PM.c **** * Summary:
  48:.\Generated_Source\PSoC4/IDAC1_PM.c **** *  Calls _SaveConfig() function
  49:.\Generated_Source\PSoC4/IDAC1_PM.c **** * Parameters:
  50:.\Generated_Source\PSoC4/IDAC1_PM.c **** *  None
  51:.\Generated_Source\PSoC4/IDAC1_PM.c **** *
  52:.\Generated_Source\PSoC4/IDAC1_PM.c **** * Return:
  53:.\Generated_Source\PSoC4/IDAC1_PM.c **** *  None
  54:.\Generated_Source\PSoC4/IDAC1_PM.c **** *
  55:.\Generated_Source\PSoC4/IDAC1_PM.c **** *******************************************************************************/
  56:.\Generated_Source\PSoC4/IDAC1_PM.c **** void IDAC1_Sleep(void)
  57:.\Generated_Source\PSoC4/IDAC1_PM.c **** {
  42              		.loc 1 57 0
  43              		.cfi_startproc
  44 0000 08B5     		push	{r3, lr}
  45              		.cfi_def_cfa_offset 8
  46              		.cfi_offset 3, -8
  47              		.cfi_offset 14, -4
  58:.\Generated_Source\PSoC4/IDAC1_PM.c ****         if(0u != (IDAC1_IDAC_CONTROL_REG & ((uint32)IDAC1_IDAC_MODE_MASK <<
  48              		.loc 1 58 0
  49 0002 084B     		ldr	r3, .L5
  50 0004 1A68     		ldr	r2, [r3]
  51 0006 C023     		mov	r3, #192
  52 0008 9B00     		lsl	r3, r3, #2
  53 000a 1A42     		tst	r2, r3
  54 000c 03D0     		beq	.L3
  59:.\Generated_Source\PSoC4/IDAC1_PM.c ****         IDAC1_IDAC_MODE_POSITION)))
  60:.\Generated_Source\PSoC4/IDAC1_PM.c ****         {
ARM GAS  C:\Users\LAIR\AppData\Local\Temp\ccScEJVN.s 			page 3


  61:.\Generated_Source\PSoC4/IDAC1_PM.c ****             IDAC1_backup.enableState = 1u;
  55              		.loc 1 61 0
  56 000e 0122     		mov	r2, #1
  57 0010 054B     		ldr	r3, .L5+4
  58 0012 1A70     		strb	r2, [r3]
  59 0014 02E0     		b	.L4
  60              	.L3:
  62:.\Generated_Source\PSoC4/IDAC1_PM.c ****         }
  63:.\Generated_Source\PSoC4/IDAC1_PM.c ****         else
  64:.\Generated_Source\PSoC4/IDAC1_PM.c ****         {
  65:.\Generated_Source\PSoC4/IDAC1_PM.c ****             IDAC1_backup.enableState = 0u;
  61              		.loc 1 65 0
  62 0016 0022     		mov	r2, #0
  63 0018 034B     		ldr	r3, .L5+4
  64 001a 1A70     		strb	r2, [r3]
  65              	.L4:
  66:.\Generated_Source\PSoC4/IDAC1_PM.c ****         }
  67:.\Generated_Source\PSoC4/IDAC1_PM.c **** 
  68:.\Generated_Source\PSoC4/IDAC1_PM.c ****     IDAC1_Stop();
  66              		.loc 1 68 0
  67 001c FFF7FEFF 		bl	IDAC1_Stop
  68              	.LVL0:
  69:.\Generated_Source\PSoC4/IDAC1_PM.c ****     IDAC1_SaveConfig();
  70:.\Generated_Source\PSoC4/IDAC1_PM.c **** }
  69              		.loc 1 70 0
  70              		@ sp needed
  71 0020 08BD     		pop	{r3, pc}
  72              	.L6:
  73 0022 C046     		.align	2
  74              	.L5:
  75 0024 08002940 		.word	1076428808
  76 0028 00000000 		.word	.LANCHOR0
  77              		.cfi_endproc
  78              	.LFE2:
  79              		.size	IDAC1_Sleep, .-IDAC1_Sleep
  80              		.section	.text.IDAC1_RestoreConfig,"ax",%progbits
  81              		.align	2
  82              		.global	IDAC1_RestoreConfig
  83              		.code	16
  84              		.thumb_func
  85              		.type	IDAC1_RestoreConfig, %function
  86              	IDAC1_RestoreConfig:
  87              	.LFB3:
  71:.\Generated_Source\PSoC4/IDAC1_PM.c **** 
  72:.\Generated_Source\PSoC4/IDAC1_PM.c **** 
  73:.\Generated_Source\PSoC4/IDAC1_PM.c **** /*******************************************************************************
  74:.\Generated_Source\PSoC4/IDAC1_PM.c **** * Function Name: IDAC1_RestoreConfig
  75:.\Generated_Source\PSoC4/IDAC1_PM.c **** ********************************************************************************
  76:.\Generated_Source\PSoC4/IDAC1_PM.c **** *
  77:.\Generated_Source\PSoC4/IDAC1_PM.c **** * Summary:
  78:.\Generated_Source\PSoC4/IDAC1_PM.c **** *  Restores component state after wakeup
  79:.\Generated_Source\PSoC4/IDAC1_PM.c **** * Parameters:
  80:.\Generated_Source\PSoC4/IDAC1_PM.c **** *  None
  81:.\Generated_Source\PSoC4/IDAC1_PM.c **** *
  82:.\Generated_Source\PSoC4/IDAC1_PM.c **** * Return:
  83:.\Generated_Source\PSoC4/IDAC1_PM.c **** *  None
  84:.\Generated_Source\PSoC4/IDAC1_PM.c **** *
ARM GAS  C:\Users\LAIR\AppData\Local\Temp\ccScEJVN.s 			page 4


  85:.\Generated_Source\PSoC4/IDAC1_PM.c **** * Global Variables:
  86:.\Generated_Source\PSoC4/IDAC1_PM.c **** *  None
  87:.\Generated_Source\PSoC4/IDAC1_PM.c **** *
  88:.\Generated_Source\PSoC4/IDAC1_PM.c **** *******************************************************************************/
  89:.\Generated_Source\PSoC4/IDAC1_PM.c **** void IDAC1_RestoreConfig(void)
  90:.\Generated_Source\PSoC4/IDAC1_PM.c **** {
  88              		.loc 1 90 0
  89              		.cfi_startproc
  91:.\Generated_Source\PSoC4/IDAC1_PM.c ****     /* All registers are retention - nothing to save */
  92:.\Generated_Source\PSoC4/IDAC1_PM.c **** }
  90              		.loc 1 92 0
  91              		@ sp needed
  92 0000 7047     		bx	lr
  93              		.cfi_endproc
  94              	.LFE3:
  95              		.size	IDAC1_RestoreConfig, .-IDAC1_RestoreConfig
  96 0002 C046     		.section	.text.IDAC1_Wakeup,"ax",%progbits
  97              		.align	2
  98              		.global	IDAC1_Wakeup
  99              		.code	16
 100              		.thumb_func
 101              		.type	IDAC1_Wakeup, %function
 102              	IDAC1_Wakeup:
 103              	.LFB4:
  93:.\Generated_Source\PSoC4/IDAC1_PM.c **** 
  94:.\Generated_Source\PSoC4/IDAC1_PM.c **** 
  95:.\Generated_Source\PSoC4/IDAC1_PM.c **** /*******************************************************************************
  96:.\Generated_Source\PSoC4/IDAC1_PM.c **** * Function Name: IDAC1_Wakeup
  97:.\Generated_Source\PSoC4/IDAC1_PM.c **** ********************************************************************************
  98:.\Generated_Source\PSoC4/IDAC1_PM.c **** *
  99:.\Generated_Source\PSoC4/IDAC1_PM.c **** * Summary:
 100:.\Generated_Source\PSoC4/IDAC1_PM.c **** *  Calls _RestoreConfig() function
 101:.\Generated_Source\PSoC4/IDAC1_PM.c **** * Parameters:
 102:.\Generated_Source\PSoC4/IDAC1_PM.c **** *  None
 103:.\Generated_Source\PSoC4/IDAC1_PM.c **** *
 104:.\Generated_Source\PSoC4/IDAC1_PM.c **** * Return:
 105:.\Generated_Source\PSoC4/IDAC1_PM.c **** *  None
 106:.\Generated_Source\PSoC4/IDAC1_PM.c **** *
 107:.\Generated_Source\PSoC4/IDAC1_PM.c **** *******************************************************************************/
 108:.\Generated_Source\PSoC4/IDAC1_PM.c **** void IDAC1_Wakeup(void)
 109:.\Generated_Source\PSoC4/IDAC1_PM.c **** {
 104              		.loc 1 109 0
 105              		.cfi_startproc
 106 0000 08B5     		push	{r3, lr}
 107              		.cfi_def_cfa_offset 8
 108              		.cfi_offset 3, -8
 109              		.cfi_offset 14, -4
 110:.\Generated_Source\PSoC4/IDAC1_PM.c ****     /* Restore IDAC register settings */
 111:.\Generated_Source\PSoC4/IDAC1_PM.c ****     IDAC1_RestoreConfig();
 112:.\Generated_Source\PSoC4/IDAC1_PM.c ****     if(IDAC1_backup.enableState == 1u)
 110              		.loc 1 112 0
 111 0002 034B     		ldr	r3, .L10
 112 0004 1B78     		ldrb	r3, [r3]
 113 0006 012B     		cmp	r3, #1
 114 0008 01D1     		bne	.L8
 113:.\Generated_Source\PSoC4/IDAC1_PM.c ****     {
 114:.\Generated_Source\PSoC4/IDAC1_PM.c ****         /* Enable operation */
ARM GAS  C:\Users\LAIR\AppData\Local\Temp\ccScEJVN.s 			page 5


 115:.\Generated_Source\PSoC4/IDAC1_PM.c ****         IDAC1_Enable();
 115              		.loc 1 115 0
 116 000a FFF7FEFF 		bl	IDAC1_Enable
 117              	.LVL1:
 118              	.L8:
 116:.\Generated_Source\PSoC4/IDAC1_PM.c ****     } /* Do nothing if the component was disabled before */
 117:.\Generated_Source\PSoC4/IDAC1_PM.c **** 
 118:.\Generated_Source\PSoC4/IDAC1_PM.c **** }
 119              		.loc 1 118 0
 120              		@ sp needed
 121 000e 08BD     		pop	{r3, pc}
 122              	.L11:
 123              		.align	2
 124              	.L10:
 125 0010 00000000 		.word	.LANCHOR0
 126              		.cfi_endproc
 127              	.LFE4:
 128              		.size	IDAC1_Wakeup, .-IDAC1_Wakeup
 129              		.bss
 130              		.align	2
 131              		.set	.LANCHOR0,. + 0
 132              		.type	IDAC1_backup, %object
 133              		.size	IDAC1_backup, 1
 134              	IDAC1_backup:
 135 0000 00       		.space	1
 136 0001 000000   		.text
 137              	.Letext0:
 138              		.file 2 ".\\Generated_Source\\PSoC4\\cytypes.h"
 139              		.file 3 ".\\Generated_Source\\PSoC4\\IDAC1.h"
 140              		.section	.debug_info,"",%progbits
 141              	.Ldebug_info0:
 142 0000 4C010000 		.4byte	0x14c
 143 0004 0400     		.2byte	0x4
 144 0006 00000000 		.4byte	.Ldebug_abbrev0
 145 000a 04       		.byte	0x4
 146 000b 01       		.uleb128 0x1
 147 000c 81010000 		.4byte	.LASF23
 148 0010 01       		.byte	0x1
 149 0011 A3000000 		.4byte	.LASF24
 150 0015 28010000 		.4byte	.LASF25
 151 0019 00000000 		.4byte	.Ldebug_ranges0+0
 152 001d 00000000 		.4byte	0
 153 0021 00000000 		.4byte	.Ldebug_line0
 154 0025 02       		.uleb128 0x2
 155 0026 01       		.byte	0x1
 156 0027 06       		.byte	0x6
 157 0028 11010000 		.4byte	.LASF0
 158 002c 02       		.uleb128 0x2
 159 002d 01       		.byte	0x1
 160 002e 08       		.byte	0x8
 161 002f 90000000 		.4byte	.LASF1
 162 0033 02       		.uleb128 0x2
 163 0034 02       		.byte	0x2
 164 0035 05       		.byte	0x5
 165 0036 0F020000 		.4byte	.LASF2
 166 003a 02       		.uleb128 0x2
 167 003b 02       		.byte	0x2
ARM GAS  C:\Users\LAIR\AppData\Local\Temp\ccScEJVN.s 			page 6


 168 003c 07       		.byte	0x7
 169 003d FE000000 		.4byte	.LASF3
 170 0041 02       		.uleb128 0x2
 171 0042 04       		.byte	0x4
 172 0043 05       		.byte	0x5
 173 0044 C7000000 		.4byte	.LASF4
 174 0048 02       		.uleb128 0x2
 175 0049 04       		.byte	0x4
 176 004a 07       		.byte	0x7
 177 004b 54000000 		.4byte	.LASF5
 178 004f 02       		.uleb128 0x2
 179 0050 08       		.byte	0x8
 180 0051 05       		.byte	0x5
 181 0052 00000000 		.4byte	.LASF6
 182 0056 02       		.uleb128 0x2
 183 0057 08       		.byte	0x8
 184 0058 07       		.byte	0x7
 185 0059 66000000 		.4byte	.LASF7
 186 005d 03       		.uleb128 0x3
 187 005e 04       		.byte	0x4
 188 005f 05       		.byte	0x5
 189 0060 696E7400 		.ascii	"int\000"
 190 0064 02       		.uleb128 0x2
 191 0065 04       		.byte	0x4
 192 0066 07       		.byte	0x7
 193 0067 21000000 		.4byte	.LASF8
 194 006b 04       		.uleb128 0x4
 195 006c 4E000000 		.4byte	.LASF9
 196 0070 02       		.byte	0x2
 197 0071 9801     		.2byte	0x198
 198 0073 2C000000 		.4byte	0x2c
 199 0077 04       		.uleb128 0x4
 200 0078 0E000000 		.4byte	.LASF10
 201 007c 02       		.byte	0x2
 202 007d 9A01     		.2byte	0x19a
 203 007f 48000000 		.4byte	0x48
 204 0083 02       		.uleb128 0x2
 205 0084 04       		.byte	0x4
 206 0085 04       		.byte	0x4
 207 0086 7D000000 		.4byte	.LASF11
 208 008a 02       		.uleb128 0x2
 209 008b 08       		.byte	0x8
 210 008c 04       		.byte	0x4
 211 008d E4000000 		.4byte	.LASF12
 212 0091 02       		.uleb128 0x2
 213 0092 01       		.byte	0x1
 214 0093 08       		.byte	0x8
 215 0094 9E000000 		.4byte	.LASF13
 216 0098 04       		.uleb128 0x4
 217 0099 F8000000 		.4byte	.LASF14
 218 009d 02       		.byte	0x2
 219 009e 4402     		.2byte	0x244
 220 00a0 A4000000 		.4byte	0xa4
 221 00a4 05       		.uleb128 0x5
 222 00a5 77000000 		.4byte	0x77
 223 00a9 02       		.uleb128 0x2
 224 00aa 04       		.byte	0x4
ARM GAS  C:\Users\LAIR\AppData\Local\Temp\ccScEJVN.s 			page 7


 225 00ab 07       		.byte	0x7
 226 00ac 26020000 		.4byte	.LASF15
 227 00b0 06       		.uleb128 0x6
 228 00b1 01       		.byte	0x1
 229 00b2 03       		.byte	0x3
 230 00b3 1D       		.byte	0x1d
 231 00b4 C5000000 		.4byte	0xc5
 232 00b8 07       		.uleb128 0x7
 233 00b9 15000000 		.4byte	.LASF26
 234 00bd 03       		.byte	0x3
 235 00be 1F       		.byte	0x1f
 236 00bf 6B000000 		.4byte	0x6b
 237 00c3 00       		.byte	0
 238 00c4 00       		.byte	0
 239 00c5 08       		.uleb128 0x8
 240 00c6 D0000000 		.4byte	.LASF16
 241 00ca 03       		.byte	0x3
 242 00cb 20       		.byte	0x20
 243 00cc B0000000 		.4byte	0xb0
 244 00d0 09       		.uleb128 0x9
 245 00d1 70010000 		.4byte	.LASF17
 246 00d5 01       		.byte	0x1
 247 00d6 25       		.byte	0x25
 248 00d7 00000000 		.4byte	.LFB1
 249 00db 02000000 		.4byte	.LFE1-.LFB1
 250 00df 01       		.uleb128 0x1
 251 00e0 9C       		.byte	0x9c
 252 00e1 0A       		.uleb128 0xa
 253 00e2 2E000000 		.4byte	.LASF19
 254 00e6 01       		.byte	0x1
 255 00e7 38       		.byte	0x38
 256 00e8 00000000 		.4byte	.LFB2
 257 00ec 2C000000 		.4byte	.LFE2-.LFB2
 258 00f0 01       		.uleb128 0x1
 259 00f1 9C       		.byte	0x9c
 260 00f2 00010000 		.4byte	0x100
 261 00f6 0B       		.uleb128 0xb
 262 00f7 20000000 		.4byte	.LVL0
 263 00fb 41010000 		.4byte	0x141
 264 00ff 00       		.byte	0
 265 0100 09       		.uleb128 0x9
 266 0101 3A000000 		.4byte	.LASF18
 267 0105 01       		.byte	0x1
 268 0106 59       		.byte	0x59
 269 0107 00000000 		.4byte	.LFB3
 270 010b 02000000 		.4byte	.LFE3-.LFB3
 271 010f 01       		.uleb128 0x1
 272 0110 9C       		.byte	0x9c
 273 0111 0A       		.uleb128 0xa
 274 0112 EB000000 		.4byte	.LASF20
 275 0116 01       		.byte	0x1
 276 0117 6C       		.byte	0x6c
 277 0118 00000000 		.4byte	.LFB4
 278 011c 14000000 		.4byte	.LFE4-.LFB4
 279 0120 01       		.uleb128 0x1
 280 0121 9C       		.byte	0x9c
 281 0122 30010000 		.4byte	0x130
ARM GAS  C:\Users\LAIR\AppData\Local\Temp\ccScEJVN.s 			page 8


 282 0126 0B       		.uleb128 0xb
 283 0127 0E000000 		.4byte	.LVL1
 284 012b 48010000 		.4byte	0x148
 285 012f 00       		.byte	0
 286 0130 0C       		.uleb128 0xc
 287 0131 83000000 		.4byte	.LASF27
 288 0135 01       		.byte	0x1
 289 0136 12       		.byte	0x12
 290 0137 C5000000 		.4byte	0xc5
 291 013b 05       		.uleb128 0x5
 292 013c 03       		.byte	0x3
 293 013d 00000000 		.4byte	IDAC1_backup
 294 0141 0D       		.uleb128 0xd
 295 0142 1D010000 		.4byte	.LASF21
 296 0146 03       		.byte	0x3
 297 0147 53       		.byte	0x53
 298 0148 0D       		.uleb128 0xd
 299 0149 19020000 		.4byte	.LASF22
 300 014d 03       		.byte	0x3
 301 014e 51       		.byte	0x51
 302 014f 00       		.byte	0
 303              		.section	.debug_abbrev,"",%progbits
 304              	.Ldebug_abbrev0:
 305 0000 01       		.uleb128 0x1
 306 0001 11       		.uleb128 0x11
 307 0002 01       		.byte	0x1
 308 0003 25       		.uleb128 0x25
 309 0004 0E       		.uleb128 0xe
 310 0005 13       		.uleb128 0x13
 311 0006 0B       		.uleb128 0xb
 312 0007 03       		.uleb128 0x3
 313 0008 0E       		.uleb128 0xe
 314 0009 1B       		.uleb128 0x1b
 315 000a 0E       		.uleb128 0xe
 316 000b 55       		.uleb128 0x55
 317 000c 17       		.uleb128 0x17
 318 000d 11       		.uleb128 0x11
 319 000e 01       		.uleb128 0x1
 320 000f 10       		.uleb128 0x10
 321 0010 17       		.uleb128 0x17
 322 0011 00       		.byte	0
 323 0012 00       		.byte	0
 324 0013 02       		.uleb128 0x2
 325 0014 24       		.uleb128 0x24
 326 0015 00       		.byte	0
 327 0016 0B       		.uleb128 0xb
 328 0017 0B       		.uleb128 0xb
 329 0018 3E       		.uleb128 0x3e
 330 0019 0B       		.uleb128 0xb
 331 001a 03       		.uleb128 0x3
 332 001b 0E       		.uleb128 0xe
 333 001c 00       		.byte	0
 334 001d 00       		.byte	0
 335 001e 03       		.uleb128 0x3
 336 001f 24       		.uleb128 0x24
 337 0020 00       		.byte	0
 338 0021 0B       		.uleb128 0xb
ARM GAS  C:\Users\LAIR\AppData\Local\Temp\ccScEJVN.s 			page 9


 339 0022 0B       		.uleb128 0xb
 340 0023 3E       		.uleb128 0x3e
 341 0024 0B       		.uleb128 0xb
 342 0025 03       		.uleb128 0x3
 343 0026 08       		.uleb128 0x8
 344 0027 00       		.byte	0
 345 0028 00       		.byte	0
 346 0029 04       		.uleb128 0x4
 347 002a 16       		.uleb128 0x16
 348 002b 00       		.byte	0
 349 002c 03       		.uleb128 0x3
 350 002d 0E       		.uleb128 0xe
 351 002e 3A       		.uleb128 0x3a
 352 002f 0B       		.uleb128 0xb
 353 0030 3B       		.uleb128 0x3b
 354 0031 05       		.uleb128 0x5
 355 0032 49       		.uleb128 0x49
 356 0033 13       		.uleb128 0x13
 357 0034 00       		.byte	0
 358 0035 00       		.byte	0
 359 0036 05       		.uleb128 0x5
 360 0037 35       		.uleb128 0x35
 361 0038 00       		.byte	0
 362 0039 49       		.uleb128 0x49
 363 003a 13       		.uleb128 0x13
 364 003b 00       		.byte	0
 365 003c 00       		.byte	0
 366 003d 06       		.uleb128 0x6
 367 003e 13       		.uleb128 0x13
 368 003f 01       		.byte	0x1
 369 0040 0B       		.uleb128 0xb
 370 0041 0B       		.uleb128 0xb
 371 0042 3A       		.uleb128 0x3a
 372 0043 0B       		.uleb128 0xb
 373 0044 3B       		.uleb128 0x3b
 374 0045 0B       		.uleb128 0xb
 375 0046 01       		.uleb128 0x1
 376 0047 13       		.uleb128 0x13
 377 0048 00       		.byte	0
 378 0049 00       		.byte	0
 379 004a 07       		.uleb128 0x7
 380 004b 0D       		.uleb128 0xd
 381 004c 00       		.byte	0
 382 004d 03       		.uleb128 0x3
 383 004e 0E       		.uleb128 0xe
 384 004f 3A       		.uleb128 0x3a
 385 0050 0B       		.uleb128 0xb
 386 0051 3B       		.uleb128 0x3b
 387 0052 0B       		.uleb128 0xb
 388 0053 49       		.uleb128 0x49
 389 0054 13       		.uleb128 0x13
 390 0055 38       		.uleb128 0x38
 391 0056 0B       		.uleb128 0xb
 392 0057 00       		.byte	0
 393 0058 00       		.byte	0
 394 0059 08       		.uleb128 0x8
 395 005a 16       		.uleb128 0x16
ARM GAS  C:\Users\LAIR\AppData\Local\Temp\ccScEJVN.s 			page 10


 396 005b 00       		.byte	0
 397 005c 03       		.uleb128 0x3
 398 005d 0E       		.uleb128 0xe
 399 005e 3A       		.uleb128 0x3a
 400 005f 0B       		.uleb128 0xb
 401 0060 3B       		.uleb128 0x3b
 402 0061 0B       		.uleb128 0xb
 403 0062 49       		.uleb128 0x49
 404 0063 13       		.uleb128 0x13
 405 0064 00       		.byte	0
 406 0065 00       		.byte	0
 407 0066 09       		.uleb128 0x9
 408 0067 2E       		.uleb128 0x2e
 409 0068 00       		.byte	0
 410 0069 3F       		.uleb128 0x3f
 411 006a 19       		.uleb128 0x19
 412 006b 03       		.uleb128 0x3
 413 006c 0E       		.uleb128 0xe
 414 006d 3A       		.uleb128 0x3a
 415 006e 0B       		.uleb128 0xb
 416 006f 3B       		.uleb128 0x3b
 417 0070 0B       		.uleb128 0xb
 418 0071 27       		.uleb128 0x27
 419 0072 19       		.uleb128 0x19
 420 0073 11       		.uleb128 0x11
 421 0074 01       		.uleb128 0x1
 422 0075 12       		.uleb128 0x12
 423 0076 06       		.uleb128 0x6
 424 0077 40       		.uleb128 0x40
 425 0078 18       		.uleb128 0x18
 426 0079 9742     		.uleb128 0x2117
 427 007b 19       		.uleb128 0x19
 428 007c 00       		.byte	0
 429 007d 00       		.byte	0
 430 007e 0A       		.uleb128 0xa
 431 007f 2E       		.uleb128 0x2e
 432 0080 01       		.byte	0x1
 433 0081 3F       		.uleb128 0x3f
 434 0082 19       		.uleb128 0x19
 435 0083 03       		.uleb128 0x3
 436 0084 0E       		.uleb128 0xe
 437 0085 3A       		.uleb128 0x3a
 438 0086 0B       		.uleb128 0xb
 439 0087 3B       		.uleb128 0x3b
 440 0088 0B       		.uleb128 0xb
 441 0089 27       		.uleb128 0x27
 442 008a 19       		.uleb128 0x19
 443 008b 11       		.uleb128 0x11
 444 008c 01       		.uleb128 0x1
 445 008d 12       		.uleb128 0x12
 446 008e 06       		.uleb128 0x6
 447 008f 40       		.uleb128 0x40
 448 0090 18       		.uleb128 0x18
 449 0091 9742     		.uleb128 0x2117
 450 0093 19       		.uleb128 0x19
 451 0094 01       		.uleb128 0x1
 452 0095 13       		.uleb128 0x13
ARM GAS  C:\Users\LAIR\AppData\Local\Temp\ccScEJVN.s 			page 11


 453 0096 00       		.byte	0
 454 0097 00       		.byte	0
 455 0098 0B       		.uleb128 0xb
 456 0099 898201   		.uleb128 0x4109
 457 009c 00       		.byte	0
 458 009d 11       		.uleb128 0x11
 459 009e 01       		.uleb128 0x1
 460 009f 31       		.uleb128 0x31
 461 00a0 13       		.uleb128 0x13
 462 00a1 00       		.byte	0
 463 00a2 00       		.byte	0
 464 00a3 0C       		.uleb128 0xc
 465 00a4 34       		.uleb128 0x34
 466 00a5 00       		.byte	0
 467 00a6 03       		.uleb128 0x3
 468 00a7 0E       		.uleb128 0xe
 469 00a8 3A       		.uleb128 0x3a
 470 00a9 0B       		.uleb128 0xb
 471 00aa 3B       		.uleb128 0x3b
 472 00ab 0B       		.uleb128 0xb
 473 00ac 49       		.uleb128 0x49
 474 00ad 13       		.uleb128 0x13
 475 00ae 02       		.uleb128 0x2
 476 00af 18       		.uleb128 0x18
 477 00b0 00       		.byte	0
 478 00b1 00       		.byte	0
 479 00b2 0D       		.uleb128 0xd
 480 00b3 2E       		.uleb128 0x2e
 481 00b4 00       		.byte	0
 482 00b5 3F       		.uleb128 0x3f
 483 00b6 19       		.uleb128 0x19
 484 00b7 03       		.uleb128 0x3
 485 00b8 0E       		.uleb128 0xe
 486 00b9 3A       		.uleb128 0x3a
 487 00ba 0B       		.uleb128 0xb
 488 00bb 3B       		.uleb128 0x3b
 489 00bc 0B       		.uleb128 0xb
 490 00bd 27       		.uleb128 0x27
 491 00be 19       		.uleb128 0x19
 492 00bf 3C       		.uleb128 0x3c
 493 00c0 19       		.uleb128 0x19
 494 00c1 00       		.byte	0
 495 00c2 00       		.byte	0
 496 00c3 00       		.byte	0
 497              		.section	.debug_aranges,"",%progbits
 498 0000 34000000 		.4byte	0x34
 499 0004 0200     		.2byte	0x2
 500 0006 00000000 		.4byte	.Ldebug_info0
 501 000a 04       		.byte	0x4
 502 000b 00       		.byte	0
 503 000c 0000     		.2byte	0
 504 000e 0000     		.2byte	0
 505 0010 00000000 		.4byte	.LFB1
 506 0014 02000000 		.4byte	.LFE1-.LFB1
 507 0018 00000000 		.4byte	.LFB2
 508 001c 2C000000 		.4byte	.LFE2-.LFB2
 509 0020 00000000 		.4byte	.LFB3
ARM GAS  C:\Users\LAIR\AppData\Local\Temp\ccScEJVN.s 			page 12


 510 0024 02000000 		.4byte	.LFE3-.LFB3
 511 0028 00000000 		.4byte	.LFB4
 512 002c 14000000 		.4byte	.LFE4-.LFB4
 513 0030 00000000 		.4byte	0
 514 0034 00000000 		.4byte	0
 515              		.section	.debug_ranges,"",%progbits
 516              	.Ldebug_ranges0:
 517 0000 00000000 		.4byte	.LFB1
 518 0004 02000000 		.4byte	.LFE1
 519 0008 00000000 		.4byte	.LFB2
 520 000c 2C000000 		.4byte	.LFE2
 521 0010 00000000 		.4byte	.LFB3
 522 0014 02000000 		.4byte	.LFE3
 523 0018 00000000 		.4byte	.LFB4
 524 001c 14000000 		.4byte	.LFE4
 525 0020 00000000 		.4byte	0
 526 0024 00000000 		.4byte	0
 527              		.section	.debug_line,"",%progbits
 528              	.Ldebug_line0:
 529 0000 A0000000 		.section	.debug_str,"MS",%progbits,1
 529      02005200 
 529      00000201 
 529      FB0E0D00 
 529      01010101 
 530              	.LASF6:
 531 0000 6C6F6E67 		.ascii	"long long int\000"
 531      206C6F6E 
 531      6720696E 
 531      7400
 532              	.LASF10:
 533 000e 75696E74 		.ascii	"uint32\000"
 533      333200
 534              	.LASF26:
 535 0015 656E6162 		.ascii	"enableState\000"
 535      6C655374 
 535      61746500 
 536              	.LASF8:
 537 0021 756E7369 		.ascii	"unsigned int\000"
 537      676E6564 
 537      20696E74 
 537      00
 538              	.LASF19:
 539 002e 49444143 		.ascii	"IDAC1_Sleep\000"
 539      315F536C 
 539      65657000 
 540              	.LASF18:
 541 003a 49444143 		.ascii	"IDAC1_RestoreConfig\000"
 541      315F5265 
 541      73746F72 
 541      65436F6E 
 541      66696700 
 542              	.LASF9:
 543 004e 75696E74 		.ascii	"uint8\000"
 543      3800
 544              	.LASF5:
 545 0054 6C6F6E67 		.ascii	"long unsigned int\000"
 545      20756E73 
ARM GAS  C:\Users\LAIR\AppData\Local\Temp\ccScEJVN.s 			page 13


 545      69676E65 
 545      6420696E 
 545      7400
 546              	.LASF7:
 547 0066 6C6F6E67 		.ascii	"long long unsigned int\000"
 547      206C6F6E 
 547      6720756E 
 547      7369676E 
 547      65642069 
 548              	.LASF11:
 549 007d 666C6F61 		.ascii	"float\000"
 549      7400
 550              	.LASF27:
 551 0083 49444143 		.ascii	"IDAC1_backup\000"
 551      315F6261 
 551      636B7570 
 551      00
 552              	.LASF1:
 553 0090 756E7369 		.ascii	"unsigned char\000"
 553      676E6564 
 553      20636861 
 553      7200
 554              	.LASF13:
 555 009e 63686172 		.ascii	"char\000"
 555      00
 556              	.LASF24:
 557 00a3 2E5C4765 		.ascii	".\\Generated_Source\\PSoC4\\IDAC1_PM.c\000"
 557      6E657261 
 557      7465645F 
 557      536F7572 
 557      63655C50 
 558              	.LASF4:
 559 00c7 6C6F6E67 		.ascii	"long int\000"
 559      20696E74 
 559      00
 560              	.LASF16:
 561 00d0 49444143 		.ascii	"IDAC1_BACKUP_STRUCT\000"
 561      315F4241 
 561      434B5550 
 561      5F535452 
 561      55435400 
 562              	.LASF12:
 563 00e4 646F7562 		.ascii	"double\000"
 563      6C6500
 564              	.LASF20:
 565 00eb 49444143 		.ascii	"IDAC1_Wakeup\000"
 565      315F5761 
 565      6B657570 
 565      00
 566              	.LASF14:
 567 00f8 72656733 		.ascii	"reg32\000"
 567      3200
 568              	.LASF3:
 569 00fe 73686F72 		.ascii	"short unsigned int\000"
 569      7420756E 
 569      7369676E 
 569      65642069 
ARM GAS  C:\Users\LAIR\AppData\Local\Temp\ccScEJVN.s 			page 14


 569      6E7400
 570              	.LASF0:
 571 0111 7369676E 		.ascii	"signed char\000"
 571      65642063 
 571      68617200 
 572              	.LASF21:
 573 011d 49444143 		.ascii	"IDAC1_Stop\000"
 573      315F5374 
 573      6F7000
 574              	.LASF25:
 575 0128 433A5C55 		.ascii	"C:\\Users\\LAIR\\Documents\\GitHub\\ARC-Controller\\"
 575      73657273 
 575      5C4C4149 
 575      525C446F 
 575      63756D65 
 576 0156 50536F43 		.ascii	"PSoC-Code\\ARC-EMBED.cydsn\000"
 576      2D436F64 
 576      655C4152 
 576      432D454D 
 576      4245442E 
 577              	.LASF17:
 578 0170 49444143 		.ascii	"IDAC1_SaveConfig\000"
 578      315F5361 
 578      7665436F 
 578      6E666967 
 578      00
 579              	.LASF23:
 580 0181 474E5520 		.ascii	"GNU C 4.9.3 20150303 (release) [ARM/embedded-4_9-br"
 580      4320342E 
 580      392E3320 
 580      32303135 
 580      30333033 
 581 01b4 616E6368 		.ascii	"anch revision 221220] -mcpu=cortex-m0 -mthumb -g -O"
 581      20726576 
 581      6973696F 
 581      6E203232 
 581      31323230 
 582 01e7 67202D66 		.ascii	"g -ffunction-sections -ffat-lto-objects\000"
 582      66756E63 
 582      74696F6E 
 582      2D736563 
 582      74696F6E 
 583              	.LASF2:
 584 020f 73686F72 		.ascii	"short int\000"
 584      7420696E 
 584      7400
 585              	.LASF22:
 586 0219 49444143 		.ascii	"IDAC1_Enable\000"
 586      315F456E 
 586      61626C65 
 586      00
 587              	.LASF15:
 588 0226 73697A65 		.ascii	"sizetype\000"
 588      74797065 
 588      00
 589              		.ident	"GCC: (GNU Tools for ARM Embedded Processors) 4.9.3 20150303 (release) [ARM/embedded-4_9-br
