ARM GAS  C:\Users\LAIR\AppData\Local\Temp\cc63h7DG.s 			page 1


   1              		.cpu cortex-m0
   2              		.fpu softvfp
   3              		.eabi_attribute 20, 1
   4              		.eabi_attribute 21, 1
   5              		.eabi_attribute 23, 3
   6              		.eabi_attribute 24, 1
   7              		.eabi_attribute 25, 1
   8              		.eabi_attribute 26, 1
   9              		.eabi_attribute 30, 1
  10              		.eabi_attribute 34, 0
  11              		.eabi_attribute 18, 4
  12              		.code	16
  13              		.file	"IDAC1.c"
  14              		.text
  15              	.Ltext0:
  16              		.cfi_sections	.debug_frame
  17              		.section	.text.IDAC1_Init,"ax",%progbits
  18              		.align	2
  19              		.global	IDAC1_Init
  20              		.code	16
  21              		.thumb_func
  22              		.type	IDAC1_Init, %function
  23              	IDAC1_Init:
  24              	.LFB1:
  25              		.file 1 ".\\Generated_Source\\PSoC4\\IDAC1.c"
   1:.\Generated_Source\PSoC4/IDAC1.c **** /*******************************************************************************
   2:.\Generated_Source\PSoC4/IDAC1.c **** * File Name: IDAC1.c
   3:.\Generated_Source\PSoC4/IDAC1.c **** * Version 1.10
   4:.\Generated_Source\PSoC4/IDAC1.c **** *
   5:.\Generated_Source\PSoC4/IDAC1.c **** * Description:
   6:.\Generated_Source\PSoC4/IDAC1.c **** *  This file provides the source code of APIs for the IDAC_P4 component.
   7:.\Generated_Source\PSoC4/IDAC1.c **** *
   8:.\Generated_Source\PSoC4/IDAC1.c **** *******************************************************************************
   9:.\Generated_Source\PSoC4/IDAC1.c **** * Copyright 2013-2015, Cypress Semiconductor Corporation.  All rights reserved.
  10:.\Generated_Source\PSoC4/IDAC1.c **** * You may use this file only in accordance with the license, terms, conditions,
  11:.\Generated_Source\PSoC4/IDAC1.c **** * disclaimers, and limitations in the end user license agreement accompanying
  12:.\Generated_Source\PSoC4/IDAC1.c **** * the software package with which this file was provided.
  13:.\Generated_Source\PSoC4/IDAC1.c **** *******************************************************************************/
  14:.\Generated_Source\PSoC4/IDAC1.c **** 
  15:.\Generated_Source\PSoC4/IDAC1.c **** #include "IDAC1.h"
  16:.\Generated_Source\PSoC4/IDAC1.c **** 
  17:.\Generated_Source\PSoC4/IDAC1.c **** uint32 IDAC1_initVar = 0u;
  18:.\Generated_Source\PSoC4/IDAC1.c **** 
  19:.\Generated_Source\PSoC4/IDAC1.c **** 
  20:.\Generated_Source\PSoC4/IDAC1.c **** /*******************************************************************************
  21:.\Generated_Source\PSoC4/IDAC1.c **** * Function Name: IDAC1_Init
  22:.\Generated_Source\PSoC4/IDAC1.c **** ********************************************************************************
  23:.\Generated_Source\PSoC4/IDAC1.c **** *
  24:.\Generated_Source\PSoC4/IDAC1.c **** * Summary:
  25:.\Generated_Source\PSoC4/IDAC1.c **** *  Initializes IDAC registers with initial values provided from customizer.
  26:.\Generated_Source\PSoC4/IDAC1.c **** *
  27:.\Generated_Source\PSoC4/IDAC1.c **** * Parameters:
  28:.\Generated_Source\PSoC4/IDAC1.c **** *  None
  29:.\Generated_Source\PSoC4/IDAC1.c **** *
  30:.\Generated_Source\PSoC4/IDAC1.c **** * Return:
  31:.\Generated_Source\PSoC4/IDAC1.c **** *  None
  32:.\Generated_Source\PSoC4/IDAC1.c **** *
ARM GAS  C:\Users\LAIR\AppData\Local\Temp\cc63h7DG.s 			page 2


  33:.\Generated_Source\PSoC4/IDAC1.c **** * Global variables:
  34:.\Generated_Source\PSoC4/IDAC1.c **** *  None
  35:.\Generated_Source\PSoC4/IDAC1.c **** *
  36:.\Generated_Source\PSoC4/IDAC1.c **** *******************************************************************************/
  37:.\Generated_Source\PSoC4/IDAC1.c **** void IDAC1_Init(void)
  38:.\Generated_Source\PSoC4/IDAC1.c **** {
  26              		.loc 1 38 0
  27              		.cfi_startproc
  28 0000 10B5     		push	{r4, lr}
  29              		.cfi_def_cfa_offset 8
  30              		.cfi_offset 4, -8
  31              		.cfi_offset 14, -4
  39:.\Generated_Source\PSoC4/IDAC1.c ****     uint32 regVal;
  40:.\Generated_Source\PSoC4/IDAC1.c ****     uint8 enableInterrupts;
  41:.\Generated_Source\PSoC4/IDAC1.c **** 
  42:.\Generated_Source\PSoC4/IDAC1.c ****     /* Set initial configuration */
  43:.\Generated_Source\PSoC4/IDAC1.c ****     enableInterrupts = CyEnterCriticalSection();
  32              		.loc 1 43 0
  33 0002 FFF7FEFF 		bl	CyEnterCriticalSection
  34              	.LVL0:
  44:.\Generated_Source\PSoC4/IDAC1.c ****     
  45:.\Generated_Source\PSoC4/IDAC1.c ****     #if(IDAC1_MODE_SOURCE == IDAC1_IDAC_POLARITY)
  46:.\Generated_Source\PSoC4/IDAC1.c ****         regVal  = IDAC1_CSD_TRIM1_REG & ~(IDAC1_CSD_IDAC_TRIM1_MASK);
  35              		.loc 1 46 0
  36 0006 0E49     		ldr	r1, .L2
  37 0008 0B68     		ldr	r3, [r1]
  38 000a 0F22     		mov	r2, #15
  39 000c 9343     		bic	r3, r2
  40 000e 1A1C     		mov	r2, r3
  41              	.LVL1:
  47:.\Generated_Source\PSoC4/IDAC1.c ****         regVal |=  (IDAC1_SFLASH_TRIM1_REG & IDAC1_CSD_IDAC_TRIM1_MASK);
  42              		.loc 1 47 0
  43 0010 0C4B     		ldr	r3, .L2+4
  44 0012 1C78     		ldrb	r4, [r3]
  45 0014 0F23     		mov	r3, #15
  46 0016 2340     		and	r3, r4
  47 0018 1343     		orr	r3, r2
  48              	.LVL2:
  48:.\Generated_Source\PSoC4/IDAC1.c ****         IDAC1_CSD_TRIM1_REG = regVal;
  49              		.loc 1 48 0
  50 001a 0B60     		str	r3, [r1]
  49:.\Generated_Source\PSoC4/IDAC1.c ****     #else
  50:.\Generated_Source\PSoC4/IDAC1.c ****         regVal  = IDAC1_CSD_TRIM2_REG & ~(IDAC1_CSD_IDAC_TRIM2_MASK);
  51:.\Generated_Source\PSoC4/IDAC1.c ****         regVal |=  (IDAC1_SFLASH_TRIM2_REG & IDAC1_CSD_IDAC_TRIM2_MASK);
  52:.\Generated_Source\PSoC4/IDAC1.c ****         IDAC1_CSD_TRIM2_REG = regVal;
  53:.\Generated_Source\PSoC4/IDAC1.c ****     #endif /* (IDAC1_MODE_SOURCE == IDAC1_IDAC_POLARITY) */
  54:.\Generated_Source\PSoC4/IDAC1.c **** 
  55:.\Generated_Source\PSoC4/IDAC1.c ****     /* clear previous values */
  56:.\Generated_Source\PSoC4/IDAC1.c ****     IDAC1_IDAC_CONTROL_REG &= ((uint32)~((uint32)IDAC1_IDAC_VALUE_MASK <<
  51              		.loc 1 56 0
  52 001c 0A4A     		ldr	r2, .L2+8
  53 001e 1368     		ldr	r3, [r2]
  54              	.LVL3:
  55 0020 1360     		str	r3, [r2]
  56              	.LVL4:
  57:.\Generated_Source\PSoC4/IDAC1.c ****         IDAC1_IDAC_VALUE_POSITION)) | ((uint32)~((uint32)IDAC1_IDAC_MODE_MASK <<
  58:.\Generated_Source\PSoC4/IDAC1.c ****         IDAC1_IDAC_MODE_POSITION))  | ((uint32)~((uint32)IDAC1_IDAC_RANGE_MASK  <<
ARM GAS  C:\Users\LAIR\AppData\Local\Temp\cc63h7DG.s 			page 3


  59:.\Generated_Source\PSoC4/IDAC1.c ****         IDAC1_IDAC_RANGE_POSITION));
  60:.\Generated_Source\PSoC4/IDAC1.c **** 
  61:.\Generated_Source\PSoC4/IDAC1.c ****     IDAC1_IDAC_POLARITY_CONTROL_REG &= (~(uint32)((uint32)IDAC1_IDAC_POLARITY_MASK <<
  57              		.loc 1 61 0
  58 0022 0A4B     		ldr	r3, .L2+12
  59 0024 1C68     		ldr	r4, [r3]
  60 0026 0A49     		ldr	r1, .L2+16
  61 0028 2140     		and	r1, r4
  62 002a 1960     		str	r1, [r3]
  62:.\Generated_Source\PSoC4/IDAC1.c ****         IDAC1_IDAC_POLARITY_POSITION));
  63:.\Generated_Source\PSoC4/IDAC1.c **** 
  64:.\Generated_Source\PSoC4/IDAC1.c ****     /* set new configuration */
  65:.\Generated_Source\PSoC4/IDAC1.c ****     IDAC1_IDAC_CONTROL_REG |= (((uint32)IDAC1_IDAC_INIT_VALUE <<
  63              		.loc 1 65 0
  64 002c 1168     		ldr	r1, [r2]
  65 002e 8024     		mov	r4, #128
  66 0030 E400     		lsl	r4, r4, #3
  67 0032 2143     		orr	r1, r4
  68 0034 1160     		str	r1, [r2]
  66:.\Generated_Source\PSoC4/IDAC1.c ****         IDAC1_IDAC_VALUE_POSITION) | ((uint32)IDAC1_IDAC_RANGE <<
  67:.\Generated_Source\PSoC4/IDAC1.c ****         IDAC1_IDAC_RANGE_POSITION));
  68:.\Generated_Source\PSoC4/IDAC1.c **** 
  69:.\Generated_Source\PSoC4/IDAC1.c ****     IDAC1_IDAC_POLARITY_CONTROL_REG |= ((uint32)IDAC1_IDAC_POLARITY <<
  69              		.loc 1 69 0
  70 0036 1A68     		ldr	r2, [r3]
  71 0038 1A60     		str	r2, [r3]
  70:.\Generated_Source\PSoC4/IDAC1.c ****                                                            IDAC1_IDAC_POLARITY_POSITION);
  71:.\Generated_Source\PSoC4/IDAC1.c **** 
  72:.\Generated_Source\PSoC4/IDAC1.c ****     CyExitCriticalSection(enableInterrupts);
  72              		.loc 1 72 0
  73 003a FFF7FEFF 		bl	CyExitCriticalSection
  74              	.LVL5:
  73:.\Generated_Source\PSoC4/IDAC1.c **** 
  74:.\Generated_Source\PSoC4/IDAC1.c **** }
  75              		.loc 1 74 0
  76              		@ sp needed
  77 003e 10BD     		pop	{r4, pc}
  78              	.L3:
  79              		.align	2
  80              	.L2:
  81 0040 00FF2940 		.word	1076494080
  82 0044 60F2FF0F 		.word	268431968
  83 0048 08002940 		.word	1076428808
  84 004c 04002940 		.word	1076428804
  85 0050 FFFFFEFF 		.word	-65537
  86              		.cfi_endproc
  87              	.LFE1:
  88              		.size	IDAC1_Init, .-IDAC1_Init
  89              		.section	.text.IDAC1_Enable,"ax",%progbits
  90              		.align	2
  91              		.global	IDAC1_Enable
  92              		.code	16
  93              		.thumb_func
  94              		.type	IDAC1_Enable, %function
  95              	IDAC1_Enable:
  96              	.LFB2:
  75:.\Generated_Source\PSoC4/IDAC1.c **** 
ARM GAS  C:\Users\LAIR\AppData\Local\Temp\cc63h7DG.s 			page 4


  76:.\Generated_Source\PSoC4/IDAC1.c **** 
  77:.\Generated_Source\PSoC4/IDAC1.c **** /*******************************************************************************
  78:.\Generated_Source\PSoC4/IDAC1.c **** * Function Name: IDAC1_Enable
  79:.\Generated_Source\PSoC4/IDAC1.c **** ********************************************************************************
  80:.\Generated_Source\PSoC4/IDAC1.c **** *
  81:.\Generated_Source\PSoC4/IDAC1.c **** * Summary:
  82:.\Generated_Source\PSoC4/IDAC1.c **** *  Enables IDAC operations.
  83:.\Generated_Source\PSoC4/IDAC1.c **** *
  84:.\Generated_Source\PSoC4/IDAC1.c **** * Parameters:
  85:.\Generated_Source\PSoC4/IDAC1.c **** *  None
  86:.\Generated_Source\PSoC4/IDAC1.c **** *
  87:.\Generated_Source\PSoC4/IDAC1.c **** * Return:
  88:.\Generated_Source\PSoC4/IDAC1.c **** *  None
  89:.\Generated_Source\PSoC4/IDAC1.c **** *
  90:.\Generated_Source\PSoC4/IDAC1.c **** * Global variables:
  91:.\Generated_Source\PSoC4/IDAC1.c **** *  None
  92:.\Generated_Source\PSoC4/IDAC1.c **** *
  93:.\Generated_Source\PSoC4/IDAC1.c **** *******************************************************************************/
  94:.\Generated_Source\PSoC4/IDAC1.c **** void IDAC1_Enable(void)
  95:.\Generated_Source\PSoC4/IDAC1.c **** {
  97              		.loc 1 95 0
  98              		.cfi_startproc
  99 0000 08B5     		push	{r3, lr}
 100              		.cfi_def_cfa_offset 8
 101              		.cfi_offset 3, -8
 102              		.cfi_offset 14, -4
  96:.\Generated_Source\PSoC4/IDAC1.c ****     uint8 enableInterrupts;
  97:.\Generated_Source\PSoC4/IDAC1.c **** 
  98:.\Generated_Source\PSoC4/IDAC1.c ****     enableInterrupts = CyEnterCriticalSection();
 103              		.loc 1 98 0
 104 0002 FFF7FEFF 		bl	CyEnterCriticalSection
 105              	.LVL6:
  99:.\Generated_Source\PSoC4/IDAC1.c **** 
 100:.\Generated_Source\PSoC4/IDAC1.c ****     /* Enable the IDAC */
 101:.\Generated_Source\PSoC4/IDAC1.c ****     IDAC1_IDAC_CONTROL_REG |= ((uint32)IDAC1_IDAC_EN_MODE <<
 106              		.loc 1 101 0
 107 0006 074A     		ldr	r2, .L5
 108 0008 1368     		ldr	r3, [r2]
 109 000a C021     		mov	r1, #192
 110 000c 8900     		lsl	r1, r1, #2
 111 000e 0B43     		orr	r3, r1
 112 0010 1360     		str	r3, [r2]
 102:.\Generated_Source\PSoC4/IDAC1.c ****                                                   IDAC1_IDAC_MODE_POSITION);
 103:.\Generated_Source\PSoC4/IDAC1.c ****     IDAC1_IDAC_POLARITY_CONTROL_REG |= ((uint32)IDAC1_IDAC_CSD_EN <<
 113              		.loc 1 103 0
 114 0012 054A     		ldr	r2, .L5+4
 115 0014 1368     		ldr	r3, [r2]
 116 0016 8021     		mov	r1, #128
 117 0018 0906     		lsl	r1, r1, #24
 118 001a 0B43     		orr	r3, r1
 119 001c 1360     		str	r3, [r2]
 104:.\Generated_Source\PSoC4/IDAC1.c ****                                                            IDAC1_IDAC_CSD_EN_POSITION);
 105:.\Generated_Source\PSoC4/IDAC1.c ****     CyExitCriticalSection(enableInterrupts);
 120              		.loc 1 105 0
 121 001e FFF7FEFF 		bl	CyExitCriticalSection
 122              	.LVL7:
 106:.\Generated_Source\PSoC4/IDAC1.c **** 
ARM GAS  C:\Users\LAIR\AppData\Local\Temp\cc63h7DG.s 			page 5


 107:.\Generated_Source\PSoC4/IDAC1.c **** }
 123              		.loc 1 107 0
 124              		@ sp needed
 125 0022 08BD     		pop	{r3, pc}
 126              	.L6:
 127              		.align	2
 128              	.L5:
 129 0024 08002940 		.word	1076428808
 130 0028 04002940 		.word	1076428804
 131              		.cfi_endproc
 132              	.LFE2:
 133              		.size	IDAC1_Enable, .-IDAC1_Enable
 134              		.section	.text.IDAC1_Start,"ax",%progbits
 135              		.align	2
 136              		.global	IDAC1_Start
 137              		.code	16
 138              		.thumb_func
 139              		.type	IDAC1_Start, %function
 140              	IDAC1_Start:
 141              	.LFB3:
 108:.\Generated_Source\PSoC4/IDAC1.c **** 
 109:.\Generated_Source\PSoC4/IDAC1.c **** 
 110:.\Generated_Source\PSoC4/IDAC1.c **** /*******************************************************************************
 111:.\Generated_Source\PSoC4/IDAC1.c **** * Function Name: IDAC1_Start
 112:.\Generated_Source\PSoC4/IDAC1.c **** ********************************************************************************
 113:.\Generated_Source\PSoC4/IDAC1.c **** *
 114:.\Generated_Source\PSoC4/IDAC1.c **** * Summary:
 115:.\Generated_Source\PSoC4/IDAC1.c **** *  Starts the IDAC hardware.
 116:.\Generated_Source\PSoC4/IDAC1.c **** *
 117:.\Generated_Source\PSoC4/IDAC1.c **** * Parameters:
 118:.\Generated_Source\PSoC4/IDAC1.c **** *  None
 119:.\Generated_Source\PSoC4/IDAC1.c **** *
 120:.\Generated_Source\PSoC4/IDAC1.c **** * Return:
 121:.\Generated_Source\PSoC4/IDAC1.c **** *  None
 122:.\Generated_Source\PSoC4/IDAC1.c **** *
 123:.\Generated_Source\PSoC4/IDAC1.c **** * Global variables:
 124:.\Generated_Source\PSoC4/IDAC1.c **** *  IDAC1_initVar
 125:.\Generated_Source\PSoC4/IDAC1.c **** *
 126:.\Generated_Source\PSoC4/IDAC1.c **** *******************************************************************************/
 127:.\Generated_Source\PSoC4/IDAC1.c **** void IDAC1_Start(void)
 128:.\Generated_Source\PSoC4/IDAC1.c **** {
 142              		.loc 1 128 0
 143              		.cfi_startproc
 144 0000 08B5     		push	{r3, lr}
 145              		.cfi_def_cfa_offset 8
 146              		.cfi_offset 3, -8
 147              		.cfi_offset 14, -4
 129:.\Generated_Source\PSoC4/IDAC1.c ****     if(0u == IDAC1_initVar)
 148              		.loc 1 129 0
 149 0002 064B     		ldr	r3, .L9
 150 0004 1B68     		ldr	r3, [r3]
 151 0006 002B     		cmp	r3, #0
 152 0008 04D1     		bne	.L8
 130:.\Generated_Source\PSoC4/IDAC1.c ****     {
 131:.\Generated_Source\PSoC4/IDAC1.c ****         IDAC1_Init();
 153              		.loc 1 131 0
 154 000a FFF7FEFF 		bl	IDAC1_Init
ARM GAS  C:\Users\LAIR\AppData\Local\Temp\cc63h7DG.s 			page 6


 155              	.LVL8:
 132:.\Generated_Source\PSoC4/IDAC1.c ****         IDAC1_initVar = 1u;
 156              		.loc 1 132 0
 157 000e 0122     		mov	r2, #1
 158 0010 024B     		ldr	r3, .L9
 159 0012 1A60     		str	r2, [r3]
 160              	.L8:
 133:.\Generated_Source\PSoC4/IDAC1.c ****     }
 134:.\Generated_Source\PSoC4/IDAC1.c **** 
 135:.\Generated_Source\PSoC4/IDAC1.c ****     IDAC1_Enable();
 161              		.loc 1 135 0
 162 0014 FFF7FEFF 		bl	IDAC1_Enable
 163              	.LVL9:
 136:.\Generated_Source\PSoC4/IDAC1.c **** 
 137:.\Generated_Source\PSoC4/IDAC1.c **** }
 164              		.loc 1 137 0
 165              		@ sp needed
 166 0018 08BD     		pop	{r3, pc}
 167              	.L10:
 168 001a C046     		.align	2
 169              	.L9:
 170 001c 00000000 		.word	.LANCHOR0
 171              		.cfi_endproc
 172              	.LFE3:
 173              		.size	IDAC1_Start, .-IDAC1_Start
 174              		.section	.text.IDAC1_Stop,"ax",%progbits
 175              		.align	2
 176              		.global	IDAC1_Stop
 177              		.code	16
 178              		.thumb_func
 179              		.type	IDAC1_Stop, %function
 180              	IDAC1_Stop:
 181              	.LFB4:
 138:.\Generated_Source\PSoC4/IDAC1.c **** 
 139:.\Generated_Source\PSoC4/IDAC1.c **** 
 140:.\Generated_Source\PSoC4/IDAC1.c **** /*******************************************************************************
 141:.\Generated_Source\PSoC4/IDAC1.c **** * Function Name: IDAC1_Stop
 142:.\Generated_Source\PSoC4/IDAC1.c **** ********************************************************************************
 143:.\Generated_Source\PSoC4/IDAC1.c **** *
 144:.\Generated_Source\PSoC4/IDAC1.c **** * Summary:
 145:.\Generated_Source\PSoC4/IDAC1.c **** *  Stops the IDAC hardware.
 146:.\Generated_Source\PSoC4/IDAC1.c **** *
 147:.\Generated_Source\PSoC4/IDAC1.c **** * Parameters:
 148:.\Generated_Source\PSoC4/IDAC1.c **** *  None
 149:.\Generated_Source\PSoC4/IDAC1.c **** *
 150:.\Generated_Source\PSoC4/IDAC1.c **** * Return:
 151:.\Generated_Source\PSoC4/IDAC1.c **** *  None
 152:.\Generated_Source\PSoC4/IDAC1.c **** *
 153:.\Generated_Source\PSoC4/IDAC1.c **** * Global variables:
 154:.\Generated_Source\PSoC4/IDAC1.c **** *  None
 155:.\Generated_Source\PSoC4/IDAC1.c **** *
 156:.\Generated_Source\PSoC4/IDAC1.c **** *******************************************************************************/
 157:.\Generated_Source\PSoC4/IDAC1.c **** void IDAC1_Stop(void)
 158:.\Generated_Source\PSoC4/IDAC1.c **** {
 182              		.loc 1 158 0
 183              		.cfi_startproc
 184 0000 08B5     		push	{r3, lr}
ARM GAS  C:\Users\LAIR\AppData\Local\Temp\cc63h7DG.s 			page 7


 185              		.cfi_def_cfa_offset 8
 186              		.cfi_offset 3, -8
 187              		.cfi_offset 14, -4
 159:.\Generated_Source\PSoC4/IDAC1.c ****     uint8 enableInterrupts;
 160:.\Generated_Source\PSoC4/IDAC1.c **** 
 161:.\Generated_Source\PSoC4/IDAC1.c ****     enableInterrupts = CyEnterCriticalSection();
 188              		.loc 1 161 0
 189 0002 FFF7FEFF 		bl	CyEnterCriticalSection
 190              	.LVL10:
 162:.\Generated_Source\PSoC4/IDAC1.c **** 
 163:.\Generated_Source\PSoC4/IDAC1.c ****     /* Disable the IDAC */
 164:.\Generated_Source\PSoC4/IDAC1.c ****     IDAC1_IDAC_CONTROL_REG &= ((uint32)~((uint32)IDAC1_IDAC_MODE_MASK <<
 191              		.loc 1 164 0
 192 0006 044A     		ldr	r2, .L12
 193 0008 1168     		ldr	r1, [r2]
 194 000a 044B     		ldr	r3, .L12+4
 195 000c 0B40     		and	r3, r1
 196 000e 1360     		str	r3, [r2]
 165:.\Generated_Source\PSoC4/IDAC1.c ****         IDAC1_IDAC_MODE_POSITION));
 166:.\Generated_Source\PSoC4/IDAC1.c ****     CyExitCriticalSection(enableInterrupts);
 197              		.loc 1 166 0
 198 0010 FFF7FEFF 		bl	CyExitCriticalSection
 199              	.LVL11:
 167:.\Generated_Source\PSoC4/IDAC1.c **** }
 200              		.loc 1 167 0
 201              		@ sp needed
 202 0014 08BD     		pop	{r3, pc}
 203              	.L13:
 204 0016 C046     		.align	2
 205              	.L12:
 206 0018 08002940 		.word	1076428808
 207 001c FFFCFFFF 		.word	-769
 208              		.cfi_endproc
 209              	.LFE4:
 210              		.size	IDAC1_Stop, .-IDAC1_Stop
 211              		.section	.text.IDAC1_SetValue,"ax",%progbits
 212              		.align	2
 213              		.global	IDAC1_SetValue
 214              		.code	16
 215              		.thumb_func
 216              		.type	IDAC1_SetValue, %function
 217              	IDAC1_SetValue:
 218              	.LFB5:
 168:.\Generated_Source\PSoC4/IDAC1.c **** 
 169:.\Generated_Source\PSoC4/IDAC1.c **** 
 170:.\Generated_Source\PSoC4/IDAC1.c **** /*******************************************************************************
 171:.\Generated_Source\PSoC4/IDAC1.c **** * Function Name: IDAC1_SetValue
 172:.\Generated_Source\PSoC4/IDAC1.c **** ********************************************************************************
 173:.\Generated_Source\PSoC4/IDAC1.c **** *
 174:.\Generated_Source\PSoC4/IDAC1.c **** * Summary:
 175:.\Generated_Source\PSoC4/IDAC1.c **** *  Sets the IDAC value.
 176:.\Generated_Source\PSoC4/IDAC1.c **** *
 177:.\Generated_Source\PSoC4/IDAC1.c **** * Parameters:
 178:.\Generated_Source\PSoC4/IDAC1.c **** *  uint32 value
 179:.\Generated_Source\PSoC4/IDAC1.c **** *
 180:.\Generated_Source\PSoC4/IDAC1.c **** * Return:
 181:.\Generated_Source\PSoC4/IDAC1.c **** *  None
ARM GAS  C:\Users\LAIR\AppData\Local\Temp\cc63h7DG.s 			page 8


 182:.\Generated_Source\PSoC4/IDAC1.c **** *
 183:.\Generated_Source\PSoC4/IDAC1.c **** * Global variables:
 184:.\Generated_Source\PSoC4/IDAC1.c **** *  None
 185:.\Generated_Source\PSoC4/IDAC1.c **** *
 186:.\Generated_Source\PSoC4/IDAC1.c **** *******************************************************************************/
 187:.\Generated_Source\PSoC4/IDAC1.c **** void IDAC1_SetValue(uint32 value)
 188:.\Generated_Source\PSoC4/IDAC1.c **** {
 219              		.loc 1 188 0
 220              		.cfi_startproc
 221              	.LVL12:
 222 0000 10B5     		push	{r4, lr}
 223              		.cfi_def_cfa_offset 8
 224              		.cfi_offset 4, -8
 225              		.cfi_offset 14, -4
 226 0002 041C     		mov	r4, r0
 189:.\Generated_Source\PSoC4/IDAC1.c ****     uint8 enableInterrupts;
 190:.\Generated_Source\PSoC4/IDAC1.c ****     uint32 newRegisterValue;
 191:.\Generated_Source\PSoC4/IDAC1.c **** 
 192:.\Generated_Source\PSoC4/IDAC1.c ****     enableInterrupts = CyEnterCriticalSection();
 227              		.loc 1 192 0
 228 0004 FFF7FEFF 		bl	CyEnterCriticalSection
 229              	.LVL13:
 193:.\Generated_Source\PSoC4/IDAC1.c **** 
 194:.\Generated_Source\PSoC4/IDAC1.c ****     #if(IDAC1_IDAC_VALUE_POSITION != 0u)
 195:.\Generated_Source\PSoC4/IDAC1.c ****         newRegisterValue = ((IDAC1_IDAC_CONTROL_REG & (~(uint32)((uint32)IDAC1_IDAC_VALUE_MASK <<
 196:.\Generated_Source\PSoC4/IDAC1.c ****         IDAC1_IDAC_VALUE_POSITION))) | (value << IDAC1_IDAC_VALUE_POSITION));
 197:.\Generated_Source\PSoC4/IDAC1.c ****     #else
 198:.\Generated_Source\PSoC4/IDAC1.c ****         newRegisterValue = ((IDAC1_IDAC_CONTROL_REG & (~(uint32)IDAC1_IDAC_VALUE_MASK)) | value);
 230              		.loc 1 198 0
 231 0008 044A     		ldr	r2, .L15
 232 000a 1368     		ldr	r3, [r2]
 233 000c FF21     		mov	r1, #255
 234 000e 8B43     		bic	r3, r1
 235 0010 1C43     		orr	r4, r3
 236              	.LVL14:
 199:.\Generated_Source\PSoC4/IDAC1.c ****     #endif /* IDAC1_IDAC_VALUE_POSITION != 0u */
 200:.\Generated_Source\PSoC4/IDAC1.c **** 
 201:.\Generated_Source\PSoC4/IDAC1.c ****     IDAC1_IDAC_CONTROL_REG = newRegisterValue;
 237              		.loc 1 201 0
 238 0012 1460     		str	r4, [r2]
 202:.\Generated_Source\PSoC4/IDAC1.c **** 
 203:.\Generated_Source\PSoC4/IDAC1.c ****     CyExitCriticalSection(enableInterrupts);
 239              		.loc 1 203 0
 240 0014 FFF7FEFF 		bl	CyExitCriticalSection
 241              	.LVL15:
 204:.\Generated_Source\PSoC4/IDAC1.c **** }
 242              		.loc 1 204 0
 243              		@ sp needed
 244              	.LVL16:
 245 0018 10BD     		pop	{r4, pc}
 246              	.L16:
 247 001a C046     		.align	2
 248              	.L15:
 249 001c 08002940 		.word	1076428808
 250              		.cfi_endproc
 251              	.LFE5:
 252              		.size	IDAC1_SetValue, .-IDAC1_SetValue
ARM GAS  C:\Users\LAIR\AppData\Local\Temp\cc63h7DG.s 			page 9


 253              		.global	IDAC1_initVar
 254              		.bss
 255              		.align	2
 256              		.set	.LANCHOR0,. + 0
 257              		.type	IDAC1_initVar, %object
 258              		.size	IDAC1_initVar, 4
 259              	IDAC1_initVar:
 260 0000 00000000 		.space	4
 261              		.text
 262              	.Letext0:
 263              		.file 2 ".\\Generated_Source\\PSoC4\\cytypes.h"
 264              		.file 3 ".\\Generated_Source\\PSoC4\\CyLib.h"
 265              		.section	.debug_info,"",%progbits
 266              	.Ldebug_info0:
 267 0000 18020000 		.4byte	0x218
 268 0004 0400     		.2byte	0x4
 269 0006 00000000 		.4byte	.Ldebug_abbrev0
 270 000a 04       		.byte	0x4
 271 000b 01       		.uleb128 0x1
 272 000c 98010000 		.4byte	.LASF25
 273 0010 01       		.byte	0x1
 274 0011 38000000 		.4byte	.LASF26
 275 0015 50010000 		.4byte	.LASF27
 276 0019 00000000 		.4byte	.Ldebug_ranges0+0
 277 001d 00000000 		.4byte	0
 278 0021 00000000 		.4byte	.Ldebug_line0
 279 0025 02       		.uleb128 0x2
 280 0026 01       		.byte	0x1
 281 0027 06       		.byte	0x6
 282 0028 4A020000 		.4byte	.LASF0
 283 002c 02       		.uleb128 0x2
 284 002d 01       		.byte	0x1
 285 002e 08       		.byte	0x8
 286 002f 76000000 		.4byte	.LASF1
 287 0033 02       		.uleb128 0x2
 288 0034 02       		.byte	0x2
 289 0035 05       		.byte	0x5
 290 0036 26020000 		.4byte	.LASF2
 291 003a 02       		.uleb128 0x2
 292 003b 02       		.byte	0x2
 293 003c 07       		.byte	0x7
 294 003d 25000000 		.4byte	.LASF3
 295 0041 02       		.uleb128 0x2
 296 0042 04       		.byte	0x4
 297 0043 05       		.byte	0x5
 298 0044 3C020000 		.4byte	.LASF4
 299 0048 02       		.uleb128 0x2
 300 0049 04       		.byte	0x4
 301 004a 07       		.byte	0x7
 302 004b 89000000 		.4byte	.LASF5
 303 004f 02       		.uleb128 0x2
 304 0050 08       		.byte	0x8
 305 0051 05       		.byte	0x5
 306 0052 42010000 		.4byte	.LASF6
 307 0056 02       		.uleb128 0x2
 308 0057 08       		.byte	0x8
 309 0058 07       		.byte	0x7
ARM GAS  C:\Users\LAIR\AppData\Local\Temp\cc63h7DG.s 			page 10


 310 0059 5F000000 		.4byte	.LASF7
 311 005d 03       		.uleb128 0x3
 312 005e 04       		.byte	0x4
 313 005f 05       		.byte	0x5
 314 0060 696E7400 		.ascii	"int\000"
 315 0064 02       		.uleb128 0x2
 316 0065 04       		.byte	0x4
 317 0066 07       		.byte	0x7
 318 0067 E9000000 		.4byte	.LASF8
 319 006b 04       		.uleb128 0x4
 320 006c 9B000000 		.4byte	.LASF9
 321 0070 02       		.byte	0x2
 322 0071 9801     		.2byte	0x198
 323 0073 2C000000 		.4byte	0x2c
 324 0077 04       		.uleb128 0x4
 325 0078 CB000000 		.4byte	.LASF10
 326 007c 02       		.byte	0x2
 327 007d 9A01     		.2byte	0x19a
 328 007f 48000000 		.4byte	0x48
 329 0083 02       		.uleb128 0x2
 330 0084 04       		.byte	0x4
 331 0085 04       		.byte	0x4
 332 0086 59000000 		.4byte	.LASF11
 333 008a 02       		.uleb128 0x2
 334 008b 08       		.byte	0x8
 335 008c 04       		.byte	0x4
 336 008d BD000000 		.4byte	.LASF12
 337 0091 02       		.uleb128 0x2
 338 0092 01       		.byte	0x1
 339 0093 08       		.byte	0x8
 340 0094 45020000 		.4byte	.LASF13
 341 0098 04       		.uleb128 0x4
 342 0099 84000000 		.4byte	.LASF14
 343 009d 02       		.byte	0x2
 344 009e 4202     		.2byte	0x242
 345 00a0 A4000000 		.4byte	0xa4
 346 00a4 05       		.uleb128 0x5
 347 00a5 6B000000 		.4byte	0x6b
 348 00a9 04       		.uleb128 0x4
 349 00aa 0E000000 		.4byte	.LASF15
 350 00ae 02       		.byte	0x2
 351 00af 4402     		.2byte	0x244
 352 00b1 B5000000 		.4byte	0xb5
 353 00b5 05       		.uleb128 0x5
 354 00b6 77000000 		.4byte	0x77
 355 00ba 02       		.uleb128 0x2
 356 00bb 04       		.byte	0x4
 357 00bc 07       		.byte	0x7
 358 00bd 39010000 		.4byte	.LASF16
 359 00c1 06       		.uleb128 0x6
 360 00c2 14000000 		.4byte	.LASF19
 361 00c6 01       		.byte	0x1
 362 00c7 25       		.byte	0x25
 363 00c8 00000000 		.4byte	.LFB1
 364 00cc 54000000 		.4byte	.LFE1-.LFB1
 365 00d0 01       		.uleb128 0x1
 366 00d1 9C       		.byte	0x9c
ARM GAS  C:\Users\LAIR\AppData\Local\Temp\cc63h7DG.s 			page 11


 367 00d2 07010000 		.4byte	0x107
 368 00d6 07       		.uleb128 0x7
 369 00d7 C4000000 		.4byte	.LASF17
 370 00db 01       		.byte	0x1
 371 00dc 27       		.byte	0x27
 372 00dd 77000000 		.4byte	0x77
 373 00e1 00000000 		.4byte	.LLST0
 374 00e5 07       		.uleb128 0x7
 375 00e6 AC000000 		.4byte	.LASF18
 376 00ea 01       		.byte	0x1
 377 00eb 28       		.byte	0x28
 378 00ec 6B000000 		.4byte	0x6b
 379 00f0 2A000000 		.4byte	.LLST1
 380 00f4 08       		.uleb128 0x8
 381 00f5 06000000 		.4byte	.LVL0
 382 00f9 03020000 		.4byte	0x203
 383 00fd 08       		.uleb128 0x8
 384 00fe 3E000000 		.4byte	.LVL5
 385 0102 0E020000 		.4byte	0x20e
 386 0106 00       		.byte	0
 387 0107 06       		.uleb128 0x6
 388 0108 1B010000 		.4byte	.LASF20
 389 010c 01       		.byte	0x1
 390 010d 5E       		.byte	0x5e
 391 010e 00000000 		.4byte	.LFB2
 392 0112 2C000000 		.4byte	.LFE2-.LFB2
 393 0116 01       		.uleb128 0x1
 394 0117 9C       		.byte	0x9c
 395 0118 3E010000 		.4byte	0x13e
 396 011c 07       		.uleb128 0x7
 397 011d AC000000 		.4byte	.LASF18
 398 0121 01       		.byte	0x1
 399 0122 60       		.byte	0x60
 400 0123 6B000000 		.4byte	0x6b
 401 0127 3D000000 		.4byte	.LLST2
 402 012b 08       		.uleb128 0x8
 403 012c 06000000 		.4byte	.LVL6
 404 0130 03020000 		.4byte	0x203
 405 0134 08       		.uleb128 0x8
 406 0135 22000000 		.4byte	.LVL7
 407 0139 0E020000 		.4byte	0x20e
 408 013d 00       		.byte	0
 409 013e 06       		.uleb128 0x6
 410 013f 30020000 		.4byte	.LASF21
 411 0143 01       		.byte	0x1
 412 0144 7F       		.byte	0x7f
 413 0145 00000000 		.4byte	.LFB3
 414 0149 20000000 		.4byte	.LFE3-.LFB3
 415 014d 01       		.uleb128 0x1
 416 014e 9C       		.byte	0x9c
 417 014f 66010000 		.4byte	0x166
 418 0153 08       		.uleb128 0x8
 419 0154 0E000000 		.4byte	.LVL8
 420 0158 C1000000 		.4byte	0xc1
 421 015c 08       		.uleb128 0x8
 422 015d 18000000 		.4byte	.LVL9
 423 0161 07010000 		.4byte	0x107
ARM GAS  C:\Users\LAIR\AppData\Local\Temp\cc63h7DG.s 			page 12


 424 0165 00       		.byte	0
 425 0166 06       		.uleb128 0x6
 426 0167 A1000000 		.4byte	.LASF22
 427 016b 01       		.byte	0x1
 428 016c 9D       		.byte	0x9d
 429 016d 00000000 		.4byte	.LFB4
 430 0171 20000000 		.4byte	.LFE4-.LFB4
 431 0175 01       		.uleb128 0x1
 432 0176 9C       		.byte	0x9c
 433 0177 9D010000 		.4byte	0x19d
 434 017b 07       		.uleb128 0x7
 435 017c AC000000 		.4byte	.LASF18
 436 0180 01       		.byte	0x1
 437 0181 9F       		.byte	0x9f
 438 0182 6B000000 		.4byte	0x6b
 439 0186 50000000 		.4byte	.LLST3
 440 018a 08       		.uleb128 0x8
 441 018b 06000000 		.4byte	.LVL10
 442 018f 03020000 		.4byte	0x203
 443 0193 08       		.uleb128 0x8
 444 0194 14000000 		.4byte	.LVL11
 445 0198 0E020000 		.4byte	0x20e
 446 019c 00       		.byte	0
 447 019d 06       		.uleb128 0x6
 448 019e 0C010000 		.4byte	.LASF23
 449 01a2 01       		.byte	0x1
 450 01a3 BB       		.byte	0xbb
 451 01a4 00000000 		.4byte	.LFB5
 452 01a8 20000000 		.4byte	.LFE5-.LFB5
 453 01ac 01       		.uleb128 0x1
 454 01ad 9C       		.byte	0x9c
 455 01ae F2010000 		.4byte	0x1f2
 456 01b2 09       		.uleb128 0x9
 457 01b3 1F000000 		.4byte	.LASF28
 458 01b7 01       		.byte	0x1
 459 01b8 BB       		.byte	0xbb
 460 01b9 77000000 		.4byte	0x77
 461 01bd 63000000 		.4byte	.LLST4
 462 01c1 07       		.uleb128 0x7
 463 01c2 AC000000 		.4byte	.LASF18
 464 01c6 01       		.byte	0x1
 465 01c7 BD       		.byte	0xbd
 466 01c8 6B000000 		.4byte	0x6b
 467 01cc 8F000000 		.4byte	.LLST5
 468 01d0 07       		.uleb128 0x7
 469 01d1 28010000 		.4byte	.LASF24
 470 01d5 01       		.byte	0x1
 471 01d6 BE       		.byte	0xbe
 472 01d7 77000000 		.4byte	0x77
 473 01db A2000000 		.4byte	.LLST6
 474 01df 08       		.uleb128 0x8
 475 01e0 08000000 		.4byte	.LVL13
 476 01e4 03020000 		.4byte	0x203
 477 01e8 08       		.uleb128 0x8
 478 01e9 18000000 		.4byte	.LVL15
 479 01ed 0E020000 		.4byte	0x20e
 480 01f1 00       		.byte	0
ARM GAS  C:\Users\LAIR\AppData\Local\Temp\cc63h7DG.s 			page 13


 481 01f2 0A       		.uleb128 0xa
 482 01f3 00000000 		.4byte	.LASF29
 483 01f7 01       		.byte	0x1
 484 01f8 11       		.byte	0x11
 485 01f9 77000000 		.4byte	0x77
 486 01fd 05       		.uleb128 0x5
 487 01fe 03       		.byte	0x3
 488 01ff 00000000 		.4byte	IDAC1_initVar
 489 0203 0B       		.uleb128 0xb
 490 0204 D2000000 		.4byte	.LASF30
 491 0208 03       		.byte	0x3
 492 0209 E3       		.byte	0xe3
 493 020a 6B000000 		.4byte	0x6b
 494 020e 0C       		.uleb128 0xc
 495 020f F6000000 		.4byte	.LASF31
 496 0213 03       		.byte	0x3
 497 0214 E4       		.byte	0xe4
 498 0215 0D       		.uleb128 0xd
 499 0216 6B000000 		.4byte	0x6b
 500 021a 00       		.byte	0
 501 021b 00       		.byte	0
 502              		.section	.debug_abbrev,"",%progbits
 503              	.Ldebug_abbrev0:
 504 0000 01       		.uleb128 0x1
 505 0001 11       		.uleb128 0x11
 506 0002 01       		.byte	0x1
 507 0003 25       		.uleb128 0x25
 508 0004 0E       		.uleb128 0xe
 509 0005 13       		.uleb128 0x13
 510 0006 0B       		.uleb128 0xb
 511 0007 03       		.uleb128 0x3
 512 0008 0E       		.uleb128 0xe
 513 0009 1B       		.uleb128 0x1b
 514 000a 0E       		.uleb128 0xe
 515 000b 55       		.uleb128 0x55
 516 000c 17       		.uleb128 0x17
 517 000d 11       		.uleb128 0x11
 518 000e 01       		.uleb128 0x1
 519 000f 10       		.uleb128 0x10
 520 0010 17       		.uleb128 0x17
 521 0011 00       		.byte	0
 522 0012 00       		.byte	0
 523 0013 02       		.uleb128 0x2
 524 0014 24       		.uleb128 0x24
 525 0015 00       		.byte	0
 526 0016 0B       		.uleb128 0xb
 527 0017 0B       		.uleb128 0xb
 528 0018 3E       		.uleb128 0x3e
 529 0019 0B       		.uleb128 0xb
 530 001a 03       		.uleb128 0x3
 531 001b 0E       		.uleb128 0xe
 532 001c 00       		.byte	0
 533 001d 00       		.byte	0
 534 001e 03       		.uleb128 0x3
 535 001f 24       		.uleb128 0x24
 536 0020 00       		.byte	0
 537 0021 0B       		.uleb128 0xb
ARM GAS  C:\Users\LAIR\AppData\Local\Temp\cc63h7DG.s 			page 14


 538 0022 0B       		.uleb128 0xb
 539 0023 3E       		.uleb128 0x3e
 540 0024 0B       		.uleb128 0xb
 541 0025 03       		.uleb128 0x3
 542 0026 08       		.uleb128 0x8
 543 0027 00       		.byte	0
 544 0028 00       		.byte	0
 545 0029 04       		.uleb128 0x4
 546 002a 16       		.uleb128 0x16
 547 002b 00       		.byte	0
 548 002c 03       		.uleb128 0x3
 549 002d 0E       		.uleb128 0xe
 550 002e 3A       		.uleb128 0x3a
 551 002f 0B       		.uleb128 0xb
 552 0030 3B       		.uleb128 0x3b
 553 0031 05       		.uleb128 0x5
 554 0032 49       		.uleb128 0x49
 555 0033 13       		.uleb128 0x13
 556 0034 00       		.byte	0
 557 0035 00       		.byte	0
 558 0036 05       		.uleb128 0x5
 559 0037 35       		.uleb128 0x35
 560 0038 00       		.byte	0
 561 0039 49       		.uleb128 0x49
 562 003a 13       		.uleb128 0x13
 563 003b 00       		.byte	0
 564 003c 00       		.byte	0
 565 003d 06       		.uleb128 0x6
 566 003e 2E       		.uleb128 0x2e
 567 003f 01       		.byte	0x1
 568 0040 3F       		.uleb128 0x3f
 569 0041 19       		.uleb128 0x19
 570 0042 03       		.uleb128 0x3
 571 0043 0E       		.uleb128 0xe
 572 0044 3A       		.uleb128 0x3a
 573 0045 0B       		.uleb128 0xb
 574 0046 3B       		.uleb128 0x3b
 575 0047 0B       		.uleb128 0xb
 576 0048 27       		.uleb128 0x27
 577 0049 19       		.uleb128 0x19
 578 004a 11       		.uleb128 0x11
 579 004b 01       		.uleb128 0x1
 580 004c 12       		.uleb128 0x12
 581 004d 06       		.uleb128 0x6
 582 004e 40       		.uleb128 0x40
 583 004f 18       		.uleb128 0x18
 584 0050 9742     		.uleb128 0x2117
 585 0052 19       		.uleb128 0x19
 586 0053 01       		.uleb128 0x1
 587 0054 13       		.uleb128 0x13
 588 0055 00       		.byte	0
 589 0056 00       		.byte	0
 590 0057 07       		.uleb128 0x7
 591 0058 34       		.uleb128 0x34
 592 0059 00       		.byte	0
 593 005a 03       		.uleb128 0x3
 594 005b 0E       		.uleb128 0xe
ARM GAS  C:\Users\LAIR\AppData\Local\Temp\cc63h7DG.s 			page 15


 595 005c 3A       		.uleb128 0x3a
 596 005d 0B       		.uleb128 0xb
 597 005e 3B       		.uleb128 0x3b
 598 005f 0B       		.uleb128 0xb
 599 0060 49       		.uleb128 0x49
 600 0061 13       		.uleb128 0x13
 601 0062 02       		.uleb128 0x2
 602 0063 17       		.uleb128 0x17
 603 0064 00       		.byte	0
 604 0065 00       		.byte	0
 605 0066 08       		.uleb128 0x8
 606 0067 898201   		.uleb128 0x4109
 607 006a 00       		.byte	0
 608 006b 11       		.uleb128 0x11
 609 006c 01       		.uleb128 0x1
 610 006d 31       		.uleb128 0x31
 611 006e 13       		.uleb128 0x13
 612 006f 00       		.byte	0
 613 0070 00       		.byte	0
 614 0071 09       		.uleb128 0x9
 615 0072 05       		.uleb128 0x5
 616 0073 00       		.byte	0
 617 0074 03       		.uleb128 0x3
 618 0075 0E       		.uleb128 0xe
 619 0076 3A       		.uleb128 0x3a
 620 0077 0B       		.uleb128 0xb
 621 0078 3B       		.uleb128 0x3b
 622 0079 0B       		.uleb128 0xb
 623 007a 49       		.uleb128 0x49
 624 007b 13       		.uleb128 0x13
 625 007c 02       		.uleb128 0x2
 626 007d 17       		.uleb128 0x17
 627 007e 00       		.byte	0
 628 007f 00       		.byte	0
 629 0080 0A       		.uleb128 0xa
 630 0081 34       		.uleb128 0x34
 631 0082 00       		.byte	0
 632 0083 03       		.uleb128 0x3
 633 0084 0E       		.uleb128 0xe
 634 0085 3A       		.uleb128 0x3a
 635 0086 0B       		.uleb128 0xb
 636 0087 3B       		.uleb128 0x3b
 637 0088 0B       		.uleb128 0xb
 638 0089 49       		.uleb128 0x49
 639 008a 13       		.uleb128 0x13
 640 008b 3F       		.uleb128 0x3f
 641 008c 19       		.uleb128 0x19
 642 008d 02       		.uleb128 0x2
 643 008e 18       		.uleb128 0x18
 644 008f 00       		.byte	0
 645 0090 00       		.byte	0
 646 0091 0B       		.uleb128 0xb
 647 0092 2E       		.uleb128 0x2e
 648 0093 00       		.byte	0
 649 0094 3F       		.uleb128 0x3f
 650 0095 19       		.uleb128 0x19
 651 0096 03       		.uleb128 0x3
ARM GAS  C:\Users\LAIR\AppData\Local\Temp\cc63h7DG.s 			page 16


 652 0097 0E       		.uleb128 0xe
 653 0098 3A       		.uleb128 0x3a
 654 0099 0B       		.uleb128 0xb
 655 009a 3B       		.uleb128 0x3b
 656 009b 0B       		.uleb128 0xb
 657 009c 27       		.uleb128 0x27
 658 009d 19       		.uleb128 0x19
 659 009e 49       		.uleb128 0x49
 660 009f 13       		.uleb128 0x13
 661 00a0 3C       		.uleb128 0x3c
 662 00a1 19       		.uleb128 0x19
 663 00a2 00       		.byte	0
 664 00a3 00       		.byte	0
 665 00a4 0C       		.uleb128 0xc
 666 00a5 2E       		.uleb128 0x2e
 667 00a6 01       		.byte	0x1
 668 00a7 3F       		.uleb128 0x3f
 669 00a8 19       		.uleb128 0x19
 670 00a9 03       		.uleb128 0x3
 671 00aa 0E       		.uleb128 0xe
 672 00ab 3A       		.uleb128 0x3a
 673 00ac 0B       		.uleb128 0xb
 674 00ad 3B       		.uleb128 0x3b
 675 00ae 0B       		.uleb128 0xb
 676 00af 27       		.uleb128 0x27
 677 00b0 19       		.uleb128 0x19
 678 00b1 3C       		.uleb128 0x3c
 679 00b2 19       		.uleb128 0x19
 680 00b3 00       		.byte	0
 681 00b4 00       		.byte	0
 682 00b5 0D       		.uleb128 0xd
 683 00b6 05       		.uleb128 0x5
 684 00b7 00       		.byte	0
 685 00b8 49       		.uleb128 0x49
 686 00b9 13       		.uleb128 0x13
 687 00ba 00       		.byte	0
 688 00bb 00       		.byte	0
 689 00bc 00       		.byte	0
 690              		.section	.debug_loc,"",%progbits
 691              	.Ldebug_loc0:
 692              	.LLST0:
 693 0000 10000000 		.4byte	.LVL1
 694 0004 1A000000 		.4byte	.LVL2
 695 0008 0100     		.2byte	0x1
 696 000a 52       		.byte	0x52
 697 000b 1A000000 		.4byte	.LVL2
 698 000f 20000000 		.4byte	.LVL3
 699 0013 0100     		.2byte	0x1
 700 0015 53       		.byte	0x53
 701 0016 20000000 		.4byte	.LVL3
 702 001a 22000000 		.4byte	.LVL4
 703 001e 0200     		.2byte	0x2
 704 0020 71       		.byte	0x71
 705 0021 00       		.sleb128 0
 706 0022 00000000 		.4byte	0
 707 0026 00000000 		.4byte	0
 708              	.LLST1:
ARM GAS  C:\Users\LAIR\AppData\Local\Temp\cc63h7DG.s 			page 17


 709 002a 06000000 		.4byte	.LVL0
 710 002e 3D000000 		.4byte	.LVL5-1
 711 0032 0100     		.2byte	0x1
 712 0034 50       		.byte	0x50
 713 0035 00000000 		.4byte	0
 714 0039 00000000 		.4byte	0
 715              	.LLST2:
 716 003d 06000000 		.4byte	.LVL6
 717 0041 21000000 		.4byte	.LVL7-1
 718 0045 0100     		.2byte	0x1
 719 0047 50       		.byte	0x50
 720 0048 00000000 		.4byte	0
 721 004c 00000000 		.4byte	0
 722              	.LLST3:
 723 0050 06000000 		.4byte	.LVL10
 724 0054 13000000 		.4byte	.LVL11-1
 725 0058 0100     		.2byte	0x1
 726 005a 50       		.byte	0x50
 727 005b 00000000 		.4byte	0
 728 005f 00000000 		.4byte	0
 729              	.LLST4:
 730 0063 00000000 		.4byte	.LVL12
 731 0067 07000000 		.4byte	.LVL13-1
 732 006b 0100     		.2byte	0x1
 733 006d 50       		.byte	0x50
 734 006e 07000000 		.4byte	.LVL13-1
 735 0072 12000000 		.4byte	.LVL14
 736 0076 0100     		.2byte	0x1
 737 0078 54       		.byte	0x54
 738 0079 12000000 		.4byte	.LVL14
 739 007d 20000000 		.4byte	.LFE5
 740 0081 0400     		.2byte	0x4
 741 0083 F3       		.byte	0xf3
 742 0084 01       		.uleb128 0x1
 743 0085 50       		.byte	0x50
 744 0086 9F       		.byte	0x9f
 745 0087 00000000 		.4byte	0
 746 008b 00000000 		.4byte	0
 747              	.LLST5:
 748 008f 08000000 		.4byte	.LVL13
 749 0093 17000000 		.4byte	.LVL15-1
 750 0097 0100     		.2byte	0x1
 751 0099 50       		.byte	0x50
 752 009a 00000000 		.4byte	0
 753 009e 00000000 		.4byte	0
 754              	.LLST6:
 755 00a2 12000000 		.4byte	.LVL14
 756 00a6 18000000 		.4byte	.LVL16
 757 00aa 0100     		.2byte	0x1
 758 00ac 54       		.byte	0x54
 759 00ad 00000000 		.4byte	0
 760 00b1 00000000 		.4byte	0
 761              		.section	.debug_aranges,"",%progbits
 762 0000 3C000000 		.4byte	0x3c
 763 0004 0200     		.2byte	0x2
 764 0006 00000000 		.4byte	.Ldebug_info0
 765 000a 04       		.byte	0x4
ARM GAS  C:\Users\LAIR\AppData\Local\Temp\cc63h7DG.s 			page 18


 766 000b 00       		.byte	0
 767 000c 0000     		.2byte	0
 768 000e 0000     		.2byte	0
 769 0010 00000000 		.4byte	.LFB1
 770 0014 54000000 		.4byte	.LFE1-.LFB1
 771 0018 00000000 		.4byte	.LFB2
 772 001c 2C000000 		.4byte	.LFE2-.LFB2
 773 0020 00000000 		.4byte	.LFB3
 774 0024 20000000 		.4byte	.LFE3-.LFB3
 775 0028 00000000 		.4byte	.LFB4
 776 002c 20000000 		.4byte	.LFE4-.LFB4
 777 0030 00000000 		.4byte	.LFB5
 778 0034 20000000 		.4byte	.LFE5-.LFB5
 779 0038 00000000 		.4byte	0
 780 003c 00000000 		.4byte	0
 781              		.section	.debug_ranges,"",%progbits
 782              	.Ldebug_ranges0:
 783 0000 00000000 		.4byte	.LFB1
 784 0004 54000000 		.4byte	.LFE1
 785 0008 00000000 		.4byte	.LFB2
 786 000c 2C000000 		.4byte	.LFE2
 787 0010 00000000 		.4byte	.LFB3
 788 0014 20000000 		.4byte	.LFE3
 789 0018 00000000 		.4byte	.LFB4
 790 001c 20000000 		.4byte	.LFE4
 791 0020 00000000 		.4byte	.LFB5
 792 0024 20000000 		.4byte	.LFE5
 793 0028 00000000 		.4byte	0
 794 002c 00000000 		.4byte	0
 795              		.section	.debug_line,"",%progbits
 796              	.Ldebug_line0:
 797 0000 C1000000 		.section	.debug_str,"MS",%progbits,1
 797      02004F00 
 797      00000201 
 797      FB0E0D00 
 797      01010101 
 798              	.LASF29:
 799 0000 49444143 		.ascii	"IDAC1_initVar\000"
 799      315F696E 
 799      69745661 
 799      7200
 800              	.LASF15:
 801 000e 72656733 		.ascii	"reg32\000"
 801      3200
 802              	.LASF19:
 803 0014 49444143 		.ascii	"IDAC1_Init\000"
 803      315F496E 
 803      697400
 804              	.LASF28:
 805 001f 76616C75 		.ascii	"value\000"
 805      6500
 806              	.LASF3:
 807 0025 73686F72 		.ascii	"short unsigned int\000"
 807      7420756E 
 807      7369676E 
 807      65642069 
 807      6E7400
ARM GAS  C:\Users\LAIR\AppData\Local\Temp\cc63h7DG.s 			page 19


 808              	.LASF26:
 809 0038 2E5C4765 		.ascii	".\\Generated_Source\\PSoC4\\IDAC1.c\000"
 809      6E657261 
 809      7465645F 
 809      536F7572 
 809      63655C50 
 810              	.LASF11:
 811 0059 666C6F61 		.ascii	"float\000"
 811      7400
 812              	.LASF7:
 813 005f 6C6F6E67 		.ascii	"long long unsigned int\000"
 813      206C6F6E 
 813      6720756E 
 813      7369676E 
 813      65642069 
 814              	.LASF1:
 815 0076 756E7369 		.ascii	"unsigned char\000"
 815      676E6564 
 815      20636861 
 815      7200
 816              	.LASF14:
 817 0084 72656738 		.ascii	"reg8\000"
 817      00
 818              	.LASF5:
 819 0089 6C6F6E67 		.ascii	"long unsigned int\000"
 819      20756E73 
 819      69676E65 
 819      6420696E 
 819      7400
 820              	.LASF9:
 821 009b 75696E74 		.ascii	"uint8\000"
 821      3800
 822              	.LASF22:
 823 00a1 49444143 		.ascii	"IDAC1_Stop\000"
 823      315F5374 
 823      6F7000
 824              	.LASF18:
 825 00ac 656E6162 		.ascii	"enableInterrupts\000"
 825      6C65496E 
 825      74657272 
 825      75707473 
 825      00
 826              	.LASF12:
 827 00bd 646F7562 		.ascii	"double\000"
 827      6C6500
 828              	.LASF17:
 829 00c4 72656756 		.ascii	"regVal\000"
 829      616C00
 830              	.LASF10:
 831 00cb 75696E74 		.ascii	"uint32\000"
 831      333200
 832              	.LASF30:
 833 00d2 4379456E 		.ascii	"CyEnterCriticalSection\000"
 833      74657243 
 833      72697469 
 833      63616C53 
 833      65637469 
ARM GAS  C:\Users\LAIR\AppData\Local\Temp\cc63h7DG.s 			page 20


 834              	.LASF8:
 835 00e9 756E7369 		.ascii	"unsigned int\000"
 835      676E6564 
 835      20696E74 
 835      00
 836              	.LASF31:
 837 00f6 43794578 		.ascii	"CyExitCriticalSection\000"
 837      69744372 
 837      69746963 
 837      616C5365 
 837      6374696F 
 838              	.LASF23:
 839 010c 49444143 		.ascii	"IDAC1_SetValue\000"
 839      315F5365 
 839      7456616C 
 839      756500
 840              	.LASF20:
 841 011b 49444143 		.ascii	"IDAC1_Enable\000"
 841      315F456E 
 841      61626C65 
 841      00
 842              	.LASF24:
 843 0128 6E657752 		.ascii	"newRegisterValue\000"
 843      65676973 
 843      74657256 
 843      616C7565 
 843      00
 844              	.LASF16:
 845 0139 73697A65 		.ascii	"sizetype\000"
 845      74797065 
 845      00
 846              	.LASF6:
 847 0142 6C6F6E67 		.ascii	"long long int\000"
 847      206C6F6E 
 847      6720696E 
 847      7400
 848              	.LASF27:
 849 0150 433A5C55 		.ascii	"C:\\Users\\LAIR\\Documents\\GitHub\\ARC-Controller\\"
 849      73657273 
 849      5C4C4149 
 849      525C446F 
 849      63756D65 
 850 017e 50536F43 		.ascii	"PSoC-Code\\ARC-EMBED.cydsn\000"
 850      2D436F64 
 850      655C4152 
 850      432D454D 
 850      4245442E 
 851              	.LASF25:
 852 0198 474E5520 		.ascii	"GNU C 4.9.3 20150303 (release) [ARM/embedded-4_9-br"
 852      4320342E 
 852      392E3320 
 852      32303135 
 852      30333033 
 853 01cb 616E6368 		.ascii	"anch revision 221220] -mcpu=cortex-m0 -mthumb -g -O"
 853      20726576 
 853      6973696F 
 853      6E203232 
ARM GAS  C:\Users\LAIR\AppData\Local\Temp\cc63h7DG.s 			page 21


 853      31323230 
 854 01fe 67202D66 		.ascii	"g -ffunction-sections -ffat-lto-objects\000"
 854      66756E63 
 854      74696F6E 
 854      2D736563 
 854      74696F6E 
 855              	.LASF2:
 856 0226 73686F72 		.ascii	"short int\000"
 856      7420696E 
 856      7400
 857              	.LASF21:
 858 0230 49444143 		.ascii	"IDAC1_Start\000"
 858      315F5374 
 858      61727400 
 859              	.LASF4:
 860 023c 6C6F6E67 		.ascii	"long int\000"
 860      20696E74 
 860      00
 861              	.LASF13:
 862 0245 63686172 		.ascii	"char\000"
 862      00
 863              	.LASF0:
 864 024a 7369676E 		.ascii	"signed char\000"
 864      65642063 
 864      68617200 
 865              		.ident	"GCC: (GNU Tools for ARM Embedded Processors) 4.9.3 20150303 (release) [ARM/embedded-4_9-br
