ARM GAS  C:\Users\LAIR\AppData\Local\Temp\ccuIJebN.s 			page 1


   1              		.cpu cortex-m0
   2              		.fpu softvfp
   3              		.eabi_attribute 20, 1
   4              		.eabi_attribute 21, 1
   5              		.eabi_attribute 23, 3
   6              		.eabi_attribute 24, 1
   7              		.eabi_attribute 25, 1
   8              		.eabi_attribute 26, 1
   9              		.eabi_attribute 30, 1
  10              		.eabi_attribute 34, 0
  11              		.eabi_attribute 18, 4
  12              		.code	16
  13              		.file	"USBFS_ep1_dma.c"
  14              		.text
  15              	.Ltext0:
  16              		.cfi_sections	.debug_frame
  17              		.section	.text.USBFS_ep1_dma_Init,"ax",%progbits
  18              		.align	2
  19              		.global	USBFS_ep1_dma_Init
  20              		.code	16
  21              		.thumb_func
  22              		.type	USBFS_ep1_dma_Init, %function
  23              	USBFS_ep1_dma_Init:
  24              	.LFB33:
  25              		.file 1 ".\\Generated_Source\\PSoC4\\USBFS_ep1_dma.c"
   1:.\Generated_Source\PSoC4/USBFS_ep1_dma.c **** /*******************************************************************************
   2:.\Generated_Source\PSoC4/USBFS_ep1_dma.c **** * File Name: USBFS_ep1_dma.h
   3:.\Generated_Source\PSoC4/USBFS_ep1_dma.c **** * Version 1.0
   4:.\Generated_Source\PSoC4/USBFS_ep1_dma.c **** *
   5:.\Generated_Source\PSoC4/USBFS_ep1_dma.c **** * Description:
   6:.\Generated_Source\PSoC4/USBFS_ep1_dma.c **** *  This file contains all of the channel DMA API functions.
   7:.\Generated_Source\PSoC4/USBFS_ep1_dma.c **** *
   8:.\Generated_Source\PSoC4/USBFS_ep1_dma.c **** ********************************************************************************
   9:.\Generated_Source\PSoC4/USBFS_ep1_dma.c **** * Copyright 2015, Cypress Semiconductor Corporation. All rights reserved.
  10:.\Generated_Source\PSoC4/USBFS_ep1_dma.c **** * You may use this file only in accordance with the license, terms, conditions,
  11:.\Generated_Source\PSoC4/USBFS_ep1_dma.c **** * disclaimers, and limitations in the end user license agreement accompanying
  12:.\Generated_Source\PSoC4/USBFS_ep1_dma.c **** * the software package with which this file was provided.
  13:.\Generated_Source\PSoC4/USBFS_ep1_dma.c **** *******************************************************************************/
  14:.\Generated_Source\PSoC4/USBFS_ep1_dma.c **** 
  15:.\Generated_Source\PSoC4/USBFS_ep1_dma.c **** #include "USBFS_ep1_dma.h"
  16:.\Generated_Source\PSoC4/USBFS_ep1_dma.c **** 
  17:.\Generated_Source\PSoC4/USBFS_ep1_dma.c **** uint8 USBFS_ep1_dma_initVar = 0u;
  18:.\Generated_Source\PSoC4/USBFS_ep1_dma.c **** 
  19:.\Generated_Source\PSoC4/USBFS_ep1_dma.c **** 
  20:.\Generated_Source\PSoC4/USBFS_ep1_dma.c **** /*******************************************************************************
  21:.\Generated_Source\PSoC4/USBFS_ep1_dma.c **** * Function Name: USBFS_ep1_dma_Start
  22:.\Generated_Source\PSoC4/USBFS_ep1_dma.c **** ********************************************************************************
  23:.\Generated_Source\PSoC4/USBFS_ep1_dma.c **** *
  24:.\Generated_Source\PSoC4/USBFS_ep1_dma.c **** * Summary:
  25:.\Generated_Source\PSoC4/USBFS_ep1_dma.c **** *  Calls Init() to configure the DMA channel based on the customizer settings if
  26:.\Generated_Source\PSoC4/USBFS_ep1_dma.c **** *  the channel has not been initialized before.
  27:.\Generated_Source\PSoC4/USBFS_ep1_dma.c **** *  Sets source and destination address, validates descriptor 0 and enables the
  28:.\Generated_Source\PSoC4/USBFS_ep1_dma.c **** *  channel. After calling this function the DMA channel is active and waiting
  29:.\Generated_Source\PSoC4/USBFS_ep1_dma.c **** *  for a trigger.
  30:.\Generated_Source\PSoC4/USBFS_ep1_dma.c **** *
  31:.\Generated_Source\PSoC4/USBFS_ep1_dma.c **** * Parameters:
  32:.\Generated_Source\PSoC4/USBFS_ep1_dma.c **** *  srcAddress: Address of DMA transfer source for descriptor 0.
ARM GAS  C:\Users\LAIR\AppData\Local\Temp\ccuIJebN.s 			page 2


  33:.\Generated_Source\PSoC4/USBFS_ep1_dma.c **** *  dstAddress: Address of DMA transfer destination for descriptor 0.
  34:.\Generated_Source\PSoC4/USBFS_ep1_dma.c **** *                   
  35:.\Generated_Source\PSoC4/USBFS_ep1_dma.c **** * Return:
  36:.\Generated_Source\PSoC4/USBFS_ep1_dma.c **** *  None.
  37:.\Generated_Source\PSoC4/USBFS_ep1_dma.c **** *
  38:.\Generated_Source\PSoC4/USBFS_ep1_dma.c **** *******************************************************************************/
  39:.\Generated_Source\PSoC4/USBFS_ep1_dma.c **** void USBFS_ep1_dma_Start(void * srcAddress, void * dstAddress)
  40:.\Generated_Source\PSoC4/USBFS_ep1_dma.c **** {
  41:.\Generated_Source\PSoC4/USBFS_ep1_dma.c ****     if(0u == USBFS_ep1_dma_initVar)
  42:.\Generated_Source\PSoC4/USBFS_ep1_dma.c ****     {
  43:.\Generated_Source\PSoC4/USBFS_ep1_dma.c ****         USBFS_ep1_dma_Init();
  44:.\Generated_Source\PSoC4/USBFS_ep1_dma.c ****         USBFS_ep1_dma_initVar = 1u;
  45:.\Generated_Source\PSoC4/USBFS_ep1_dma.c ****     }
  46:.\Generated_Source\PSoC4/USBFS_ep1_dma.c ****     CyDmaEnable();
  47:.\Generated_Source\PSoC4/USBFS_ep1_dma.c ****     USBFS_ep1_dma_SetSrcAddress(0, srcAddress);
  48:.\Generated_Source\PSoC4/USBFS_ep1_dma.c ****     USBFS_ep1_dma_SetDstAddress(0, dstAddress);
  49:.\Generated_Source\PSoC4/USBFS_ep1_dma.c ****     USBFS_ep1_dma_ValidateDescriptor(0);
  50:.\Generated_Source\PSoC4/USBFS_ep1_dma.c ****     USBFS_ep1_dma_ChEnable();
  51:.\Generated_Source\PSoC4/USBFS_ep1_dma.c **** }
  52:.\Generated_Source\PSoC4/USBFS_ep1_dma.c **** 
  53:.\Generated_Source\PSoC4/USBFS_ep1_dma.c **** 
  54:.\Generated_Source\PSoC4/USBFS_ep1_dma.c **** /*******************************************************************************
  55:.\Generated_Source\PSoC4/USBFS_ep1_dma.c **** * Function Name: USBFS_ep1_dma_Init
  56:.\Generated_Source\PSoC4/USBFS_ep1_dma.c **** ********************************************************************************
  57:.\Generated_Source\PSoC4/USBFS_ep1_dma.c **** *
  58:.\Generated_Source\PSoC4/USBFS_ep1_dma.c **** * Summary:
  59:.\Generated_Source\PSoC4/USBFS_ep1_dma.c **** *  Initializes the DMA channel based on the parameters set in the component
  60:.\Generated_Source\PSoC4/USBFS_ep1_dma.c **** *  customizer. It is not necessary to call USBFS_ep1_dma_Init() because the
  61:.\Generated_Source\PSoC4/USBFS_ep1_dma.c **** *  USBFS_ep1_dma_Start() API calls this function, which is the preferred method
  62:.\Generated_Source\PSoC4/USBFS_ep1_dma.c **** *  to begin component operation.
  63:.\Generated_Source\PSoC4/USBFS_ep1_dma.c **** *
  64:.\Generated_Source\PSoC4/USBFS_ep1_dma.c **** * Parameters:
  65:.\Generated_Source\PSoC4/USBFS_ep1_dma.c **** *  None.
  66:.\Generated_Source\PSoC4/USBFS_ep1_dma.c **** *                   
  67:.\Generated_Source\PSoC4/USBFS_ep1_dma.c **** * Return:
  68:.\Generated_Source\PSoC4/USBFS_ep1_dma.c **** *  None.
  69:.\Generated_Source\PSoC4/USBFS_ep1_dma.c **** *
  70:.\Generated_Source\PSoC4/USBFS_ep1_dma.c **** * Side effect:
  71:.\Generated_Source\PSoC4/USBFS_ep1_dma.c **** *  The first descriptor is set to descriptor 0. This function should not be
  72:.\Generated_Source\PSoC4/USBFS_ep1_dma.c **** *  called while the channel is enabled. All settings will be reset to their
  73:.\Generated_Source\PSoC4/USBFS_ep1_dma.c **** *  initial values.
  74:.\Generated_Source\PSoC4/USBFS_ep1_dma.c **** *
  75:.\Generated_Source\PSoC4/USBFS_ep1_dma.c **** *******************************************************************************/
  76:.\Generated_Source\PSoC4/USBFS_ep1_dma.c **** void USBFS_ep1_dma_Init(void)
  77:.\Generated_Source\PSoC4/USBFS_ep1_dma.c **** {
  26              		.loc 1 77 0
  27              		.cfi_startproc
  78:.\Generated_Source\PSoC4/USBFS_ep1_dma.c ****     CYDMA_CH_CTL_BASE.ctl[USBFS_ep1_dma_CHANNEL] = USBFS_ep1_dma_CHANNEL_CFG;
  28              		.loc 1 78 0
  29 0000 C022     		mov	r2, #192
  30 0002 9205     		lsl	r2, r2, #22
  31 0004 054B     		ldr	r3, .L2
  32 0006 1A62     		str	r2, [r3, #32]
  79:.\Generated_Source\PSoC4/USBFS_ep1_dma.c ****     CYDMA_DESCR_BASE.descriptor[USBFS_ep1_dma_CHANNEL][0].ctl = USBFS_ep1_dma_DESCR0_CFG;
  33              		.loc 1 79 0
  34 0008 054B     		ldr	r3, .L2+4
  35 000a 0649     		ldr	r1, .L2+8
ARM GAS  C:\Users\LAIR\AppData\Local\Temp\ccuIJebN.s 			page 3


  36 000c 8422     		mov	r2, #132
  37 000e 5200     		lsl	r2, r2, #1
  38 0010 9950     		str	r1, [r3, r2]
  80:.\Generated_Source\PSoC4/USBFS_ep1_dma.c ****     CYDMA_DESCR_BASE.descriptor[USBFS_ep1_dma_CHANNEL][1].ctl = USBFS_ep1_dma_DESCR1_CFG;
  39              		.loc 1 80 0
  40 0012 0021     		mov	r1, #0
  41 0014 1032     		add	r2, r2, #16
  42 0016 9950     		str	r1, [r3, r2]
  81:.\Generated_Source\PSoC4/USBFS_ep1_dma.c **** 
  82:.\Generated_Source\PSoC4/USBFS_ep1_dma.c ****     /* If the Generate IRQ option is selected for descriptor 0 or 1, set the
  83:.\Generated_Source\PSoC4/USBFS_ep1_dma.c ****     * channel bit field in the DMA interrupt mask register.
  84:.\Generated_Source\PSoC4/USBFS_ep1_dma.c ****     */
  85:.\Generated_Source\PSoC4/USBFS_ep1_dma.c ****     #if (0u != ((USBFS_ep1_dma_DESCR0_CFG | USBFS_ep1_dma_DESCR1_CFG) & CYDMA_GENERATE_IRQ))
  86:.\Generated_Source\PSoC4/USBFS_ep1_dma.c ****         CYDMA_INTR_MASK_REG |= USBFS_ep1_dma_CHANNEL_MASK;
  87:.\Generated_Source\PSoC4/USBFS_ep1_dma.c ****     #endif /* (0u != ((USBFS_ep1_dma_DESCR0_CFG | USBFS_ep1_dma_DESCR1_CFG) & CYDMA_GENERATE_IRQ)) 
  88:.\Generated_Source\PSoC4/USBFS_ep1_dma.c **** }
  43              		.loc 1 88 0
  44              		@ sp needed
  45 0018 7047     		bx	lr
  46              	.L3:
  47 001a C046     		.align	2
  48              	.L2:
  49 001c 80101040 		.word	1074794624
  50 0020 00181040 		.word	1074796544
  51 0024 00004044 		.word	1145044992
  52              		.cfi_endproc
  53              	.LFE33:
  54              		.size	USBFS_ep1_dma_Init, .-USBFS_ep1_dma_Init
  55              		.section	.text.USBFS_ep1_dma_Start,"ax",%progbits
  56              		.align	2
  57              		.global	USBFS_ep1_dma_Start
  58              		.code	16
  59              		.thumb_func
  60              		.type	USBFS_ep1_dma_Start, %function
  61              	USBFS_ep1_dma_Start:
  62              	.LFB32:
  40:.\Generated_Source\PSoC4/USBFS_ep1_dma.c ****     if(0u == USBFS_ep1_dma_initVar)
  63              		.loc 1 40 0
  64              		.cfi_startproc
  65              	.LVL0:
  66 0000 38B5     		push	{r3, r4, r5, lr}
  67              		.cfi_def_cfa_offset 16
  68              		.cfi_offset 3, -16
  69              		.cfi_offset 4, -12
  70              		.cfi_offset 5, -8
  71              		.cfi_offset 14, -4
  72 0002 051C     		mov	r5, r0
  73 0004 0C1C     		mov	r4, r1
  41:.\Generated_Source\PSoC4/USBFS_ep1_dma.c ****     {
  74              		.loc 1 41 0
  75 0006 0E4B     		ldr	r3, .L6
  76 0008 1B78     		ldrb	r3, [r3]
  77 000a 002B     		cmp	r3, #0
  78 000c 04D1     		bne	.L5
  43:.\Generated_Source\PSoC4/USBFS_ep1_dma.c ****         USBFS_ep1_dma_initVar = 1u;
  79              		.loc 1 43 0
  80 000e FFF7FEFF 		bl	USBFS_ep1_dma_Init
ARM GAS  C:\Users\LAIR\AppData\Local\Temp\ccuIJebN.s 			page 4


  81              	.LVL1:
  44:.\Generated_Source\PSoC4/USBFS_ep1_dma.c ****     }
  82              		.loc 1 44 0
  83 0012 0122     		mov	r2, #1
  84 0014 0A4B     		ldr	r3, .L6
  85 0016 1A70     		strb	r2, [r3]
  86              	.L5:
  46:.\Generated_Source\PSoC4/USBFS_ep1_dma.c ****     USBFS_ep1_dma_SetSrcAddress(0, srcAddress);
  87              		.loc 1 46 0
  88 0018 FFF7FEFF 		bl	CyDmaEnable
  89              	.LVL2:
  90              	.LBB10:
  91              	.LBB11:
  92              		.file 2 ".\\Generated_Source\\PSoC4\\USBFS_ep1_dma.h"
   1:.\Generated_Source\PSoC4/USBFS_ep1_dma.h **** /*******************************************************************************
   2:.\Generated_Source\PSoC4/USBFS_ep1_dma.h **** * File Name: USBFS_ep1_dma.h
   3:.\Generated_Source\PSoC4/USBFS_ep1_dma.h **** * Version 1.0
   4:.\Generated_Source\PSoC4/USBFS_ep1_dma.h **** *
   5:.\Generated_Source\PSoC4/USBFS_ep1_dma.h **** * Description:
   6:.\Generated_Source\PSoC4/USBFS_ep1_dma.h **** *  This file provides DMA channel defines and API function definitions.
   7:.\Generated_Source\PSoC4/USBFS_ep1_dma.h **** *
   8:.\Generated_Source\PSoC4/USBFS_ep1_dma.h **** ********************************************************************************
   9:.\Generated_Source\PSoC4/USBFS_ep1_dma.h **** * Copyright 2015, Cypress Semiconductor Corporation. All rights reserved.
  10:.\Generated_Source\PSoC4/USBFS_ep1_dma.h **** * You may use this file only in accordance with the license, terms, conditions,
  11:.\Generated_Source\PSoC4/USBFS_ep1_dma.h **** * disclaimers, and limitations in the end user license agreement accompanying
  12:.\Generated_Source\PSoC4/USBFS_ep1_dma.h **** * the software package with which this file was provided.
  13:.\Generated_Source\PSoC4/USBFS_ep1_dma.h **** *******************************************************************************/
  14:.\Generated_Source\PSoC4/USBFS_ep1_dma.h **** 
  15:.\Generated_Source\PSoC4/USBFS_ep1_dma.h **** #ifndef CY_DMA_CHANNEL_USBFS_ep1_dma_H
  16:.\Generated_Source\PSoC4/USBFS_ep1_dma.h **** #define CY_DMA_CHANNEL_USBFS_ep1_dma_H
  17:.\Generated_Source\PSoC4/USBFS_ep1_dma.h **** 
  18:.\Generated_Source\PSoC4/USBFS_ep1_dma.h **** #include "CyDMA.h"
  19:.\Generated_Source\PSoC4/USBFS_ep1_dma.h **** 
  20:.\Generated_Source\PSoC4/USBFS_ep1_dma.h ****     
  21:.\Generated_Source\PSoC4/USBFS_ep1_dma.h **** /***************************************
  22:.\Generated_Source\PSoC4/USBFS_ep1_dma.h **** *   Conditional Compilation Parameters
  23:.\Generated_Source\PSoC4/USBFS_ep1_dma.h **** ***************************************/
  24:.\Generated_Source\PSoC4/USBFS_ep1_dma.h **** 
  25:.\Generated_Source\PSoC4/USBFS_ep1_dma.h **** #define USBFS_ep1_dma_CHANNEL           (USBFS_ep1_dma__CHANNEL_NUMBER)
  26:.\Generated_Source\PSoC4/USBFS_ep1_dma.h **** #define USBFS_ep1_dma_CHANNEL_MASK      ((uint32)(1UL << USBFS_ep1_dma_CHANNEL))
  27:.\Generated_Source\PSoC4/USBFS_ep1_dma.h **** 
  28:.\Generated_Source\PSoC4/USBFS_ep1_dma.h **** 
  29:.\Generated_Source\PSoC4/USBFS_ep1_dma.h **** /***************************************
  30:.\Generated_Source\PSoC4/USBFS_ep1_dma.h **** *        Function Prototypes
  31:.\Generated_Source\PSoC4/USBFS_ep1_dma.h **** ***************************************/
  32:.\Generated_Source\PSoC4/USBFS_ep1_dma.h **** 
  33:.\Generated_Source\PSoC4/USBFS_ep1_dma.h **** /* Functions specific to this DMA channel */
  34:.\Generated_Source\PSoC4/USBFS_ep1_dma.h **** void USBFS_ep1_dma_Init(void);
  35:.\Generated_Source\PSoC4/USBFS_ep1_dma.h **** void USBFS_ep1_dma_Start(void * srcAddress, void * dstAddress);
  36:.\Generated_Source\PSoC4/USBFS_ep1_dma.h **** 
  37:.\Generated_Source\PSoC4/USBFS_ep1_dma.h **** /* Inline functions that call global API functions */
  38:.\Generated_Source\PSoC4/USBFS_ep1_dma.h **** static void   USBFS_ep1_dma_ChEnable(void);
  39:.\Generated_Source\PSoC4/USBFS_ep1_dma.h **** static void   USBFS_ep1_dma_ChDisable(void);
  40:.\Generated_Source\PSoC4/USBFS_ep1_dma.h **** static void   USBFS_ep1_dma_Trigger(void);
  41:.\Generated_Source\PSoC4/USBFS_ep1_dma.h **** static void   USBFS_ep1_dma_SetPriority(int32 priority);
  42:.\Generated_Source\PSoC4/USBFS_ep1_dma.h **** static int32  USBFS_ep1_dma_GetPriority(void);
  43:.\Generated_Source\PSoC4/USBFS_ep1_dma.h **** static void   USBFS_ep1_dma_SetNextDescriptor(int32 descriptor);
ARM GAS  C:\Users\LAIR\AppData\Local\Temp\ccuIJebN.s 			page 5


  44:.\Generated_Source\PSoC4/USBFS_ep1_dma.h **** static int32  USBFS_ep1_dma_GetNextDescriptor(void);
  45:.\Generated_Source\PSoC4/USBFS_ep1_dma.h **** static void   USBFS_ep1_dma_SetConfiguration(int32 descriptor, const cydma_init_struct * config);
  46:.\Generated_Source\PSoC4/USBFS_ep1_dma.h **** static void   USBFS_ep1_dma_ValidateDescriptor(int32 descriptor);
  47:.\Generated_Source\PSoC4/USBFS_ep1_dma.h **** static uint32 USBFS_ep1_dma_GetDescriptorStatus(int32 descriptor);
  48:.\Generated_Source\PSoC4/USBFS_ep1_dma.h **** static void   USBFS_ep1_dma_SetSrcAddress(int32 descriptor, void * srcAddress);
  49:.\Generated_Source\PSoC4/USBFS_ep1_dma.h **** static void * USBFS_ep1_dma_GetSrcAddress(int32 descriptor);
  50:.\Generated_Source\PSoC4/USBFS_ep1_dma.h **** static void   USBFS_ep1_dma_SetDstAddress(int32 descriptor, void * dstAddress);
  51:.\Generated_Source\PSoC4/USBFS_ep1_dma.h **** static void * USBFS_ep1_dma_GetDstAddress(int32 descriptor);
  52:.\Generated_Source\PSoC4/USBFS_ep1_dma.h **** static void   USBFS_ep1_dma_SetDataElementSize(int32 descriptor, uint32 dataElementSize);
  53:.\Generated_Source\PSoC4/USBFS_ep1_dma.h **** static uint32 USBFS_ep1_dma_GetDataElementSize(int32 descriptor);
  54:.\Generated_Source\PSoC4/USBFS_ep1_dma.h **** static void   USBFS_ep1_dma_SetNumDataElements(int32 descriptor, int32 numDataElements);
  55:.\Generated_Source\PSoC4/USBFS_ep1_dma.h **** static int32  USBFS_ep1_dma_GetNumDataElements(int32 descriptor);
  56:.\Generated_Source\PSoC4/USBFS_ep1_dma.h **** static void   USBFS_ep1_dma_SetSrcDstTransferWidth(int32 descriptor, uint32 transferWidth);
  57:.\Generated_Source\PSoC4/USBFS_ep1_dma.h **** static uint32 USBFS_ep1_dma_GetSrcDstTransferWidth(int32 descriptor);
  58:.\Generated_Source\PSoC4/USBFS_ep1_dma.h **** static void   USBFS_ep1_dma_SetAddressIncrement(int32 descriptor, uint32 addressIncrement);
  59:.\Generated_Source\PSoC4/USBFS_ep1_dma.h **** static uint32 USBFS_ep1_dma_GetAddressIncrement(int32 descriptor);
  60:.\Generated_Source\PSoC4/USBFS_ep1_dma.h **** static void   USBFS_ep1_dma_SetTriggerType(int32 descriptor, uint32 triggerType);
  61:.\Generated_Source\PSoC4/USBFS_ep1_dma.h **** static uint32 USBFS_ep1_dma_GetTriggerType(int32 descriptor);
  62:.\Generated_Source\PSoC4/USBFS_ep1_dma.h **** static void   USBFS_ep1_dma_SetTransferMode(int32 descriptor, uint32 transferMode);
  63:.\Generated_Source\PSoC4/USBFS_ep1_dma.h **** static uint32 USBFS_ep1_dma_GetTransferMode(int32 descriptor);
  64:.\Generated_Source\PSoC4/USBFS_ep1_dma.h **** static void   USBFS_ep1_dma_SetPreemptable(int32 descriptor, uint32 preemptable);
  65:.\Generated_Source\PSoC4/USBFS_ep1_dma.h **** static uint32 USBFS_ep1_dma_GetPreemptable(int32 descriptor);
  66:.\Generated_Source\PSoC4/USBFS_ep1_dma.h **** static void   USBFS_ep1_dma_SetPostCompletionActions(int32 descriptor, uint32 actions);
  67:.\Generated_Source\PSoC4/USBFS_ep1_dma.h **** static uint32 USBFS_ep1_dma_GetPostCompletionAction(int32 descriptor);
  68:.\Generated_Source\PSoC4/USBFS_ep1_dma.h **** static cydma_callback_t USBFS_ep1_dma_SetInterruptCallback(cydma_callback_t callback);
  69:.\Generated_Source\PSoC4/USBFS_ep1_dma.h **** static cydma_callback_t USBFS_ep1_dma_GetInterruptCallback(void);
  70:.\Generated_Source\PSoC4/USBFS_ep1_dma.h **** 
  71:.\Generated_Source\PSoC4/USBFS_ep1_dma.h **** 
  72:.\Generated_Source\PSoC4/USBFS_ep1_dma.h **** /*******************************************************************************
  73:.\Generated_Source\PSoC4/USBFS_ep1_dma.h **** * Function Name: USBFS_ep1_dma_ChEnable
  74:.\Generated_Source\PSoC4/USBFS_ep1_dma.h **** ********************************************************************************
  75:.\Generated_Source\PSoC4/USBFS_ep1_dma.h **** *
  76:.\Generated_Source\PSoC4/USBFS_ep1_dma.h **** * Summary:
  77:.\Generated_Source\PSoC4/USBFS_ep1_dma.h **** *  Enables the DMA channel. It is not necessary to call USBFS_ep1_dma_ChEnable()
  78:.\Generated_Source\PSoC4/USBFS_ep1_dma.h **** *  because the USBFS_ep1_dma_Start() API calls this function, which is the
  79:.\Generated_Source\PSoC4/USBFS_ep1_dma.h **** *  preferred method to begin the component operation.
  80:.\Generated_Source\PSoC4/USBFS_ep1_dma.h **** *
  81:.\Generated_Source\PSoC4/USBFS_ep1_dma.h **** * Parameters:
  82:.\Generated_Source\PSoC4/USBFS_ep1_dma.h **** *  None.
  83:.\Generated_Source\PSoC4/USBFS_ep1_dma.h **** *                   
  84:.\Generated_Source\PSoC4/USBFS_ep1_dma.h **** * Return:
  85:.\Generated_Source\PSoC4/USBFS_ep1_dma.h **** *  None.
  86:.\Generated_Source\PSoC4/USBFS_ep1_dma.h **** *
  87:.\Generated_Source\PSoC4/USBFS_ep1_dma.h **** * Side effect:
  88:.\Generated_Source\PSoC4/USBFS_ep1_dma.h **** *  If this function is called before USBFS_ep1_dma_Start(), or USBFS_ep1_dma_Init()
  89:.\Generated_Source\PSoC4/USBFS_ep1_dma.h **** *  or USBFS_ep1_dma_SetConfiguration(), and USBFS_ep1_dma_SetSrcAddress()
  90:.\Generated_Source\PSoC4/USBFS_ep1_dma.h **** *  and USBFS_ep1_dma_SetDstAddress the operation of the DMA is 
  91:.\Generated_Source\PSoC4/USBFS_ep1_dma.h **** *  undefined and could result in system data corruption. 
  92:.\Generated_Source\PSoC4/USBFS_ep1_dma.h **** *
  93:.\Generated_Source\PSoC4/USBFS_ep1_dma.h **** *******************************************************************************/
  94:.\Generated_Source\PSoC4/USBFS_ep1_dma.h **** static CY_INLINE void USBFS_ep1_dma_ChEnable(void)
  95:.\Generated_Source\PSoC4/USBFS_ep1_dma.h **** {
  96:.\Generated_Source\PSoC4/USBFS_ep1_dma.h ****     CyDmaChEnable(USBFS_ep1_dma_CHANNEL);
  97:.\Generated_Source\PSoC4/USBFS_ep1_dma.h **** }
  98:.\Generated_Source\PSoC4/USBFS_ep1_dma.h **** 
  99:.\Generated_Source\PSoC4/USBFS_ep1_dma.h **** 
 100:.\Generated_Source\PSoC4/USBFS_ep1_dma.h **** /*******************************************************************************
ARM GAS  C:\Users\LAIR\AppData\Local\Temp\ccuIJebN.s 			page 6


 101:.\Generated_Source\PSoC4/USBFS_ep1_dma.h **** * Function Name: USBFS_ep1_dma_ChDisable
 102:.\Generated_Source\PSoC4/USBFS_ep1_dma.h **** ********************************************************************************
 103:.\Generated_Source\PSoC4/USBFS_ep1_dma.h **** *
 104:.\Generated_Source\PSoC4/USBFS_ep1_dma.h **** * Summary:
 105:.\Generated_Source\PSoC4/USBFS_ep1_dma.h **** *  Disables the DMA channel.
 106:.\Generated_Source\PSoC4/USBFS_ep1_dma.h **** *
 107:.\Generated_Source\PSoC4/USBFS_ep1_dma.h **** * Parameters:
 108:.\Generated_Source\PSoC4/USBFS_ep1_dma.h **** *  None.
 109:.\Generated_Source\PSoC4/USBFS_ep1_dma.h **** *                   
 110:.\Generated_Source\PSoC4/USBFS_ep1_dma.h **** * Return:
 111:.\Generated_Source\PSoC4/USBFS_ep1_dma.h **** *  None.
 112:.\Generated_Source\PSoC4/USBFS_ep1_dma.h **** *
 113:.\Generated_Source\PSoC4/USBFS_ep1_dma.h **** * Side effect:
 114:.\Generated_Source\PSoC4/USBFS_ep1_dma.h **** *  If this function is called during a DMA transfer the transfer is aborted. 
 115:.\Generated_Source\PSoC4/USBFS_ep1_dma.h **** *
 116:.\Generated_Source\PSoC4/USBFS_ep1_dma.h **** *******************************************************************************/
 117:.\Generated_Source\PSoC4/USBFS_ep1_dma.h **** static CY_INLINE void USBFS_ep1_dma_ChDisable(void)
 118:.\Generated_Source\PSoC4/USBFS_ep1_dma.h **** {
 119:.\Generated_Source\PSoC4/USBFS_ep1_dma.h ****     CyDmaChDisable(USBFS_ep1_dma_CHANNEL);
 120:.\Generated_Source\PSoC4/USBFS_ep1_dma.h **** }
 121:.\Generated_Source\PSoC4/USBFS_ep1_dma.h **** 
 122:.\Generated_Source\PSoC4/USBFS_ep1_dma.h **** 
 123:.\Generated_Source\PSoC4/USBFS_ep1_dma.h **** /*******************************************************************************
 124:.\Generated_Source\PSoC4/USBFS_ep1_dma.h **** * Function Name: USBFS_ep1_dma_Trigger
 125:.\Generated_Source\PSoC4/USBFS_ep1_dma.h **** ********************************************************************************
 126:.\Generated_Source\PSoC4/USBFS_ep1_dma.h **** *
 127:.\Generated_Source\PSoC4/USBFS_ep1_dma.h **** * Summary:
 128:.\Generated_Source\PSoC4/USBFS_ep1_dma.h **** *  Triggers the DMA channel, this is useful only for software triggers. This is
 129:.\Generated_Source\PSoC4/USBFS_ep1_dma.h **** *  not needed when hardware triggers are used.
 130:.\Generated_Source\PSoC4/USBFS_ep1_dma.h **** *
 131:.\Generated_Source\PSoC4/USBFS_ep1_dma.h **** * Parameters:
 132:.\Generated_Source\PSoC4/USBFS_ep1_dma.h **** *  None.
 133:.\Generated_Source\PSoC4/USBFS_ep1_dma.h **** *                   
 134:.\Generated_Source\PSoC4/USBFS_ep1_dma.h **** * Return:
 135:.\Generated_Source\PSoC4/USBFS_ep1_dma.h **** *  None. 
 136:.\Generated_Source\PSoC4/USBFS_ep1_dma.h **** *
 137:.\Generated_Source\PSoC4/USBFS_ep1_dma.h **** *******************************************************************************/
 138:.\Generated_Source\PSoC4/USBFS_ep1_dma.h **** static CY_INLINE void USBFS_ep1_dma_Trigger(void)
 139:.\Generated_Source\PSoC4/USBFS_ep1_dma.h **** {
 140:.\Generated_Source\PSoC4/USBFS_ep1_dma.h ****     CyDmaTrigger(USBFS_ep1_dma_CHANNEL);
 141:.\Generated_Source\PSoC4/USBFS_ep1_dma.h **** }
 142:.\Generated_Source\PSoC4/USBFS_ep1_dma.h **** 
 143:.\Generated_Source\PSoC4/USBFS_ep1_dma.h **** 
 144:.\Generated_Source\PSoC4/USBFS_ep1_dma.h **** /*******************************************************************************
 145:.\Generated_Source\PSoC4/USBFS_ep1_dma.h **** * Function Name: USBFS_ep1_dma_SetPriority
 146:.\Generated_Source\PSoC4/USBFS_ep1_dma.h **** ********************************************************************************
 147:.\Generated_Source\PSoC4/USBFS_ep1_dma.h **** *
 148:.\Generated_Source\PSoC4/USBFS_ep1_dma.h **** * Summary:
 149:.\Generated_Source\PSoC4/USBFS_ep1_dma.h **** *  Sets the priority for the channel.
 150:.\Generated_Source\PSoC4/USBFS_ep1_dma.h **** *
 151:.\Generated_Source\PSoC4/USBFS_ep1_dma.h **** * Parameters:
 152:.\Generated_Source\PSoC4/USBFS_ep1_dma.h **** *  priority: Priority for channel. Priority can be 0,1,2, or 3.
 153:.\Generated_Source\PSoC4/USBFS_ep1_dma.h **** *            0 is the highest priority.
 154:.\Generated_Source\PSoC4/USBFS_ep1_dma.h **** *                   
 155:.\Generated_Source\PSoC4/USBFS_ep1_dma.h **** * Return:
 156:.\Generated_Source\PSoC4/USBFS_ep1_dma.h **** *  None.
 157:.\Generated_Source\PSoC4/USBFS_ep1_dma.h **** *
ARM GAS  C:\Users\LAIR\AppData\Local\Temp\ccuIJebN.s 			page 7


 158:.\Generated_Source\PSoC4/USBFS_ep1_dma.h **** * Side effect:
 159:.\Generated_Source\PSoC4/USBFS_ep1_dma.h **** *  This function should not be called while the channel is enabled.
 160:.\Generated_Source\PSoC4/USBFS_ep1_dma.h **** *
 161:.\Generated_Source\PSoC4/USBFS_ep1_dma.h **** *******************************************************************************/
 162:.\Generated_Source\PSoC4/USBFS_ep1_dma.h **** static CY_INLINE void USBFS_ep1_dma_SetPriority(int32 priority)
 163:.\Generated_Source\PSoC4/USBFS_ep1_dma.h **** {
 164:.\Generated_Source\PSoC4/USBFS_ep1_dma.h ****     CyDmaSetPriority(USBFS_ep1_dma_CHANNEL, priority);
 165:.\Generated_Source\PSoC4/USBFS_ep1_dma.h **** }
 166:.\Generated_Source\PSoC4/USBFS_ep1_dma.h **** 
 167:.\Generated_Source\PSoC4/USBFS_ep1_dma.h **** 
 168:.\Generated_Source\PSoC4/USBFS_ep1_dma.h **** /*******************************************************************************
 169:.\Generated_Source\PSoC4/USBFS_ep1_dma.h **** * Function Name: USBFS_ep1_dma_GetPriority
 170:.\Generated_Source\PSoC4/USBFS_ep1_dma.h **** ********************************************************************************
 171:.\Generated_Source\PSoC4/USBFS_ep1_dma.h **** *
 172:.\Generated_Source\PSoC4/USBFS_ep1_dma.h **** * Summary:
 173:.\Generated_Source\PSoC4/USBFS_ep1_dma.h **** *  Gets the priority for the channel.
 174:.\Generated_Source\PSoC4/USBFS_ep1_dma.h **** *
 175:.\Generated_Source\PSoC4/USBFS_ep1_dma.h **** * Parameters:
 176:.\Generated_Source\PSoC4/USBFS_ep1_dma.h **** *  None.
 177:.\Generated_Source\PSoC4/USBFS_ep1_dma.h **** *                   
 178:.\Generated_Source\PSoC4/USBFS_ep1_dma.h **** * Return:
 179:.\Generated_Source\PSoC4/USBFS_ep1_dma.h **** *  Priority for channel. Priority can be 0,1,2, or 3. 0 is the highest priority.
 180:.\Generated_Source\PSoC4/USBFS_ep1_dma.h **** *
 181:.\Generated_Source\PSoC4/USBFS_ep1_dma.h **** *******************************************************************************/
 182:.\Generated_Source\PSoC4/USBFS_ep1_dma.h **** static CY_INLINE int32 USBFS_ep1_dma_GetPriority(void)
 183:.\Generated_Source\PSoC4/USBFS_ep1_dma.h **** {
 184:.\Generated_Source\PSoC4/USBFS_ep1_dma.h ****     return (CyDmaGetPriority(USBFS_ep1_dma_CHANNEL));
 185:.\Generated_Source\PSoC4/USBFS_ep1_dma.h **** }
 186:.\Generated_Source\PSoC4/USBFS_ep1_dma.h **** 
 187:.\Generated_Source\PSoC4/USBFS_ep1_dma.h **** 
 188:.\Generated_Source\PSoC4/USBFS_ep1_dma.h **** /*******************************************************************************
 189:.\Generated_Source\PSoC4/USBFS_ep1_dma.h **** * Function Name: USBFS_ep1_dma_SetNextDescriptor
 190:.\Generated_Source\PSoC4/USBFS_ep1_dma.h **** ********************************************************************************
 191:.\Generated_Source\PSoC4/USBFS_ep1_dma.h **** *
 192:.\Generated_Source\PSoC4/USBFS_ep1_dma.h **** * Summary:
 193:.\Generated_Source\PSoC4/USBFS_ep1_dma.h **** *  Sets the descriptor that should be run the next time the channel is
 194:.\Generated_Source\PSoC4/USBFS_ep1_dma.h **** *  triggered.
 195:.\Generated_Source\PSoC4/USBFS_ep1_dma.h **** *
 196:.\Generated_Source\PSoC4/USBFS_ep1_dma.h **** * Parameters:
 197:.\Generated_Source\PSoC4/USBFS_ep1_dma.h **** *  descriptor: Next Descriptor to run (0 or 1).
 198:.\Generated_Source\PSoC4/USBFS_ep1_dma.h **** *                   
 199:.\Generated_Source\PSoC4/USBFS_ep1_dma.h **** * Side effect:
 200:.\Generated_Source\PSoC4/USBFS_ep1_dma.h **** *  This function should not be called while the channel is enabled.
 201:.\Generated_Source\PSoC4/USBFS_ep1_dma.h **** *
 202:.\Generated_Source\PSoC4/USBFS_ep1_dma.h **** *******************************************************************************/
 203:.\Generated_Source\PSoC4/USBFS_ep1_dma.h **** static CY_INLINE void USBFS_ep1_dma_SetNextDescriptor(int32 descriptor)
 204:.\Generated_Source\PSoC4/USBFS_ep1_dma.h **** {
 205:.\Generated_Source\PSoC4/USBFS_ep1_dma.h ****     CyDmaSetNextDescriptor(USBFS_ep1_dma_CHANNEL, descriptor);
 206:.\Generated_Source\PSoC4/USBFS_ep1_dma.h **** }
 207:.\Generated_Source\PSoC4/USBFS_ep1_dma.h **** 
 208:.\Generated_Source\PSoC4/USBFS_ep1_dma.h **** 
 209:.\Generated_Source\PSoC4/USBFS_ep1_dma.h **** /*******************************************************************************
 210:.\Generated_Source\PSoC4/USBFS_ep1_dma.h **** * Function Name: USBFS_ep1_dma_GetNextDescriptor
 211:.\Generated_Source\PSoC4/USBFS_ep1_dma.h **** ********************************************************************************
 212:.\Generated_Source\PSoC4/USBFS_ep1_dma.h **** *
 213:.\Generated_Source\PSoC4/USBFS_ep1_dma.h **** * Summary:
 214:.\Generated_Source\PSoC4/USBFS_ep1_dma.h **** *  Returns the next descriptor that should be run, as set by 
ARM GAS  C:\Users\LAIR\AppData\Local\Temp\ccuIJebN.s 			page 8


 215:.\Generated_Source\PSoC4/USBFS_ep1_dma.h **** *  USBFS_ep1_dma_SetNextDescriptor().
 216:.\Generated_Source\PSoC4/USBFS_ep1_dma.h **** *
 217:.\Generated_Source\PSoC4/USBFS_ep1_dma.h **** * Parameters:
 218:.\Generated_Source\PSoC4/USBFS_ep1_dma.h **** *  None.
 219:.\Generated_Source\PSoC4/USBFS_ep1_dma.h **** *                   
 220:.\Generated_Source\PSoC4/USBFS_ep1_dma.h **** * Return:
 221:.\Generated_Source\PSoC4/USBFS_ep1_dma.h **** *  Next Descriptor to run (0 or 1).
 222:.\Generated_Source\PSoC4/USBFS_ep1_dma.h **** *
 223:.\Generated_Source\PSoC4/USBFS_ep1_dma.h **** *******************************************************************************/
 224:.\Generated_Source\PSoC4/USBFS_ep1_dma.h **** static CY_INLINE int32 USBFS_ep1_dma_GetNextDescriptor(void)
 225:.\Generated_Source\PSoC4/USBFS_ep1_dma.h **** {
 226:.\Generated_Source\PSoC4/USBFS_ep1_dma.h ****     return (CyDmaGetNextDescriptor(USBFS_ep1_dma_CHANNEL));
 227:.\Generated_Source\PSoC4/USBFS_ep1_dma.h **** }
 228:.\Generated_Source\PSoC4/USBFS_ep1_dma.h **** 
 229:.\Generated_Source\PSoC4/USBFS_ep1_dma.h **** 
 230:.\Generated_Source\PSoC4/USBFS_ep1_dma.h **** /*******************************************************************************
 231:.\Generated_Source\PSoC4/USBFS_ep1_dma.h **** * Function Name: USBFS_ep1_dma_SetConfiguration
 232:.\Generated_Source\PSoC4/USBFS_ep1_dma.h **** ********************************************************************************
 233:.\Generated_Source\PSoC4/USBFS_ep1_dma.h **** *
 234:.\Generated_Source\PSoC4/USBFS_ep1_dma.h **** * Summary:
 235:.\Generated_Source\PSoC4/USBFS_ep1_dma.h **** *  Sets configuration information for the specified descriptor.
 236:.\Generated_Source\PSoC4/USBFS_ep1_dma.h **** *
 237:.\Generated_Source\PSoC4/USBFS_ep1_dma.h **** * Parameters:
 238:.\Generated_Source\PSoC4/USBFS_ep1_dma.h **** *  descriptor: Descriptor (0 or 1) modified by this function.
 239:.\Generated_Source\PSoC4/USBFS_ep1_dma.h **** *  config: Pointer to a configuration structure. Refer to cydma_init_struct
 240:.\Generated_Source\PSoC4/USBFS_ep1_dma.h **** *          structure definition in CyDMA_P4.h or the component datasheet.
 241:.\Generated_Source\PSoC4/USBFS_ep1_dma.h **** *                   
 242:.\Generated_Source\PSoC4/USBFS_ep1_dma.h **** * Return:
 243:.\Generated_Source\PSoC4/USBFS_ep1_dma.h **** *  None.
 244:.\Generated_Source\PSoC4/USBFS_ep1_dma.h **** *
 245:.\Generated_Source\PSoC4/USBFS_ep1_dma.h **** * Side effect:
 246:.\Generated_Source\PSoC4/USBFS_ep1_dma.h **** *  The status register associated with the specified descriptor is reset to
 247:.\Generated_Source\PSoC4/USBFS_ep1_dma.h **** *  zero after this function call. This function also validates the descriptor.
 248:.\Generated_Source\PSoC4/USBFS_ep1_dma.h **** *  This function should not be called while the descriptor is active.
 249:.\Generated_Source\PSoC4/USBFS_ep1_dma.h **** *  This can be checked by calling CyDmaGetStatus().
 250:.\Generated_Source\PSoC4/USBFS_ep1_dma.h **** *
 251:.\Generated_Source\PSoC4/USBFS_ep1_dma.h **** *******************************************************************************/
 252:.\Generated_Source\PSoC4/USBFS_ep1_dma.h **** static CY_INLINE void USBFS_ep1_dma_SetConfiguration(int32 descriptor, const cydma_init_struct * co
 253:.\Generated_Source\PSoC4/USBFS_ep1_dma.h **** {
 254:.\Generated_Source\PSoC4/USBFS_ep1_dma.h ****     CyDmaSetConfiguration(USBFS_ep1_dma_CHANNEL, descriptor, config);
 255:.\Generated_Source\PSoC4/USBFS_ep1_dma.h **** }
 256:.\Generated_Source\PSoC4/USBFS_ep1_dma.h **** 
 257:.\Generated_Source\PSoC4/USBFS_ep1_dma.h **** 
 258:.\Generated_Source\PSoC4/USBFS_ep1_dma.h **** /*******************************************************************************
 259:.\Generated_Source\PSoC4/USBFS_ep1_dma.h **** * Function Name: USBFS_ep1_dma_ValidateDescriptor
 260:.\Generated_Source\PSoC4/USBFS_ep1_dma.h **** ********************************************************************************
 261:.\Generated_Source\PSoC4/USBFS_ep1_dma.h **** *
 262:.\Generated_Source\PSoC4/USBFS_ep1_dma.h **** * Summary:
 263:.\Generated_Source\PSoC4/USBFS_ep1_dma.h **** *  Validates the specified descriptor after it has been invalidated.
 264:.\Generated_Source\PSoC4/USBFS_ep1_dma.h **** *
 265:.\Generated_Source\PSoC4/USBFS_ep1_dma.h **** * Parameters:
 266:.\Generated_Source\PSoC4/USBFS_ep1_dma.h **** *  descriptor: Descriptor (0 or 1) modified by this function.
 267:.\Generated_Source\PSoC4/USBFS_ep1_dma.h **** *                   
 268:.\Generated_Source\PSoC4/USBFS_ep1_dma.h **** * Return:
 269:.\Generated_Source\PSoC4/USBFS_ep1_dma.h **** *  None. 
 270:.\Generated_Source\PSoC4/USBFS_ep1_dma.h **** *
 271:.\Generated_Source\PSoC4/USBFS_ep1_dma.h **** * Side effect:
ARM GAS  C:\Users\LAIR\AppData\Local\Temp\ccuIJebN.s 			page 9


 272:.\Generated_Source\PSoC4/USBFS_ep1_dma.h **** *  The status register associated with the specified descriptor is reset to
 273:.\Generated_Source\PSoC4/USBFS_ep1_dma.h **** *  zero after this function call. This function should not be called while the
 274:.\Generated_Source\PSoC4/USBFS_ep1_dma.h **** *  descriptor is active. This can be checked by calling CyDmaGetStatus().
 275:.\Generated_Source\PSoC4/USBFS_ep1_dma.h **** *
 276:.\Generated_Source\PSoC4/USBFS_ep1_dma.h **** *******************************************************************************/
 277:.\Generated_Source\PSoC4/USBFS_ep1_dma.h **** static CY_INLINE void USBFS_ep1_dma_ValidateDescriptor(int32 descriptor)
 278:.\Generated_Source\PSoC4/USBFS_ep1_dma.h **** {
 279:.\Generated_Source\PSoC4/USBFS_ep1_dma.h ****     CyDmaValidateDescriptor(USBFS_ep1_dma_CHANNEL, descriptor);
 280:.\Generated_Source\PSoC4/USBFS_ep1_dma.h **** }
 281:.\Generated_Source\PSoC4/USBFS_ep1_dma.h **** 
 282:.\Generated_Source\PSoC4/USBFS_ep1_dma.h **** 
 283:.\Generated_Source\PSoC4/USBFS_ep1_dma.h **** /*******************************************************************************
 284:.\Generated_Source\PSoC4/USBFS_ep1_dma.h **** * Function Name: USBFS_ep1_dma_GetDescriptorStatus
 285:.\Generated_Source\PSoC4/USBFS_ep1_dma.h **** ********************************************************************************
 286:.\Generated_Source\PSoC4/USBFS_ep1_dma.h **** *
 287:.\Generated_Source\PSoC4/USBFS_ep1_dma.h **** * Summary:
 288:.\Generated_Source\PSoC4/USBFS_ep1_dma.h **** *  Returns the status of the specified descriptor.
 289:.\Generated_Source\PSoC4/USBFS_ep1_dma.h **** *
 290:.\Generated_Source\PSoC4/USBFS_ep1_dma.h **** * Parameters:
 291:.\Generated_Source\PSoC4/USBFS_ep1_dma.h **** *  descriptor: Descriptor (0 or 1) modified by this function.
 292:.\Generated_Source\PSoC4/USBFS_ep1_dma.h **** *                   
 293:.\Generated_Source\PSoC4/USBFS_ep1_dma.h **** * Return:
 294:.\Generated_Source\PSoC4/USBFS_ep1_dma.h **** *  Returns the contents of the specified descriptors status register. Refer to 
 295:.\Generated_Source\PSoC4/USBFS_ep1_dma.h **** *  descriptor status register bit definitions in CyDMA_P4.h or the API
 296:.\Generated_Source\PSoC4/USBFS_ep1_dma.h **** *  description in the DMA channel datasheet for more information.
 297:.\Generated_Source\PSoC4/USBFS_ep1_dma.h **** *
 298:.\Generated_Source\PSoC4/USBFS_ep1_dma.h **** *******************************************************************************/
 299:.\Generated_Source\PSoC4/USBFS_ep1_dma.h **** static CY_INLINE uint32 USBFS_ep1_dma_GetDescriptorStatus(int32 descriptor)
 300:.\Generated_Source\PSoC4/USBFS_ep1_dma.h **** {
 301:.\Generated_Source\PSoC4/USBFS_ep1_dma.h ****     return (CyDmaGetDescriptorStatus(USBFS_ep1_dma_CHANNEL, descriptor));
 302:.\Generated_Source\PSoC4/USBFS_ep1_dma.h **** }
 303:.\Generated_Source\PSoC4/USBFS_ep1_dma.h **** 
 304:.\Generated_Source\PSoC4/USBFS_ep1_dma.h **** 
 305:.\Generated_Source\PSoC4/USBFS_ep1_dma.h **** /*******************************************************************************
 306:.\Generated_Source\PSoC4/USBFS_ep1_dma.h **** * Function Name: USBFS_ep1_dma_SetSrcAddress
 307:.\Generated_Source\PSoC4/USBFS_ep1_dma.h **** ********************************************************************************
 308:.\Generated_Source\PSoC4/USBFS_ep1_dma.h **** *
 309:.\Generated_Source\PSoC4/USBFS_ep1_dma.h **** * Summary:
 310:.\Generated_Source\PSoC4/USBFS_ep1_dma.h **** *  Configures the source address for the specified descriptor.
 311:.\Generated_Source\PSoC4/USBFS_ep1_dma.h **** *
 312:.\Generated_Source\PSoC4/USBFS_ep1_dma.h **** * Parameters:
 313:.\Generated_Source\PSoC4/USBFS_ep1_dma.h **** *  descriptor: Descriptor (0 or 1) modified by this function.
 314:.\Generated_Source\PSoC4/USBFS_ep1_dma.h **** *  srcAddress: Address of DMA transfer source.
 315:.\Generated_Source\PSoC4/USBFS_ep1_dma.h **** *                   
 316:.\Generated_Source\PSoC4/USBFS_ep1_dma.h **** * Return:
 317:.\Generated_Source\PSoC4/USBFS_ep1_dma.h **** *  None.
 318:.\Generated_Source\PSoC4/USBFS_ep1_dma.h **** *
 319:.\Generated_Source\PSoC4/USBFS_ep1_dma.h **** * Side effect:
 320:.\Generated_Source\PSoC4/USBFS_ep1_dma.h **** *  This function should not be called when the specified descriptor is active
 321:.\Generated_Source\PSoC4/USBFS_ep1_dma.h **** *  in the DMA transfer engine. This can be checked by calling CyDmaGetStatus(). 
 322:.\Generated_Source\PSoC4/USBFS_ep1_dma.h **** *
 323:.\Generated_Source\PSoC4/USBFS_ep1_dma.h **** *******************************************************************************/
 324:.\Generated_Source\PSoC4/USBFS_ep1_dma.h **** static CY_INLINE void USBFS_ep1_dma_SetSrcAddress(int32 descriptor, void * srcAddress)
 325:.\Generated_Source\PSoC4/USBFS_ep1_dma.h **** {
 326:.\Generated_Source\PSoC4/USBFS_ep1_dma.h ****     CyDmaSetSrcAddress(USBFS_ep1_dma_CHANNEL, descriptor, srcAddress);
  93              		.loc 2 326 0
  94 001c 0820     		mov	r0, #8
ARM GAS  C:\Users\LAIR\AppData\Local\Temp\ccuIJebN.s 			page 10


  95 001e 0021     		mov	r1, #0
  96 0020 2A1C     		mov	r2, r5
  97 0022 FFF7FEFF 		bl	CyDmaSetSrcAddress
  98              	.LVL3:
  99              	.LBE11:
 100              	.LBE10:
 101              	.LBB12:
 102              	.LBB13:
 327:.\Generated_Source\PSoC4/USBFS_ep1_dma.h **** }
 328:.\Generated_Source\PSoC4/USBFS_ep1_dma.h **** 
 329:.\Generated_Source\PSoC4/USBFS_ep1_dma.h **** 
 330:.\Generated_Source\PSoC4/USBFS_ep1_dma.h **** /*******************************************************************************
 331:.\Generated_Source\PSoC4/USBFS_ep1_dma.h **** * Function Name: USBFS_ep1_dma_GetSrcAddress
 332:.\Generated_Source\PSoC4/USBFS_ep1_dma.h **** ********************************************************************************
 333:.\Generated_Source\PSoC4/USBFS_ep1_dma.h **** *
 334:.\Generated_Source\PSoC4/USBFS_ep1_dma.h **** * Summary:
 335:.\Generated_Source\PSoC4/USBFS_ep1_dma.h **** *  Returns the source address for the specified descriptor, set by either 
 336:.\Generated_Source\PSoC4/USBFS_ep1_dma.h **** *  USBFS_ep1_dma_Start() or USBFS_ep1_dma_SetSrcAddress().
 337:.\Generated_Source\PSoC4/USBFS_ep1_dma.h **** *
 338:.\Generated_Source\PSoC4/USBFS_ep1_dma.h **** * Parameters:
 339:.\Generated_Source\PSoC4/USBFS_ep1_dma.h **** *  descriptor: Specifies descriptor (0 or 1) used by this function.
 340:.\Generated_Source\PSoC4/USBFS_ep1_dma.h **** *                   
 341:.\Generated_Source\PSoC4/USBFS_ep1_dma.h **** * Return:
 342:.\Generated_Source\PSoC4/USBFS_ep1_dma.h **** *  Source address written to specified descriptor.
 343:.\Generated_Source\PSoC4/USBFS_ep1_dma.h **** *
 344:.\Generated_Source\PSoC4/USBFS_ep1_dma.h **** *******************************************************************************/
 345:.\Generated_Source\PSoC4/USBFS_ep1_dma.h **** static CY_INLINE void * USBFS_ep1_dma_GetSrcAddress(int32 descriptor)
 346:.\Generated_Source\PSoC4/USBFS_ep1_dma.h **** {
 347:.\Generated_Source\PSoC4/USBFS_ep1_dma.h ****     return (CyDmaGetSrcAddress(USBFS_ep1_dma_CHANNEL, descriptor));
 348:.\Generated_Source\PSoC4/USBFS_ep1_dma.h **** }
 349:.\Generated_Source\PSoC4/USBFS_ep1_dma.h **** 
 350:.\Generated_Source\PSoC4/USBFS_ep1_dma.h **** 
 351:.\Generated_Source\PSoC4/USBFS_ep1_dma.h **** /*******************************************************************************
 352:.\Generated_Source\PSoC4/USBFS_ep1_dma.h **** * Function Name: USBFS_ep1_dma_SetDstAddress
 353:.\Generated_Source\PSoC4/USBFS_ep1_dma.h **** ********************************************************************************
 354:.\Generated_Source\PSoC4/USBFS_ep1_dma.h **** *
 355:.\Generated_Source\PSoC4/USBFS_ep1_dma.h **** * Summary:
 356:.\Generated_Source\PSoC4/USBFS_ep1_dma.h **** *  Configures the destination address for the specified descriptor.
 357:.\Generated_Source\PSoC4/USBFS_ep1_dma.h **** *
 358:.\Generated_Source\PSoC4/USBFS_ep1_dma.h **** * Parameters:
 359:.\Generated_Source\PSoC4/USBFS_ep1_dma.h **** *  descriptor: Descriptor (0 or 1) modified by this function.
 360:.\Generated_Source\PSoC4/USBFS_ep1_dma.h **** *  dstAddress: Address of DMA transfer destination.
 361:.\Generated_Source\PSoC4/USBFS_ep1_dma.h **** *                   
 362:.\Generated_Source\PSoC4/USBFS_ep1_dma.h **** * Return:
 363:.\Generated_Source\PSoC4/USBFS_ep1_dma.h **** *  None.
 364:.\Generated_Source\PSoC4/USBFS_ep1_dma.h **** *
 365:.\Generated_Source\PSoC4/USBFS_ep1_dma.h **** * Side effect:
 366:.\Generated_Source\PSoC4/USBFS_ep1_dma.h **** *  This function should not be called when the specified descriptor is active
 367:.\Generated_Source\PSoC4/USBFS_ep1_dma.h **** *  in the DMA transfer engine. This can be checked by calling CyDmaGetStatus(). 
 368:.\Generated_Source\PSoC4/USBFS_ep1_dma.h **** *
 369:.\Generated_Source\PSoC4/USBFS_ep1_dma.h **** *******************************************************************************/
 370:.\Generated_Source\PSoC4/USBFS_ep1_dma.h **** static CY_INLINE void USBFS_ep1_dma_SetDstAddress(int32 descriptor, void * dstAddress)
 371:.\Generated_Source\PSoC4/USBFS_ep1_dma.h **** {
 372:.\Generated_Source\PSoC4/USBFS_ep1_dma.h ****     CyDmaSetDstAddress(USBFS_ep1_dma_CHANNEL, descriptor, dstAddress);
 103              		.loc 2 372 0
 104 0026 0820     		mov	r0, #8
 105 0028 0021     		mov	r1, #0
ARM GAS  C:\Users\LAIR\AppData\Local\Temp\ccuIJebN.s 			page 11


 106 002a 221C     		mov	r2, r4
 107 002c FFF7FEFF 		bl	CyDmaSetDstAddress
 108              	.LVL4:
 109              	.LBE13:
 110              	.LBE12:
 111              	.LBB14:
 112              	.LBB15:
 279:.\Generated_Source\PSoC4/USBFS_ep1_dma.h **** }
 113              		.loc 2 279 0
 114 0030 0820     		mov	r0, #8
 115 0032 0021     		mov	r1, #0
 116 0034 FFF7FEFF 		bl	CyDmaValidateDescriptor
 117              	.LVL5:
 118              	.LBE15:
 119              	.LBE14:
 120              	.LBB16:
 121              	.LBB17:
  96:.\Generated_Source\PSoC4/USBFS_ep1_dma.h **** }
 122              		.loc 2 96 0
 123 0038 0820     		mov	r0, #8
 124 003a FFF7FEFF 		bl	CyDmaChEnable
 125              	.LVL6:
 126              	.LBE17:
 127              	.LBE16:
  51:.\Generated_Source\PSoC4/USBFS_ep1_dma.c **** 
 128              		.loc 1 51 0
 129              		@ sp needed
 130              	.LVL7:
 131              	.LVL8:
 132 003e 38BD     		pop	{r3, r4, r5, pc}
 133              	.L7:
 134              		.align	2
 135              	.L6:
 136 0040 00000000 		.word	.LANCHOR0
 137              		.cfi_endproc
 138              	.LFE32:
 139              		.size	USBFS_ep1_dma_Start, .-USBFS_ep1_dma_Start
 140              		.global	USBFS_ep1_dma_initVar
 141              		.bss
 142              		.set	.LANCHOR0,. + 0
 143              		.type	USBFS_ep1_dma_initVar, %object
 144              		.size	USBFS_ep1_dma_initVar, 1
 145              	USBFS_ep1_dma_initVar:
 146 0000 00       		.space	1
 147              		.text
 148              	.Letext0:
 149              		.file 3 ".\\Generated_Source\\PSoC4\\cytypes.h"
 150              		.file 4 ".\\Generated_Source\\PSoC4\\CyDMA.h"
 151              		.section	.debug_info,"",%progbits
 152              	.Ldebug_info0:
 153 0000 5A030000 		.4byte	0x35a
 154 0004 0400     		.2byte	0x4
 155 0006 00000000 		.4byte	.Ldebug_abbrev0
 156 000a 04       		.byte	0x4
 157 000b 01       		.uleb128 0x1
 158 000c DD000000 		.4byte	.LASF30
 159 0010 01       		.byte	0x1
ARM GAS  C:\Users\LAIR\AppData\Local\Temp\ccuIJebN.s 			page 12


 160 0011 79020000 		.4byte	.LASF31
 161 0015 A2020000 		.4byte	.LASF32
 162 0019 00000000 		.4byte	.Ldebug_ranges0+0
 163 001d 00000000 		.4byte	0
 164 0021 00000000 		.4byte	.Ldebug_line0
 165 0025 02       		.uleb128 0x2
 166 0026 01       		.byte	0x1
 167 0027 06       		.byte	0x6
 168 0028 79010000 		.4byte	.LASF0
 169 002c 02       		.uleb128 0x2
 170 002d 01       		.byte	0x1
 171 002e 08       		.byte	0x8
 172 002f 6B010000 		.4byte	.LASF1
 173 0033 02       		.uleb128 0x2
 174 0034 02       		.byte	0x2
 175 0035 05       		.byte	0x5
 176 0036 36000000 		.4byte	.LASF2
 177 003a 02       		.uleb128 0x2
 178 003b 02       		.byte	0x2
 179 003c 07       		.byte	0x7
 180 003d CA010000 		.4byte	.LASF3
 181 0041 02       		.uleb128 0x2
 182 0042 04       		.byte	0x4
 183 0043 05       		.byte	0x5
 184 0044 C1000000 		.4byte	.LASF4
 185 0048 02       		.uleb128 0x2
 186 0049 04       		.byte	0x4
 187 004a 07       		.byte	0x7
 188 004b 5A020000 		.4byte	.LASF5
 189 004f 02       		.uleb128 0x2
 190 0050 08       		.byte	0x8
 191 0051 05       		.byte	0x5
 192 0052 97000000 		.4byte	.LASF6
 193 0056 02       		.uleb128 0x2
 194 0057 08       		.byte	0x8
 195 0058 07       		.byte	0x7
 196 0059 85010000 		.4byte	.LASF7
 197 005d 03       		.uleb128 0x3
 198 005e 04       		.byte	0x4
 199 005f 05       		.byte	0x5
 200 0060 696E7400 		.ascii	"int\000"
 201 0064 02       		.uleb128 0x2
 202 0065 04       		.byte	0x4
 203 0066 07       		.byte	0x7
 204 0067 9C010000 		.4byte	.LASF8
 205 006b 04       		.uleb128 0x4
 206 006c 62000000 		.4byte	.LASF9
 207 0070 03       		.byte	0x3
 208 0071 9801     		.2byte	0x198
 209 0073 2C000000 		.4byte	0x2c
 210 0077 04       		.uleb128 0x4
 211 0078 53020000 		.4byte	.LASF10
 212 007c 03       		.byte	0x3
 213 007d 9A01     		.2byte	0x19a
 214 007f 48000000 		.4byte	0x48
 215 0083 04       		.uleb128 0x4
 216 0084 6C020000 		.4byte	.LASF11
ARM GAS  C:\Users\LAIR\AppData\Local\Temp\ccuIJebN.s 			page 13


 217 0088 03       		.byte	0x3
 218 0089 9D01     		.2byte	0x19d
 219 008b 41000000 		.4byte	0x41
 220 008f 02       		.uleb128 0x2
 221 0090 04       		.byte	0x4
 222 0091 04       		.byte	0x4
 223 0092 7E000000 		.4byte	.LASF12
 224 0096 02       		.uleb128 0x2
 225 0097 08       		.byte	0x8
 226 0098 04       		.byte	0x4
 227 0099 72020000 		.4byte	.LASF13
 228 009d 02       		.uleb128 0x2
 229 009e 01       		.byte	0x1
 230 009f 08       		.byte	0x8
 231 00a0 2B020000 		.4byte	.LASF14
 232 00a4 05       		.uleb128 0x5
 233 00a5 80       		.byte	0x80
 234 00a6 04       		.byte	0x4
 235 00a7 26       		.byte	0x26
 236 00a8 B9000000 		.4byte	0xb9
 237 00ac 06       		.uleb128 0x6
 238 00ad 63746C00 		.ascii	"ctl\000"
 239 00b1 04       		.byte	0x4
 240 00b2 28       		.byte	0x28
 241 00b3 B9000000 		.4byte	0xb9
 242 00b7 00       		.byte	0
 243 00b8 00       		.byte	0
 244 00b9 07       		.uleb128 0x7
 245 00ba 77000000 		.4byte	0x77
 246 00be C9000000 		.4byte	0xc9
 247 00c2 08       		.uleb128 0x8
 248 00c3 C9000000 		.4byte	0xc9
 249 00c7 1F       		.byte	0x1f
 250 00c8 00       		.byte	0
 251 00c9 02       		.uleb128 0x2
 252 00ca 04       		.byte	0x4
 253 00cb 07       		.byte	0x7
 254 00cc 40000000 		.4byte	.LASF15
 255 00d0 09       		.uleb128 0x9
 256 00d1 49000000 		.4byte	.LASF16
 257 00d5 04       		.byte	0x4
 258 00d6 29       		.byte	0x29
 259 00d7 A4000000 		.4byte	0xa4
 260 00db 05       		.uleb128 0x5
 261 00dc 10       		.byte	0x10
 262 00dd 04       		.byte	0x4
 263 00de 2C       		.byte	0x2c
 264 00df 14010000 		.4byte	0x114
 265 00e3 06       		.uleb128 0x6
 266 00e4 73726300 		.ascii	"src\000"
 267 00e8 04       		.byte	0x4
 268 00e9 2E       		.byte	0x2e
 269 00ea 14010000 		.4byte	0x114
 270 00ee 00       		.byte	0
 271 00ef 06       		.uleb128 0x6
 272 00f0 64737400 		.ascii	"dst\000"
 273 00f4 04       		.byte	0x4
ARM GAS  C:\Users\LAIR\AppData\Local\Temp\ccuIJebN.s 			page 14


 274 00f5 2F       		.byte	0x2f
 275 00f6 14010000 		.4byte	0x114
 276 00fa 04       		.byte	0x4
 277 00fb 06       		.uleb128 0x6
 278 00fc 63746C00 		.ascii	"ctl\000"
 279 0100 04       		.byte	0x4
 280 0101 30       		.byte	0x30
 281 0102 77000000 		.4byte	0x77
 282 0106 08       		.byte	0x8
 283 0107 0A       		.uleb128 0xa
 284 0108 DD010000 		.4byte	.LASF17
 285 010c 04       		.byte	0x4
 286 010d 31       		.byte	0x31
 287 010e 77000000 		.4byte	0x77
 288 0112 0C       		.byte	0xc
 289 0113 00       		.byte	0
 290 0114 0B       		.uleb128 0xb
 291 0115 04       		.byte	0x4
 292 0116 09       		.uleb128 0x9
 293 0117 30020000 		.4byte	.LASF18
 294 011b 04       		.byte	0x4
 295 011c 32       		.byte	0x32
 296 011d DB000000 		.4byte	0xdb
 297 0121 0C       		.uleb128 0xc
 298 0122 0004     		.2byte	0x400
 299 0124 04       		.byte	0x4
 300 0125 38       		.byte	0x38
 301 0126 37010000 		.4byte	0x137
 302 012a 0A       		.uleb128 0xa
 303 012b 04030000 		.4byte	.LASF19
 304 012f 04       		.byte	0x4
 305 0130 3A       		.byte	0x3a
 306 0131 37010000 		.4byte	0x137
 307 0135 00       		.byte	0
 308 0136 00       		.byte	0
 309 0137 07       		.uleb128 0x7
 310 0138 16010000 		.4byte	0x116
 311 013c 4D010000 		.4byte	0x14d
 312 0140 08       		.uleb128 0x8
 313 0141 C9000000 		.4byte	0xc9
 314 0145 1F       		.byte	0x1f
 315 0146 08       		.uleb128 0x8
 316 0147 C9000000 		.4byte	0xc9
 317 014b 01       		.byte	0x1
 318 014c 00       		.byte	0
 319 014d 09       		.uleb128 0x9
 320 014e E4010000 		.4byte	.LASF20
 321 0152 04       		.byte	0x4
 322 0153 3B       		.byte	0x3b
 323 0154 21010000 		.4byte	0x121
 324 0158 0D       		.uleb128 0xd
 325 0159 0F030000 		.4byte	.LASF22
 326 015d 02       		.byte	0x2
 327 015e 4401     		.2byte	0x144
 328 0160 03       		.byte	0x3
 329 0161 7E010000 		.4byte	0x17e
 330 0165 0E       		.uleb128 0xe
ARM GAS  C:\Users\LAIR\AppData\Local\Temp\ccuIJebN.s 			page 15


 331 0166 04030000 		.4byte	.LASF19
 332 016a 02       		.byte	0x2
 333 016b 4401     		.2byte	0x144
 334 016d 83000000 		.4byte	0x83
 335 0171 0E       		.uleb128 0xe
 336 0172 48020000 		.4byte	.LASF21
 337 0176 02       		.byte	0x2
 338 0177 4401     		.2byte	0x144
 339 0179 14010000 		.4byte	0x114
 340 017d 00       		.byte	0
 341 017e 0D       		.uleb128 0xd
 342 017f A5000000 		.4byte	.LASF23
 343 0183 02       		.byte	0x2
 344 0184 7201     		.2byte	0x172
 345 0186 03       		.byte	0x3
 346 0187 A4010000 		.4byte	0x1a4
 347 018b 0E       		.uleb128 0xe
 348 018c 04030000 		.4byte	.LASF19
 349 0190 02       		.byte	0x2
 350 0191 7201     		.2byte	0x172
 351 0193 83000000 		.4byte	0x83
 352 0197 0E       		.uleb128 0xe
 353 0198 00000000 		.4byte	.LASF24
 354 019c 02       		.byte	0x2
 355 019d 7201     		.2byte	0x172
 356 019f 14010000 		.4byte	0x114
 357 01a3 00       		.byte	0
 358 01a4 0D       		.uleb128 0xd
 359 01a5 A9010000 		.4byte	.LASF25
 360 01a9 02       		.byte	0x2
 361 01aa 1501     		.2byte	0x115
 362 01ac 03       		.byte	0x3
 363 01ad BE010000 		.4byte	0x1be
 364 01b1 0E       		.uleb128 0xe
 365 01b2 04030000 		.4byte	.LASF19
 366 01b6 02       		.byte	0x2
 367 01b7 1501     		.2byte	0x115
 368 01b9 83000000 		.4byte	0x83
 369 01bd 00       		.byte	0
 370 01be 0F       		.uleb128 0xf
 371 01bf 00020000 		.4byte	.LASF33
 372 01c3 02       		.byte	0x2
 373 01c4 5E       		.byte	0x5e
 374 01c5 03       		.byte	0x3
 375 01c6 10       		.uleb128 0x10
 376 01c7 84000000 		.4byte	.LASF34
 377 01cb 01       		.byte	0x1
 378 01cc 4C       		.byte	0x4c
 379 01cd 00000000 		.4byte	.LFB33
 380 01d1 28000000 		.4byte	.LFE33-.LFB33
 381 01d5 01       		.uleb128 0x1
 382 01d6 9C       		.byte	0x9c
 383 01d7 11       		.uleb128 0x11
 384 01d8 17020000 		.4byte	.LASF35
 385 01dc 01       		.byte	0x1
 386 01dd 27       		.byte	0x27
 387 01de 00000000 		.4byte	.LFB32
ARM GAS  C:\Users\LAIR\AppData\Local\Temp\ccuIJebN.s 			page 16


 388 01e2 44000000 		.4byte	.LFE32-.LFB32
 389 01e6 01       		.uleb128 0x1
 390 01e7 9C       		.byte	0x9c
 391 01e8 E8020000 		.4byte	0x2e8
 392 01ec 12       		.uleb128 0x12
 393 01ed 48020000 		.4byte	.LASF21
 394 01f1 01       		.byte	0x1
 395 01f2 27       		.byte	0x27
 396 01f3 14010000 		.4byte	0x114
 397 01f7 00000000 		.4byte	.LLST0
 398 01fb 12       		.uleb128 0x12
 399 01fc 00000000 		.4byte	.LASF24
 400 0200 01       		.byte	0x1
 401 0201 27       		.byte	0x27
 402 0202 14010000 		.4byte	0x114
 403 0206 2C000000 		.4byte	.LLST1
 404 020a 13       		.uleb128 0x13
 405 020b 58010000 		.4byte	0x158
 406 020f 1C000000 		.4byte	.LBB10
 407 0213 0A000000 		.4byte	.LBE10-.LBB10
 408 0217 01       		.byte	0x1
 409 0218 2F       		.byte	0x2f
 410 0219 47020000 		.4byte	0x247
 411 021d 14       		.uleb128 0x14
 412 021e 71010000 		.4byte	0x171
 413 0222 58000000 		.4byte	.LLST2
 414 0226 15       		.uleb128 0x15
 415 0227 65010000 		.4byte	0x165
 416 022b 00       		.byte	0
 417 022c 16       		.uleb128 0x16
 418 022d 26000000 		.4byte	.LVL3
 419 0231 F9020000 		.4byte	0x2f9
 420 0235 17       		.uleb128 0x17
 421 0236 01       		.uleb128 0x1
 422 0237 52       		.byte	0x52
 423 0238 02       		.uleb128 0x2
 424 0239 75       		.byte	0x75
 425 023a 00       		.sleb128 0
 426 023b 17       		.uleb128 0x17
 427 023c 01       		.uleb128 0x1
 428 023d 51       		.byte	0x51
 429 023e 01       		.uleb128 0x1
 430 023f 30       		.byte	0x30
 431 0240 17       		.uleb128 0x17
 432 0241 01       		.uleb128 0x1
 433 0242 50       		.byte	0x50
 434 0243 01       		.uleb128 0x1
 435 0244 38       		.byte	0x38
 436 0245 00       		.byte	0
 437 0246 00       		.byte	0
 438 0247 13       		.uleb128 0x13
 439 0248 7E010000 		.4byte	0x17e
 440 024c 26000000 		.4byte	.LBB12
 441 0250 0A000000 		.4byte	.LBE12-.LBB12
 442 0254 01       		.byte	0x1
 443 0255 30       		.byte	0x30
 444 0256 84020000 		.4byte	0x284
ARM GAS  C:\Users\LAIR\AppData\Local\Temp\ccuIJebN.s 			page 17


 445 025a 14       		.uleb128 0x14
 446 025b 97010000 		.4byte	0x197
 447 025f 79000000 		.4byte	.LLST3
 448 0263 15       		.uleb128 0x15
 449 0264 8B010000 		.4byte	0x18b
 450 0268 00       		.byte	0
 451 0269 16       		.uleb128 0x16
 452 026a 30000000 		.4byte	.LVL4
 453 026e 14030000 		.4byte	0x314
 454 0272 17       		.uleb128 0x17
 455 0273 01       		.uleb128 0x1
 456 0274 52       		.byte	0x52
 457 0275 02       		.uleb128 0x2
 458 0276 74       		.byte	0x74
 459 0277 00       		.sleb128 0
 460 0278 17       		.uleb128 0x17
 461 0279 01       		.uleb128 0x1
 462 027a 51       		.byte	0x51
 463 027b 01       		.uleb128 0x1
 464 027c 30       		.byte	0x30
 465 027d 17       		.uleb128 0x17
 466 027e 01       		.uleb128 0x1
 467 027f 50       		.byte	0x50
 468 0280 01       		.uleb128 0x1
 469 0281 38       		.byte	0x38
 470 0282 00       		.byte	0
 471 0283 00       		.byte	0
 472 0284 13       		.uleb128 0x13
 473 0285 A4010000 		.4byte	0x1a4
 474 0289 30000000 		.4byte	.LBB14
 475 028d 08000000 		.4byte	.LBE14-.LBB14
 476 0291 01       		.byte	0x1
 477 0292 31       		.byte	0x31
 478 0293 B2020000 		.4byte	0x2b2
 479 0297 15       		.uleb128 0x15
 480 0298 B1010000 		.4byte	0x1b1
 481 029c 00       		.byte	0
 482 029d 16       		.uleb128 0x16
 483 029e 38000000 		.4byte	.LVL5
 484 02a2 2F030000 		.4byte	0x32f
 485 02a6 17       		.uleb128 0x17
 486 02a7 01       		.uleb128 0x1
 487 02a8 51       		.byte	0x51
 488 02a9 01       		.uleb128 0x1
 489 02aa 30       		.byte	0x30
 490 02ab 17       		.uleb128 0x17
 491 02ac 01       		.uleb128 0x1
 492 02ad 50       		.byte	0x50
 493 02ae 01       		.uleb128 0x1
 494 02af 38       		.byte	0x38
 495 02b0 00       		.byte	0
 496 02b1 00       		.byte	0
 497 02b2 13       		.uleb128 0x13
 498 02b3 BE010000 		.4byte	0x1be
 499 02b7 38000000 		.4byte	.LBB16
 500 02bb 06000000 		.4byte	.LBE16-.LBB16
 501 02bf 01       		.byte	0x1
ARM GAS  C:\Users\LAIR\AppData\Local\Temp\ccuIJebN.s 			page 18


 502 02c0 32       		.byte	0x32
 503 02c1 D5020000 		.4byte	0x2d5
 504 02c5 16       		.uleb128 0x16
 505 02c6 3E000000 		.4byte	.LVL6
 506 02ca 45030000 		.4byte	0x345
 507 02ce 17       		.uleb128 0x17
 508 02cf 01       		.uleb128 0x1
 509 02d0 50       		.byte	0x50
 510 02d1 01       		.uleb128 0x1
 511 02d2 38       		.byte	0x38
 512 02d3 00       		.byte	0
 513 02d4 00       		.byte	0
 514 02d5 18       		.uleb128 0x18
 515 02d6 12000000 		.4byte	.LVL1
 516 02da C6010000 		.4byte	0x1c6
 517 02de 18       		.uleb128 0x18
 518 02df 1C000000 		.4byte	.LVL2
 519 02e3 56030000 		.4byte	0x356
 520 02e7 00       		.byte	0
 521 02e8 19       		.uleb128 0x19
 522 02e9 68000000 		.4byte	.LASF36
 523 02ed 01       		.byte	0x1
 524 02ee 11       		.byte	0x11
 525 02ef 6B000000 		.4byte	0x6b
 526 02f3 05       		.uleb128 0x5
 527 02f4 03       		.byte	0x3
 528 02f5 00000000 		.4byte	USBFS_ep1_dma_initVar
 529 02f9 1A       		.uleb128 0x1a
 530 02fa 23000000 		.4byte	.LASF26
 531 02fe 04       		.byte	0x4
 532 02ff 93       		.byte	0x93
 533 0300 14030000 		.4byte	0x314
 534 0304 1B       		.uleb128 0x1b
 535 0305 83000000 		.4byte	0x83
 536 0309 1B       		.uleb128 0x1b
 537 030a 83000000 		.4byte	0x83
 538 030e 1B       		.uleb128 0x1b
 539 030f 14010000 		.4byte	0x114
 540 0313 00       		.byte	0
 541 0314 1A       		.uleb128 0x1a
 542 0315 CA000000 		.4byte	.LASF27
 543 0319 04       		.byte	0x4
 544 031a 96       		.byte	0x96
 545 031b 2F030000 		.4byte	0x32f
 546 031f 1B       		.uleb128 0x1b
 547 0320 83000000 		.4byte	0x83
 548 0324 1B       		.uleb128 0x1b
 549 0325 83000000 		.4byte	0x83
 550 0329 1B       		.uleb128 0x1b
 551 032a 14010000 		.4byte	0x114
 552 032e 00       		.byte	0
 553 032f 1A       		.uleb128 0x1a
 554 0330 0B000000 		.4byte	.LASF28
 555 0334 04       		.byte	0x4
 556 0335 8F       		.byte	0x8f
 557 0336 45030000 		.4byte	0x345
 558 033a 1B       		.uleb128 0x1b
ARM GAS  C:\Users\LAIR\AppData\Local\Temp\ccuIJebN.s 			page 19


 559 033b 83000000 		.4byte	0x83
 560 033f 1B       		.uleb128 0x1b
 561 0340 83000000 		.4byte	0x83
 562 0344 00       		.byte	0
 563 0345 1A       		.uleb128 0x1a
 564 0346 EA020000 		.4byte	.LASF29
 565 034a 04       		.byte	0x4
 566 034b 82       		.byte	0x82
 567 034c 56030000 		.4byte	0x356
 568 0350 1B       		.uleb128 0x1b
 569 0351 83000000 		.4byte	0x83
 570 0355 00       		.byte	0
 571 0356 1C       		.uleb128 0x1c
 572 0357 F8020000 		.4byte	.LASF37
 573 035b 04       		.byte	0x4
 574 035c 6D       		.byte	0x6d
 575 035d 00       		.byte	0
 576              		.section	.debug_abbrev,"",%progbits
 577              	.Ldebug_abbrev0:
 578 0000 01       		.uleb128 0x1
 579 0001 11       		.uleb128 0x11
 580 0002 01       		.byte	0x1
 581 0003 25       		.uleb128 0x25
 582 0004 0E       		.uleb128 0xe
 583 0005 13       		.uleb128 0x13
 584 0006 0B       		.uleb128 0xb
 585 0007 03       		.uleb128 0x3
 586 0008 0E       		.uleb128 0xe
 587 0009 1B       		.uleb128 0x1b
 588 000a 0E       		.uleb128 0xe
 589 000b 55       		.uleb128 0x55
 590 000c 17       		.uleb128 0x17
 591 000d 11       		.uleb128 0x11
 592 000e 01       		.uleb128 0x1
 593 000f 10       		.uleb128 0x10
 594 0010 17       		.uleb128 0x17
 595 0011 00       		.byte	0
 596 0012 00       		.byte	0
 597 0013 02       		.uleb128 0x2
 598 0014 24       		.uleb128 0x24
 599 0015 00       		.byte	0
 600 0016 0B       		.uleb128 0xb
 601 0017 0B       		.uleb128 0xb
 602 0018 3E       		.uleb128 0x3e
 603 0019 0B       		.uleb128 0xb
 604 001a 03       		.uleb128 0x3
 605 001b 0E       		.uleb128 0xe
 606 001c 00       		.byte	0
 607 001d 00       		.byte	0
 608 001e 03       		.uleb128 0x3
 609 001f 24       		.uleb128 0x24
 610 0020 00       		.byte	0
 611 0021 0B       		.uleb128 0xb
 612 0022 0B       		.uleb128 0xb
 613 0023 3E       		.uleb128 0x3e
 614 0024 0B       		.uleb128 0xb
 615 0025 03       		.uleb128 0x3
ARM GAS  C:\Users\LAIR\AppData\Local\Temp\ccuIJebN.s 			page 20


 616 0026 08       		.uleb128 0x8
 617 0027 00       		.byte	0
 618 0028 00       		.byte	0
 619 0029 04       		.uleb128 0x4
 620 002a 16       		.uleb128 0x16
 621 002b 00       		.byte	0
 622 002c 03       		.uleb128 0x3
 623 002d 0E       		.uleb128 0xe
 624 002e 3A       		.uleb128 0x3a
 625 002f 0B       		.uleb128 0xb
 626 0030 3B       		.uleb128 0x3b
 627 0031 05       		.uleb128 0x5
 628 0032 49       		.uleb128 0x49
 629 0033 13       		.uleb128 0x13
 630 0034 00       		.byte	0
 631 0035 00       		.byte	0
 632 0036 05       		.uleb128 0x5
 633 0037 13       		.uleb128 0x13
 634 0038 01       		.byte	0x1
 635 0039 0B       		.uleb128 0xb
 636 003a 0B       		.uleb128 0xb
 637 003b 3A       		.uleb128 0x3a
 638 003c 0B       		.uleb128 0xb
 639 003d 3B       		.uleb128 0x3b
 640 003e 0B       		.uleb128 0xb
 641 003f 01       		.uleb128 0x1
 642 0040 13       		.uleb128 0x13
 643 0041 00       		.byte	0
 644 0042 00       		.byte	0
 645 0043 06       		.uleb128 0x6
 646 0044 0D       		.uleb128 0xd
 647 0045 00       		.byte	0
 648 0046 03       		.uleb128 0x3
 649 0047 08       		.uleb128 0x8
 650 0048 3A       		.uleb128 0x3a
 651 0049 0B       		.uleb128 0xb
 652 004a 3B       		.uleb128 0x3b
 653 004b 0B       		.uleb128 0xb
 654 004c 49       		.uleb128 0x49
 655 004d 13       		.uleb128 0x13
 656 004e 38       		.uleb128 0x38
 657 004f 0B       		.uleb128 0xb
 658 0050 00       		.byte	0
 659 0051 00       		.byte	0
 660 0052 07       		.uleb128 0x7
 661 0053 01       		.uleb128 0x1
 662 0054 01       		.byte	0x1
 663 0055 49       		.uleb128 0x49
 664 0056 13       		.uleb128 0x13
 665 0057 01       		.uleb128 0x1
 666 0058 13       		.uleb128 0x13
 667 0059 00       		.byte	0
 668 005a 00       		.byte	0
 669 005b 08       		.uleb128 0x8
 670 005c 21       		.uleb128 0x21
 671 005d 00       		.byte	0
 672 005e 49       		.uleb128 0x49
ARM GAS  C:\Users\LAIR\AppData\Local\Temp\ccuIJebN.s 			page 21


 673 005f 13       		.uleb128 0x13
 674 0060 2F       		.uleb128 0x2f
 675 0061 0B       		.uleb128 0xb
 676 0062 00       		.byte	0
 677 0063 00       		.byte	0
 678 0064 09       		.uleb128 0x9
 679 0065 16       		.uleb128 0x16
 680 0066 00       		.byte	0
 681 0067 03       		.uleb128 0x3
 682 0068 0E       		.uleb128 0xe
 683 0069 3A       		.uleb128 0x3a
 684 006a 0B       		.uleb128 0xb
 685 006b 3B       		.uleb128 0x3b
 686 006c 0B       		.uleb128 0xb
 687 006d 49       		.uleb128 0x49
 688 006e 13       		.uleb128 0x13
 689 006f 00       		.byte	0
 690 0070 00       		.byte	0
 691 0071 0A       		.uleb128 0xa
 692 0072 0D       		.uleb128 0xd
 693 0073 00       		.byte	0
 694 0074 03       		.uleb128 0x3
 695 0075 0E       		.uleb128 0xe
 696 0076 3A       		.uleb128 0x3a
 697 0077 0B       		.uleb128 0xb
 698 0078 3B       		.uleb128 0x3b
 699 0079 0B       		.uleb128 0xb
 700 007a 49       		.uleb128 0x49
 701 007b 13       		.uleb128 0x13
 702 007c 38       		.uleb128 0x38
 703 007d 0B       		.uleb128 0xb
 704 007e 00       		.byte	0
 705 007f 00       		.byte	0
 706 0080 0B       		.uleb128 0xb
 707 0081 0F       		.uleb128 0xf
 708 0082 00       		.byte	0
 709 0083 0B       		.uleb128 0xb
 710 0084 0B       		.uleb128 0xb
 711 0085 00       		.byte	0
 712 0086 00       		.byte	0
 713 0087 0C       		.uleb128 0xc
 714 0088 13       		.uleb128 0x13
 715 0089 01       		.byte	0x1
 716 008a 0B       		.uleb128 0xb
 717 008b 05       		.uleb128 0x5
 718 008c 3A       		.uleb128 0x3a
 719 008d 0B       		.uleb128 0xb
 720 008e 3B       		.uleb128 0x3b
 721 008f 0B       		.uleb128 0xb
 722 0090 01       		.uleb128 0x1
 723 0091 13       		.uleb128 0x13
 724 0092 00       		.byte	0
 725 0093 00       		.byte	0
 726 0094 0D       		.uleb128 0xd
 727 0095 2E       		.uleb128 0x2e
 728 0096 01       		.byte	0x1
 729 0097 03       		.uleb128 0x3
ARM GAS  C:\Users\LAIR\AppData\Local\Temp\ccuIJebN.s 			page 22


 730 0098 0E       		.uleb128 0xe
 731 0099 3A       		.uleb128 0x3a
 732 009a 0B       		.uleb128 0xb
 733 009b 3B       		.uleb128 0x3b
 734 009c 05       		.uleb128 0x5
 735 009d 27       		.uleb128 0x27
 736 009e 19       		.uleb128 0x19
 737 009f 20       		.uleb128 0x20
 738 00a0 0B       		.uleb128 0xb
 739 00a1 01       		.uleb128 0x1
 740 00a2 13       		.uleb128 0x13
 741 00a3 00       		.byte	0
 742 00a4 00       		.byte	0
 743 00a5 0E       		.uleb128 0xe
 744 00a6 05       		.uleb128 0x5
 745 00a7 00       		.byte	0
 746 00a8 03       		.uleb128 0x3
 747 00a9 0E       		.uleb128 0xe
 748 00aa 3A       		.uleb128 0x3a
 749 00ab 0B       		.uleb128 0xb
 750 00ac 3B       		.uleb128 0x3b
 751 00ad 05       		.uleb128 0x5
 752 00ae 49       		.uleb128 0x49
 753 00af 13       		.uleb128 0x13
 754 00b0 00       		.byte	0
 755 00b1 00       		.byte	0
 756 00b2 0F       		.uleb128 0xf
 757 00b3 2E       		.uleb128 0x2e
 758 00b4 00       		.byte	0
 759 00b5 03       		.uleb128 0x3
 760 00b6 0E       		.uleb128 0xe
 761 00b7 3A       		.uleb128 0x3a
 762 00b8 0B       		.uleb128 0xb
 763 00b9 3B       		.uleb128 0x3b
 764 00ba 0B       		.uleb128 0xb
 765 00bb 27       		.uleb128 0x27
 766 00bc 19       		.uleb128 0x19
 767 00bd 20       		.uleb128 0x20
 768 00be 0B       		.uleb128 0xb
 769 00bf 00       		.byte	0
 770 00c0 00       		.byte	0
 771 00c1 10       		.uleb128 0x10
 772 00c2 2E       		.uleb128 0x2e
 773 00c3 00       		.byte	0
 774 00c4 3F       		.uleb128 0x3f
 775 00c5 19       		.uleb128 0x19
 776 00c6 03       		.uleb128 0x3
 777 00c7 0E       		.uleb128 0xe
 778 00c8 3A       		.uleb128 0x3a
 779 00c9 0B       		.uleb128 0xb
 780 00ca 3B       		.uleb128 0x3b
 781 00cb 0B       		.uleb128 0xb
 782 00cc 27       		.uleb128 0x27
 783 00cd 19       		.uleb128 0x19
 784 00ce 11       		.uleb128 0x11
 785 00cf 01       		.uleb128 0x1
 786 00d0 12       		.uleb128 0x12
ARM GAS  C:\Users\LAIR\AppData\Local\Temp\ccuIJebN.s 			page 23


 787 00d1 06       		.uleb128 0x6
 788 00d2 40       		.uleb128 0x40
 789 00d3 18       		.uleb128 0x18
 790 00d4 9742     		.uleb128 0x2117
 791 00d6 19       		.uleb128 0x19
 792 00d7 00       		.byte	0
 793 00d8 00       		.byte	0
 794 00d9 11       		.uleb128 0x11
 795 00da 2E       		.uleb128 0x2e
 796 00db 01       		.byte	0x1
 797 00dc 3F       		.uleb128 0x3f
 798 00dd 19       		.uleb128 0x19
 799 00de 03       		.uleb128 0x3
 800 00df 0E       		.uleb128 0xe
 801 00e0 3A       		.uleb128 0x3a
 802 00e1 0B       		.uleb128 0xb
 803 00e2 3B       		.uleb128 0x3b
 804 00e3 0B       		.uleb128 0xb
 805 00e4 27       		.uleb128 0x27
 806 00e5 19       		.uleb128 0x19
 807 00e6 11       		.uleb128 0x11
 808 00e7 01       		.uleb128 0x1
 809 00e8 12       		.uleb128 0x12
 810 00e9 06       		.uleb128 0x6
 811 00ea 40       		.uleb128 0x40
 812 00eb 18       		.uleb128 0x18
 813 00ec 9742     		.uleb128 0x2117
 814 00ee 19       		.uleb128 0x19
 815 00ef 01       		.uleb128 0x1
 816 00f0 13       		.uleb128 0x13
 817 00f1 00       		.byte	0
 818 00f2 00       		.byte	0
 819 00f3 12       		.uleb128 0x12
 820 00f4 05       		.uleb128 0x5
 821 00f5 00       		.byte	0
 822 00f6 03       		.uleb128 0x3
 823 00f7 0E       		.uleb128 0xe
 824 00f8 3A       		.uleb128 0x3a
 825 00f9 0B       		.uleb128 0xb
 826 00fa 3B       		.uleb128 0x3b
 827 00fb 0B       		.uleb128 0xb
 828 00fc 49       		.uleb128 0x49
 829 00fd 13       		.uleb128 0x13
 830 00fe 02       		.uleb128 0x2
 831 00ff 17       		.uleb128 0x17
 832 0100 00       		.byte	0
 833 0101 00       		.byte	0
 834 0102 13       		.uleb128 0x13
 835 0103 1D       		.uleb128 0x1d
 836 0104 01       		.byte	0x1
 837 0105 31       		.uleb128 0x31
 838 0106 13       		.uleb128 0x13
 839 0107 11       		.uleb128 0x11
 840 0108 01       		.uleb128 0x1
 841 0109 12       		.uleb128 0x12
 842 010a 06       		.uleb128 0x6
 843 010b 58       		.uleb128 0x58
ARM GAS  C:\Users\LAIR\AppData\Local\Temp\ccuIJebN.s 			page 24


 844 010c 0B       		.uleb128 0xb
 845 010d 59       		.uleb128 0x59
 846 010e 0B       		.uleb128 0xb
 847 010f 01       		.uleb128 0x1
 848 0110 13       		.uleb128 0x13
 849 0111 00       		.byte	0
 850 0112 00       		.byte	0
 851 0113 14       		.uleb128 0x14
 852 0114 05       		.uleb128 0x5
 853 0115 00       		.byte	0
 854 0116 31       		.uleb128 0x31
 855 0117 13       		.uleb128 0x13
 856 0118 02       		.uleb128 0x2
 857 0119 17       		.uleb128 0x17
 858 011a 00       		.byte	0
 859 011b 00       		.byte	0
 860 011c 15       		.uleb128 0x15
 861 011d 05       		.uleb128 0x5
 862 011e 00       		.byte	0
 863 011f 31       		.uleb128 0x31
 864 0120 13       		.uleb128 0x13
 865 0121 1C       		.uleb128 0x1c
 866 0122 0B       		.uleb128 0xb
 867 0123 00       		.byte	0
 868 0124 00       		.byte	0
 869 0125 16       		.uleb128 0x16
 870 0126 898201   		.uleb128 0x4109
 871 0129 01       		.byte	0x1
 872 012a 11       		.uleb128 0x11
 873 012b 01       		.uleb128 0x1
 874 012c 31       		.uleb128 0x31
 875 012d 13       		.uleb128 0x13
 876 012e 00       		.byte	0
 877 012f 00       		.byte	0
 878 0130 17       		.uleb128 0x17
 879 0131 8A8201   		.uleb128 0x410a
 880 0134 00       		.byte	0
 881 0135 02       		.uleb128 0x2
 882 0136 18       		.uleb128 0x18
 883 0137 9142     		.uleb128 0x2111
 884 0139 18       		.uleb128 0x18
 885 013a 00       		.byte	0
 886 013b 00       		.byte	0
 887 013c 18       		.uleb128 0x18
 888 013d 898201   		.uleb128 0x4109
 889 0140 00       		.byte	0
 890 0141 11       		.uleb128 0x11
 891 0142 01       		.uleb128 0x1
 892 0143 31       		.uleb128 0x31
 893 0144 13       		.uleb128 0x13
 894 0145 00       		.byte	0
 895 0146 00       		.byte	0
 896 0147 19       		.uleb128 0x19
 897 0148 34       		.uleb128 0x34
 898 0149 00       		.byte	0
 899 014a 03       		.uleb128 0x3
 900 014b 0E       		.uleb128 0xe
ARM GAS  C:\Users\LAIR\AppData\Local\Temp\ccuIJebN.s 			page 25


 901 014c 3A       		.uleb128 0x3a
 902 014d 0B       		.uleb128 0xb
 903 014e 3B       		.uleb128 0x3b
 904 014f 0B       		.uleb128 0xb
 905 0150 49       		.uleb128 0x49
 906 0151 13       		.uleb128 0x13
 907 0152 3F       		.uleb128 0x3f
 908 0153 19       		.uleb128 0x19
 909 0154 02       		.uleb128 0x2
 910 0155 18       		.uleb128 0x18
 911 0156 00       		.byte	0
 912 0157 00       		.byte	0
 913 0158 1A       		.uleb128 0x1a
 914 0159 2E       		.uleb128 0x2e
 915 015a 01       		.byte	0x1
 916 015b 3F       		.uleb128 0x3f
 917 015c 19       		.uleb128 0x19
 918 015d 03       		.uleb128 0x3
 919 015e 0E       		.uleb128 0xe
 920 015f 3A       		.uleb128 0x3a
 921 0160 0B       		.uleb128 0xb
 922 0161 3B       		.uleb128 0x3b
 923 0162 0B       		.uleb128 0xb
 924 0163 27       		.uleb128 0x27
 925 0164 19       		.uleb128 0x19
 926 0165 3C       		.uleb128 0x3c
 927 0166 19       		.uleb128 0x19
 928 0167 01       		.uleb128 0x1
 929 0168 13       		.uleb128 0x13
 930 0169 00       		.byte	0
 931 016a 00       		.byte	0
 932 016b 1B       		.uleb128 0x1b
 933 016c 05       		.uleb128 0x5
 934 016d 00       		.byte	0
 935 016e 49       		.uleb128 0x49
 936 016f 13       		.uleb128 0x13
 937 0170 00       		.byte	0
 938 0171 00       		.byte	0
 939 0172 1C       		.uleb128 0x1c
 940 0173 2E       		.uleb128 0x2e
 941 0174 00       		.byte	0
 942 0175 3F       		.uleb128 0x3f
 943 0176 19       		.uleb128 0x19
 944 0177 03       		.uleb128 0x3
 945 0178 0E       		.uleb128 0xe
 946 0179 3A       		.uleb128 0x3a
 947 017a 0B       		.uleb128 0xb
 948 017b 3B       		.uleb128 0x3b
 949 017c 0B       		.uleb128 0xb
 950 017d 27       		.uleb128 0x27
 951 017e 19       		.uleb128 0x19
 952 017f 3C       		.uleb128 0x3c
 953 0180 19       		.uleb128 0x19
 954 0181 00       		.byte	0
 955 0182 00       		.byte	0
 956 0183 00       		.byte	0
 957              		.section	.debug_loc,"",%progbits
ARM GAS  C:\Users\LAIR\AppData\Local\Temp\ccuIJebN.s 			page 26


 958              	.Ldebug_loc0:
 959              	.LLST0:
 960 0000 00000000 		.4byte	.LVL0
 961 0004 11000000 		.4byte	.LVL1-1
 962 0008 0100     		.2byte	0x1
 963 000a 50       		.byte	0x50
 964 000b 11000000 		.4byte	.LVL1-1
 965 000f 3E000000 		.4byte	.LVL8
 966 0013 0100     		.2byte	0x1
 967 0015 55       		.byte	0x55
 968 0016 3E000000 		.4byte	.LVL8
 969 001a 44000000 		.4byte	.LFE32
 970 001e 0400     		.2byte	0x4
 971 0020 F3       		.byte	0xf3
 972 0021 01       		.uleb128 0x1
 973 0022 50       		.byte	0x50
 974 0023 9F       		.byte	0x9f
 975 0024 00000000 		.4byte	0
 976 0028 00000000 		.4byte	0
 977              	.LLST1:
 978 002c 00000000 		.4byte	.LVL0
 979 0030 11000000 		.4byte	.LVL1-1
 980 0034 0100     		.2byte	0x1
 981 0036 51       		.byte	0x51
 982 0037 11000000 		.4byte	.LVL1-1
 983 003b 3E000000 		.4byte	.LVL7
 984 003f 0100     		.2byte	0x1
 985 0041 54       		.byte	0x54
 986 0042 3E000000 		.4byte	.LVL7
 987 0046 44000000 		.4byte	.LFE32
 988 004a 0400     		.2byte	0x4
 989 004c F3       		.byte	0xf3
 990 004d 01       		.uleb128 0x1
 991 004e 51       		.byte	0x51
 992 004f 9F       		.byte	0x9f
 993 0050 00000000 		.4byte	0
 994 0054 00000000 		.4byte	0
 995              	.LLST2:
 996 0058 1C000000 		.4byte	.LVL2
 997 005c 3E000000 		.4byte	.LVL8
 998 0060 0100     		.2byte	0x1
 999 0062 55       		.byte	0x55
 1000 0063 3E000000 		.4byte	.LVL8
 1001 0067 44000000 		.4byte	.LFE32
 1002 006b 0400     		.2byte	0x4
 1003 006d F3       		.byte	0xf3
 1004 006e 01       		.uleb128 0x1
 1005 006f 50       		.byte	0x50
 1006 0070 9F       		.byte	0x9f
 1007 0071 00000000 		.4byte	0
 1008 0075 00000000 		.4byte	0
 1009              	.LLST3:
 1010 0079 26000000 		.4byte	.LVL3
 1011 007d 3E000000 		.4byte	.LVL7
 1012 0081 0100     		.2byte	0x1
 1013 0083 54       		.byte	0x54
 1014 0084 3E000000 		.4byte	.LVL7
ARM GAS  C:\Users\LAIR\AppData\Local\Temp\ccuIJebN.s 			page 27


 1015 0088 44000000 		.4byte	.LFE32
 1016 008c 0400     		.2byte	0x4
 1017 008e F3       		.byte	0xf3
 1018 008f 01       		.uleb128 0x1
 1019 0090 51       		.byte	0x51
 1020 0091 9F       		.byte	0x9f
 1021 0092 00000000 		.4byte	0
 1022 0096 00000000 		.4byte	0
 1023              		.section	.debug_aranges,"",%progbits
 1024 0000 24000000 		.4byte	0x24
 1025 0004 0200     		.2byte	0x2
 1026 0006 00000000 		.4byte	.Ldebug_info0
 1027 000a 04       		.byte	0x4
 1028 000b 00       		.byte	0
 1029 000c 0000     		.2byte	0
 1030 000e 0000     		.2byte	0
 1031 0010 00000000 		.4byte	.LFB33
 1032 0014 28000000 		.4byte	.LFE33-.LFB33
 1033 0018 00000000 		.4byte	.LFB32
 1034 001c 44000000 		.4byte	.LFE32-.LFB32
 1035 0020 00000000 		.4byte	0
 1036 0024 00000000 		.4byte	0
 1037              		.section	.debug_ranges,"",%progbits
 1038              	.Ldebug_ranges0:
 1039 0000 00000000 		.4byte	.LFB33
 1040 0004 28000000 		.4byte	.LFE33
 1041 0008 00000000 		.4byte	.LFB32
 1042 000c 44000000 		.4byte	.LFE32
 1043 0010 00000000 		.4byte	0
 1044 0014 00000000 		.4byte	0
 1045              		.section	.debug_line,"",%progbits
 1046              	.Ldebug_line0:
 1047 0000 AD000000 		.section	.debug_str,"MS",%progbits,1
 1047      02006A00 
 1047      00000201 
 1047      FB0E0D00 
 1047      01010101 
 1048              	.LASF24:
 1049 0000 64737441 		.ascii	"dstAddress\000"
 1049      64647265 
 1049      737300
 1050              	.LASF28:
 1051 000b 4379446D 		.ascii	"CyDmaValidateDescriptor\000"
 1051      6156616C 
 1051      69646174 
 1051      65446573 
 1051      63726970 
 1052              	.LASF26:
 1053 0023 4379446D 		.ascii	"CyDmaSetSrcAddress\000"
 1053      61536574 
 1053      53726341 
 1053      64647265 
 1053      737300
 1054              	.LASF2:
 1055 0036 73686F72 		.ascii	"short int\000"
 1055      7420696E 
 1055      7400
ARM GAS  C:\Users\LAIR\AppData\Local\Temp\ccuIJebN.s 			page 28


 1056              	.LASF15:
 1057 0040 73697A65 		.ascii	"sizetype\000"
 1057      74797065 
 1057      00
 1058              	.LASF16:
 1059 0049 6379646D 		.ascii	"cydma_channel_ctl_struct\000"
 1059      615F6368 
 1059      616E6E65 
 1059      6C5F6374 
 1059      6C5F7374 
 1060              	.LASF9:
 1061 0062 75696E74 		.ascii	"uint8\000"
 1061      3800
 1062              	.LASF36:
 1063 0068 55534246 		.ascii	"USBFS_ep1_dma_initVar\000"
 1063      535F6570 
 1063      315F646D 
 1063      615F696E 
 1063      69745661 
 1064              	.LASF12:
 1065 007e 666C6F61 		.ascii	"float\000"
 1065      7400
 1066              	.LASF34:
 1067 0084 55534246 		.ascii	"USBFS_ep1_dma_Init\000"
 1067      535F6570 
 1067      315F646D 
 1067      615F496E 
 1067      697400
 1068              	.LASF6:
 1069 0097 6C6F6E67 		.ascii	"long long int\000"
 1069      206C6F6E 
 1069      6720696E 
 1069      7400
 1070              	.LASF23:
 1071 00a5 55534246 		.ascii	"USBFS_ep1_dma_SetDstAddress\000"
 1071      535F6570 
 1071      315F646D 
 1071      615F5365 
 1071      74447374 
 1072              	.LASF4:
 1073 00c1 6C6F6E67 		.ascii	"long int\000"
 1073      20696E74 
 1073      00
 1074              	.LASF27:
 1075 00ca 4379446D 		.ascii	"CyDmaSetDstAddress\000"
 1075      61536574 
 1075      44737441 
 1075      64647265 
 1075      737300
 1076              	.LASF30:
 1077 00dd 474E5520 		.ascii	"GNU C 4.9.3 20150303 (release) [ARM/embedded-4_9-br"
 1077      4320342E 
 1077      392E3320 
 1077      32303135 
 1077      30333033 
 1078 0110 616E6368 		.ascii	"anch revision 221220] -mcpu=cortex-m0 -mthumb -g -O"
 1078      20726576 
ARM GAS  C:\Users\LAIR\AppData\Local\Temp\ccuIJebN.s 			page 29


 1078      6973696F 
 1078      6E203232 
 1078      31323230 
 1079 0143 67202D66 		.ascii	"g -ffunction-sections -ffat-lto-objects\000"
 1079      66756E63 
 1079      74696F6E 
 1079      2D736563 
 1079      74696F6E 
 1080              	.LASF1:
 1081 016b 756E7369 		.ascii	"unsigned char\000"
 1081      676E6564 
 1081      20636861 
 1081      7200
 1082              	.LASF0:
 1083 0179 7369676E 		.ascii	"signed char\000"
 1083      65642063 
 1083      68617200 
 1084              	.LASF7:
 1085 0185 6C6F6E67 		.ascii	"long long unsigned int\000"
 1085      206C6F6E 
 1085      6720756E 
 1085      7369676E 
 1085      65642069 
 1086              	.LASF8:
 1087 019c 756E7369 		.ascii	"unsigned int\000"
 1087      676E6564 
 1087      20696E74 
 1087      00
 1088              	.LASF25:
 1089 01a9 55534246 		.ascii	"USBFS_ep1_dma_ValidateDescriptor\000"
 1089      535F6570 
 1089      315F646D 
 1089      615F5661 
 1089      6C696461 
 1090              	.LASF3:
 1091 01ca 73686F72 		.ascii	"short unsigned int\000"
 1091      7420756E 
 1091      7369676E 
 1091      65642069 
 1091      6E7400
 1092              	.LASF17:
 1093 01dd 73746174 		.ascii	"status\000"
 1093      757300
 1094              	.LASF20:
 1095 01e4 6379646D 		.ascii	"cydma_descriptor_ram_struct\000"
 1095      615F6465 
 1095      73637269 
 1095      70746F72 
 1095      5F72616D 
 1096              	.LASF33:
 1097 0200 55534246 		.ascii	"USBFS_ep1_dma_ChEnable\000"
 1097      535F6570 
 1097      315F646D 
 1097      615F4368 
 1097      456E6162 
 1098              	.LASF35:
 1099 0217 55534246 		.ascii	"USBFS_ep1_dma_Start\000"
ARM GAS  C:\Users\LAIR\AppData\Local\Temp\ccuIJebN.s 			page 30


 1099      535F6570 
 1099      315F646D 
 1099      615F5374 
 1099      61727400 
 1100              	.LASF14:
 1101 022b 63686172 		.ascii	"char\000"
 1101      00
 1102              	.LASF18:
 1103 0230 6379646D 		.ascii	"cydma_descriptor_struct\000"
 1103      615F6465 
 1103      73637269 
 1103      70746F72 
 1103      5F737472 
 1104              	.LASF21:
 1105 0248 73726341 		.ascii	"srcAddress\000"
 1105      64647265 
 1105      737300
 1106              	.LASF10:
 1107 0253 75696E74 		.ascii	"uint32\000"
 1107      333200
 1108              	.LASF5:
 1109 025a 6C6F6E67 		.ascii	"long unsigned int\000"
 1109      20756E73 
 1109      69676E65 
 1109      6420696E 
 1109      7400
 1110              	.LASF11:
 1111 026c 696E7433 		.ascii	"int32\000"
 1111      3200
 1112              	.LASF13:
 1113 0272 646F7562 		.ascii	"double\000"
 1113      6C6500
 1114              	.LASF31:
 1115 0279 2E5C4765 		.ascii	".\\Generated_Source\\PSoC4\\USBFS_ep1_dma.c\000"
 1115      6E657261 
 1115      7465645F 
 1115      536F7572 
 1115      63655C50 
 1116              	.LASF32:
 1117 02a2 433A5C55 		.ascii	"C:\\Users\\LAIR\\Documents\\GitHub\\ARC-Controller\\"
 1117      73657273 
 1117      5C4C4149 
 1117      525C446F 
 1117      63756D65 
 1118 02d0 50536F43 		.ascii	"PSoC-Code\\ARC-EMBED.cydsn\000"
 1118      2D436F64 
 1118      655C4152 
 1118      432D454D 
 1118      4245442E 
 1119              	.LASF29:
 1120 02ea 4379446D 		.ascii	"CyDmaChEnable\000"
 1120      61436845 
 1120      6E61626C 
 1120      6500
 1121              	.LASF37:
 1122 02f8 4379446D 		.ascii	"CyDmaEnable\000"
 1122      61456E61 
ARM GAS  C:\Users\LAIR\AppData\Local\Temp\ccuIJebN.s 			page 31


 1122      626C6500 
 1123              	.LASF19:
 1124 0304 64657363 		.ascii	"descriptor\000"
 1124      72697074 
 1124      6F7200
 1125              	.LASF22:
 1126 030f 55534246 		.ascii	"USBFS_ep1_dma_SetSrcAddress\000"
 1126      535F6570 
 1126      315F646D 
 1126      615F5365 
 1126      74537263 
 1127              		.ident	"GCC: (GNU Tools for ARM Embedded Processors) 4.9.3 20150303 (release) [ARM/embedded-4_9-br
